Archive member included to satisfy reference by file (symbol)

c:/notcdr~1/allsof~1/armtoo~1/125863~1.3re/bin/../lib/gcc/arm-none-eabi/12.3.1/thumb/v6-m/nofp\libgcc.a(_dvmd_tls.o)
                              CMakeFiles/temp-sensor.dir/C_/notcdrive/jeevan/30daysofjavascript/pico-sdk/src/rp2_common/pico_divider/divider.S.obj (__aeabi_idiv0)
c:/notcdr~1/allsof~1/armtoo~1/125863~1.3re/bin/../lib/gcc/arm-none-eabi/12.3.1/thumb/v6-m/nofp\libc.a(libc_a-calloc.o)
                              CMakeFiles/temp-sensor.dir/C_/notcdrive/jeevan/30daysofjavascript/pico-sdk/src/rp2_common/pico_malloc/pico_malloc.c.obj (calloc)
c:/notcdr~1/allsof~1/armtoo~1/125863~1.3re/bin/../lib/gcc/arm-none-eabi/12.3.1/thumb/v6-m/nofp\libc.a(libc_a-callocr.o)
                              c:/notcdr~1/allsof~1/armtoo~1/125863~1.3re/bin/../lib/gcc/arm-none-eabi/12.3.1/thumb/v6-m/nofp\libc.a(libc_a-calloc.o) (_calloc_r)
c:/notcdr~1/allsof~1/armtoo~1/125863~1.3re/bin/../lib/gcc/arm-none-eabi/12.3.1/thumb/v6-m/nofp\libc.a(libc_a-malloc.o)
                              CMakeFiles/temp-sensor.dir/C_/notcdrive/jeevan/30daysofjavascript/pico-sdk/src/rp2_common/pico_malloc/pico_malloc.c.obj (malloc)
c:/notcdr~1/allsof~1/armtoo~1/125863~1.3re/bin/../lib/gcc/arm-none-eabi/12.3.1/thumb/v6-m/nofp\libc.a(libc_a-mallocr.o)
                              c:/notcdr~1/allsof~1/armtoo~1/125863~1.3re/bin/../lib/gcc/arm-none-eabi/12.3.1/thumb/v6-m/nofp\libc.a(libc_a-callocr.o) (_malloc_r)
c:/notcdr~1/allsof~1/armtoo~1/125863~1.3re/bin/../lib/gcc/arm-none-eabi/12.3.1/thumb/v6-m/nofp\libc.a(libc_a-mlock.o)
                              c:/notcdr~1/allsof~1/armtoo~1/125863~1.3re/bin/../lib/gcc/arm-none-eabi/12.3.1/thumb/v6-m/nofp\libc.a(libc_a-mallocr.o) (__malloc_lock)
c:/notcdr~1/allsof~1/armtoo~1/125863~1.3re/bin/../lib/gcc/arm-none-eabi/12.3.1/thumb/v6-m/nofp\libc.a(libc_a-realloc.o)
                              CMakeFiles/temp-sensor.dir/C_/notcdrive/jeevan/30daysofjavascript/pico-sdk/src/rp2_common/pico_malloc/pico_malloc.c.obj (realloc)
c:/notcdr~1/allsof~1/armtoo~1/125863~1.3re/bin/../lib/gcc/arm-none-eabi/12.3.1/thumb/v6-m/nofp\libc.a(libc_a-reallocr.o)
                              c:/notcdr~1/allsof~1/armtoo~1/125863~1.3re/bin/../lib/gcc/arm-none-eabi/12.3.1/thumb/v6-m/nofp\libc.a(libc_a-realloc.o) (_realloc_r)
c:/notcdr~1/allsof~1/armtoo~1/125863~1.3re/bin/../lib/gcc/arm-none-eabi/12.3.1/thumb/v6-m/nofp\libc.a(libc_a-scanf.o)
                              CMakeFiles/temp-sensor.dir/menu_handler.cpp.obj (scanf)
c:/notcdr~1/allsof~1/armtoo~1/125863~1.3re/bin/../lib/gcc/arm-none-eabi/12.3.1/thumb/v6-m/nofp\libc.a(libc_a-memmove.o)
                              c:/notcdr~1/allsof~1/armtoo~1/125863~1.3re/bin/../lib/gcc/arm-none-eabi/12.3.1/thumb/v6-m/nofp\libc.a(libc_a-reallocr.o) (memmove)
c:/notcdr~1/allsof~1/armtoo~1/125863~1.3re/bin/../lib/gcc/arm-none-eabi/12.3.1/thumb/v6-m/nofp\libc.a(libc_a-impure.o)
                              c:/notcdr~1/allsof~1/armtoo~1/125863~1.3re/bin/../lib/gcc/arm-none-eabi/12.3.1/thumb/v6-m/nofp\libc.a(libc_a-calloc.o) (_impure_ptr)
c:/notcdr~1/allsof~1/armtoo~1/125863~1.3re/bin/../lib/gcc/arm-none-eabi/12.3.1/thumb/v6-m/nofp\libc.a(libc_a-sbrkr.o)
                              c:/notcdr~1/allsof~1/armtoo~1/125863~1.3re/bin/../lib/gcc/arm-none-eabi/12.3.1/thumb/v6-m/nofp\libc.a(libc_a-mallocr.o) (_sbrk_r)
c:/notcdr~1/allsof~1/armtoo~1/125863~1.3re/bin/../lib/gcc/arm-none-eabi/12.3.1/thumb/v6-m/nofp\libc.a(libc_a-errno.o)
                              c:/notcdr~1/allsof~1/armtoo~1/125863~1.3re/bin/../lib/gcc/arm-none-eabi/12.3.1/thumb/v6-m/nofp\libc.a(libc_a-callocr.o) (__errno)
c:/notcdr~1/allsof~1/armtoo~1/125863~1.3re/bin/../lib/gcc/arm-none-eabi/12.3.1/thumb/v6-m/nofp\libc.a(libc_a-init.o)
                              c:/notcdr~1/allsof~1/armtoo~1/125863~1.3re/bin/../lib/gcc/arm-none-eabi/12.3.1/thumb/v6-m/nofp/crt0.o (__libc_init_array)
c:/notcdr~1/allsof~1/armtoo~1/125863~1.3re/bin/../lib/gcc/arm-none-eabi/12.3.1/thumb/v6-m/nofp\libc.a(libc_a-lock.o)
                              c:/notcdr~1/allsof~1/armtoo~1/125863~1.3re/bin/../lib/gcc/arm-none-eabi/12.3.1/thumb/v6-m/nofp\libc.a(libc_a-mlock.o) (__retarget_lock_acquire_recursive)
c:/notcdr~1/allsof~1/armtoo~1/125863~1.3re/bin/../lib/gcc/arm-none-eabi/12.3.1/thumb/v6-m/nofp\libc.a(libc_a-sysconf.o)
                              c:/notcdr~1/allsof~1/armtoo~1/125863~1.3re/bin/../lib/gcc/arm-none-eabi/12.3.1/thumb/v6-m/nofp\libc.a(libc_a-mallocr.o) (sysconf)
c:/notcdr~1/allsof~1/armtoo~1/125863~1.3re/bin/../lib/gcc/arm-none-eabi/12.3.1/thumb/v6-m/nofp\libc.a(libc_a-strlen-stub.o)
                              CMakeFiles/temp-sensor.dir/util.cpp.obj (strlen)
c:/notcdr~1/allsof~1/armtoo~1/125863~1.3re/bin/../lib/gcc/arm-none-eabi/12.3.1/thumb/v6-m/nofp\libc.a(libc_a-freer.o)
                              c:/notcdr~1/allsof~1/armtoo~1/125863~1.3re/bin/../lib/gcc/arm-none-eabi/12.3.1/thumb/v6-m/nofp\libc.a(libc_a-malloc.o) (_free_r)
[...]
Memory Configuration

Name             Origin             Length             Attributes
FLASH            0x10000000         0x00200000         xr
RAM              0x20000000         0x00040000         xrw
SCRATCH_X        0x20040000         0x00001000         xrw
SCRATCH_Y        0x20041000         0x00001000         xrw
*default*        0x00000000         0xffffffff

Linker script and memory map

LOAD c:/notcdr~1/allsof~1/armtoo~1/125863~1.3re/bin/../lib/gcc/arm-none-eabi/12.3.1/thumb/v6-m/nofp/crti.o
LOAD c:/notcdr~1/allsof~1/armtoo~1/125863~1.3re/bin/../lib/gcc/arm-none-eabi/12.3.1/thumb/v6-m/nofp/crtbegin.o
LOAD c:/notcdr~1/allsof~1/armtoo~1/125863~1.3re/bin/../lib/gcc/arm-none-eabi/12.3.1/thumb/v6-m/nofp/crt0.o

.flash_begin    0x10000000        0x0
                0x10000000                        __flash_binary_start = .

.boot2          0x10000000      0x100
                0x10000000                        __boot2_start__ = .
 *(.boot2)
 .boot2         0x10000000      0x100 C:\Users\klaus\AppData\Local\Temp\cc2vs2UQ.o
                0x10000100                        __boot2_end__ = .
                0x00000001                        ASSERT (((__boot2_end__ - __boot2_start__) == 0x100), ERROR: Pico second stage bootloader must be 256 bytes in size)

.text           0x10000100     0xc650
                0x10000100                        __logical_binary_start = .
 *(.vectors)
 .vectors       0x10000100       0xd4 CMakeFiles/temp-sensor.dir/C_/notcdrive/jeevan/30daysofjavascript/pico-sdk/src/rp2_common/pico_standard_link/crt0.S.obj
                0x10000100                __VECTOR_TABLE
                0x10000100                __vectors
                0x100001c0                isr_invalid
                0x100001c0                __default_isrs_start
                0x100001c2                isr_nmi
                0x100001c4                isr_hardfault
                0x100001c6                isr_svcall
                0x100001c8                isr_pendsv
                0x100001ca                isr_systick
                0x100001cc                isr_irq23
                0x100001cc                isr_irq18
                0x100001cc                isr_irq11
                0x100001cc                isr_irq28
                0x100001cc                isr_irq19
                0x100001cc                isr_irq0
                0x100001cc                isr_irq6
                0x100001cc                isr_irq5
                0x100001cc                isr_irq12
                0x100001cc                isr_irq22
                0x100001cc                isr_irq31
                0x100001cc                isr_irq17
                0x100001cc                isr_irq27
                0x100001cc                isr_irq30
                0x100001cc                isr_irq2
                0x100001cc                isr_irq10
                0x100001cc                isr_irq8
                0x100001cc                isr_irq24
                0x100001cc                isr_irq1
                0x100001cc                isr_irq7
                0x100001cc                isr_irq21
                0x100001cc                isr_irq20
                0x100001cc                isr_irq15
                0x100001cc                isr_irq25
                0x100001cc                isr_irq13
                0x100001cc                __unhandled_user_irq
                0x100001cc                isr_irq4
                0x100001cc                isr_irq16
                0x100001cc                isr_irq29
                0x100001cc                isr_irq26
                0x100001cc                __default_isrs_end
                0x100001cc                isr_irq3
                0x100001cc                isr_irq14
                0x100001cc                isr_irq9
                0x100001d2                unhandled_user_irq_num_in_r0
 *(.binary_info_header)
 .binary_info_header
                0x100001d4       0x14 CMakeFiles/temp-sensor.dir/C_/notcdrive/jeevan/30daysofjavascript/pico-sdk/src/rp2_common/pico_standard_link/crt0.S.obj
                0x100001e8                        __binary_info_header_end = .
 *(.reset)
 .reset         0x100001e8       0xa0 CMakeFiles/temp-sensor.dir/C_/notcdrive/jeevan/30daysofjavascript/pico-sdk/src/rp2_common/pico_standard_link/crt0.S.obj
                0x100001e8                _entry_point
 .reset         0x10000288       0x30 CMakeFiles/temp-sensor.dir/C_/notcdrive/jeevan/30daysofjavascript/pico-sdk/src/rp2_common/pico_standard_link/binary_info.c.obj
 *(.init)
 .init          0x100002b8        0x4 c:/notcdr~1/allsof~1/armtoo~1/125863~1.3re/bin/../lib/gcc/arm-none-eabi/12.3.1/thumb/v6-m/nofp/crti.o
                0x100002b8                _init
 *(EXCLUDE_FILE(*libm.a: *libc.a:*lib_a-mem*.o *libgcc.a:) .text*)
 .text.register_tm_clones
                0x100002bc       0x28 c:/notcdr~1/allsof~1/armtoo~1/125863~1.3re/bin/../lib/gcc/arm-none-eabi/12.3.1/thumb/v6-m/nofp/crtbegin.o
 .text.frame_dummy
                0x100002e4       0x24 c:/notcdr~1/allsof~1/armtoo~1/125863~1.3re/bin/../lib/gcc/arm-none-eabi/12.3.1/thumb/v6-m/nofp/crtbegin.o
 .text._Z18handle_show_configv
                0x10000308       0xa4 CMakeFiles/temp-sensor.dir/core1.cpp.obj
                0x10000308                handle_show_config()
 .text._Z22handle_show_alert_menuv
                0x100003ac       0x80 CMakeFiles/temp-sensor.dir/core1.cpp.obj
                0x100003ac                handle_show_alert_menu()
 .text._Z11core1_entryv
                0x1000042c       0xfc CMakeFiles/temp-sensor.dir/core1.cpp.obj
                0x1000042c                core1_entry()
 .text._Z8debouncePV8BtnState
                0x10000528       0x48 CMakeFiles/temp-sensor.dir/debounce.cpp.obj
                0x10000528                debounce(BtnState volatile*)
 .text._Z21set_rising_edge_statePV8BtnState
                0x10000570       0x24 CMakeFiles/temp-sensor.dir/debounce.cpp.obj
                0x10000570                set_rising_edge_state(BtnState volatile*)
 .text._Z22set_falling_edge_statePV8BtnState
                0x10000594       0x1c CMakeFiles/temp-sensor.dir/debounce.cpp.obj
                0x10000594                set_falling_edge_state(BtnState volatile*)
 .text._Z15reset_btn_statePV8BtnState
                0x100005b0       0x14 CMakeFiles/temp-sensor.dir/debounce.cpp.obj
                0x100005b0                reset_btn_state(BtnState volatile*)
 .text._Z13gpio_callbackjm
                0x100005c4       0x80 CMakeFiles/temp-sensor.dir/gpio_callback.cpp.obj
                0x100005c4                gpio_callback(unsigned int, unsigned long)
 .text._Z8set_gpioPK10GpioConfigj
                0x10000644       0x5c CMakeFiles/temp-sensor.dir/gpio_util.cpp.obj
                0x10000644                set_gpio(GpioConfig const*, unsigned int)
 .text._Z10enable_irqPK10GpioConfigj
                0x100006a0       0x38 CMakeFiles/temp-sensor.dir/gpio_util.cpp.obj
                0x100006a0                enable_irq(GpioConfig const*, unsigned int)
 .text._Z11disable_irqPK10GpioConfigj
                0x100006d8       0x38 CMakeFiles/temp-sensor.dir/gpio_util.cpp.obj
                0x100006d8                disable_irq(GpioConfig const*, unsigned int)
 .text._Z7set_i2cPK9I2CConfigj
                0x10000710       0x44 CMakeFiles/temp-sensor.dir/i2c_util.cpp.obj
                0x10000710                set_i2c(I2CConfig const*, unsigned int)
 .text._Z10check_addrP8i2c_insthPhj
                0x10000754       0x50 CMakeFiles/temp-sensor.dir/i2c_util.cpp.obj
                0x10000754                check_addr(i2c_inst*, unsigned char, unsigned char*, unsigned int)
 .text._Z12scan_i2c_busP8i2c_instj
                0x100007a4       0xf8 CMakeFiles/temp-sensor.dir/i2c_util.cpp.obj
                0x100007a4                scan_i2c_bus(i2c_inst*, unsigned int)
 .text._Z25print_ambient_temperatureP8i2c_insth
                0x1000089c       0xb0 CMakeFiles/temp-sensor.dir/i2c_util.cpp.obj
                0x1000089c                print_ambient_temperature(i2c_inst*, unsigned char)
 .text._Z20read_temp_hyst_limitP8i2c_insth
                0x1000094c       0xa8 CMakeFiles/temp-sensor.dir/i2c_util.cpp.obj
                0x1000094c                read_temp_hyst_limit(i2c_inst*, unsigned char)
 .text._Z21write_temp_hyst_limitP8i2c_insthhh
                0x100009f4       0xc8 CMakeFiles/temp-sensor.dir/i2c_util.cpp.obj
                0x100009f4                write_temp_hyst_limit(i2c_inst*, unsigned char, unsigned char, unsigned char)
 .text._Z19read_temp_set_limitP8i2c_insth
                0x10000abc       0xa8 CMakeFiles/temp-sensor.dir/i2c_util.cpp.obj
                0x10000abc                read_temp_set_limit(i2c_inst*, unsigned char)
 .text._Z20write_temp_set_limitP8i2c_insthhh
                0x10000b64       0xc8 CMakeFiles/temp-sensor.dir/i2c_util.cpp.obj
                0x10000b64                write_temp_set_limit(i2c_inst*, unsigned char, unsigned char, unsigned char)
 .text._Z11read_configP8i2c_insth
                0x10000c2c       0x3c CMakeFiles/temp-sensor.dir/i2c_util.cpp.obj
                0x10000c2c                read_config(i2c_inst*, unsigned char)
 .text._Z12write_configP8i2c_insthh
                0x10000c68       0x20 CMakeFiles/temp-sensor.dir/i2c_util.cpp.obj
                0x10000c68                write_config(i2c_inst*, unsigned char, unsigned char)
 .text._Z17show_landing_pagev
                0x10000c88       0x80 CMakeFiles/temp-sensor.dir/menu_handler.cpp.obj
                0x10000c88                show_landing_page()
 .text._Z16show_config_menuv
                0x10000d08      0x38c CMakeFiles/temp-sensor.dir/menu_handler.cpp.obj
                0x10000d08                show_config_menu()
 .text._Z20show_dev_change_menuh
                0x10001094      0x110 CMakeFiles/temp-sensor.dir/menu_handler.cpp.obj
                0x10001094                show_dev_change_menu(unsigned char)
 .text._Z15show_alert_menuPh
                0x100011a4      0x138 CMakeFiles/temp-sensor.dir/menu_handler.cpp.obj
                0x100011a4                show_alert_menu(unsigned char*)
 .text._Z12parse_configh
                0x100012dc      0x170 CMakeFiles/temp-sensor.dir/menu_handler.cpp.obj
                0x100012dc                parse_config(unsigned char)
 .text._Z12fixedToFloathh
                0x1000144c       0x14 CMakeFiles/temp-sensor.dir/util.cpp.obj
                0x1000144c                fixedToFloat(unsigned char, unsigned char)
 .text._Z12clear_screenv
                0x10001460       0x10 CMakeFiles/temp-sensor.dir/util.cpp.obj
                0x10001460                clear_screen()
 .text._Z3c2ff  0x10001470       0x20 CMakeFiles/temp-sensor.dir/util.cpp.obj
                0x10001470                c2f(float)
 .text._Z9get_inputPci
                0x10001490       0xb8 CMakeFiles/temp-sensor.dir/util.cpp.obj
                0x10001490                get_input(char*, int)
 .text._Z18str_to_fixed_pointPcPl
                0x10001548       0x90 CMakeFiles/temp-sensor.dir/util.cpp.obj
                0x10001548                str_to_fixed_point(char*, long*)
 .text.startup.main
                0x100015d8       0xcc CMakeFiles/temp-sensor.dir/main.cpp.obj
                0x100015d8                main
 .text.gpio_default_irq_handler
                0x100016a4      0x220 CMakeFiles/temp-sensor.dir/C_/notcdrive/jeevan/30daysofjavascript/pico-sdk/src/rp2_common/hardware_gpio/gpio.c.obj
 .text.gpio_set_function
                0x100018c4       0x30 CMakeFiles/temp-sensor.dir/C_/notcdrive/jeevan/30daysofjavascript/pico-sdk/src/rp2_common/hardware_gpio/gpio.c.obj
                0x100018c4                gpio_set_function
 .text.gpio_set_pulls
                0x100018f4       0x24 CMakeFiles/temp-sensor.dir/C_/notcdrive/jeevan/30daysofjavascript/pico-sdk/src/rp2_common/hardware_gpio/gpio.c.obj
                0x100018f4                gpio_set_pulls
 .text.gpio_set_irq_enabled
                0x10001918       0x54 CMakeFiles/temp-sensor.dir/C_/notcdrive/jeevan/30daysofjavascript/pico-sdk/src/rp2_common/hardware_gpio/gpio.c.obj
                0x10001918                gpio_set_irq_enabled
 .text.gpio_set_irq_callback
                0x1000196c       0x40 CMakeFiles/temp-sensor.dir/C_/notcdrive/jeevan/30daysofjavascript/pico-sdk/src/rp2_common/hardware_gpio/gpio.c.obj
                0x1000196c                gpio_set_irq_callback
 .text.gpio_init
                0x100019ac       0x3c CMakeFiles/temp-sensor.dir/C_/notcdrive/jeevan/30daysofjavascript/pico-sdk/src/rp2_common/hardware_gpio/gpio.c.obj
                0x100019ac                gpio_init
 .text.running_on_fpga
                0x100019e8       0x10 CMakeFiles/temp-sensor.dir/C_/notcdrive/jeevan/30daysofjavascript/pico-sdk/src/rp2_common/pico_platform/platform.c.obj
                0x100019e8                running_on_fpga
 .text.hw_claim_or_assert
                0x100019f8       0x44 CMakeFiles/temp-sensor.dir/C_/notcdrive/jeevan/30daysofjavascript/pico-sdk/src/rp2_common/hardware_claim/claim.c.obj
                0x100019f8                hw_claim_or_assert
 .text.spin_locks_reset
                0x10001a3c       0x1c CMakeFiles/temp-sensor.dir/C_/notcdrive/jeevan/30daysofjavascript/pico-sdk/src/rp2_common/hardware_sync/sync.c.obj
                0x10001a3c                spin_locks_reset
 .text.next_striped_spin_lock_num
                0x10001a58       0x18 CMakeFiles/temp-sensor.dir/C_/notcdrive/jeevan/30daysofjavascript/pico-sdk/src/rp2_common/hardware_sync/sync.c.obj
                0x10001a58                next_striped_spin_lock_num
 .text.irq_set_enabled
                0x10001a70       0x24 CMakeFiles/temp-sensor.dir/C_/notcdrive/jeevan/30daysofjavascript/pico-sdk/src/rp2_common/hardware_irq/irq.c.obj
                0x10001a70                irq_set_enabled
 .text.irq_is_enabled
                0x10001a94       0x18 CMakeFiles/temp-sensor.dir/C_/notcdrive/jeevan/30daysofjavascript/pico-sdk/src/rp2_common/hardware_irq/irq.c.obj
                0x10001a94                irq_is_enabled
 .text.irq_get_vtable_handler
                0x10001aac       0x10 CMakeFiles/temp-sensor.dir/C_/notcdrive/jeevan/30daysofjavascript/pico-sdk/src/rp2_common/hardware_irq/irq.c.obj
                0x10001aac                irq_get_vtable_handler
 .text.irq_set_exclusive_handler
                0x10001abc       0x54 CMakeFiles/temp-sensor.dir/C_/notcdrive/jeevan/30daysofjavascript/pico-sdk/src/rp2_common/hardware_irq/irq.c.obj
                0x10001abc                irq_set_exclusive_handler
 .text.irq_add_shared_handler
                0x10001b10      0x1e0 CMakeFiles/temp-sensor.dir/C_/notcdrive/jeevan/30daysofjavascript/pico-sdk/src/rp2_common/hardware_irq/irq.c.obj
                0x10001b10                irq_add_shared_handler
 .text.irq_remove_handler
                0x10001cf0      0x1c4 CMakeFiles/temp-sensor.dir/C_/notcdrive/jeevan/30daysofjavascript/pico-sdk/src/rp2_common/hardware_irq/irq.c.obj
                0x10001cf0                irq_remove_handler
 .text.irq_add_tail_to_free_list
                0x10001eb4       0xb4 CMakeFiles/temp-sensor.dir/C_/notcdrive/jeevan/30daysofjavascript/pico-sdk/src/rp2_common/hardware_irq/irq.c.obj
                0x10001eb4                irq_add_tail_to_free_list
 .text.irq_init_priorities
                0x10001f68       0x24 CMakeFiles/temp-sensor.dir/C_/notcdrive/jeevan/30daysofjavascript/pico-sdk/src/rp2_common/hardware_irq/irq.c.obj
                0x10001f68                irq_init_priorities
 .text.lock_init
                0x10001f8c       0x10 CMakeFiles/temp-sensor.dir/C_/notcdrive/jeevan/30daysofjavascript/pico-sdk/src/common/pico_sync/lock_core.c.obj
                0x10001f8c                lock_init
 .text.mutex_init
                0x10001f9c       0x1c CMakeFiles/temp-sensor.dir/C_/notcdrive/jeevan/30daysofjavascript/pico-sdk/src/common/pico_sync/mutex.c.obj
                0x10001f9c                mutex_init
 .text.recursive_mutex_init
                0x10001fb8       0x1c CMakeFiles/temp-sensor.dir/C_/notcdrive/jeevan/30daysofjavascript/pico-sdk/src/common/pico_sync/mutex.c.obj
                0x10001fb8                recursive_mutex_init
 .text.timer_pool_entry_comparator
                0x10001fd4       0x34 CMakeFiles/temp-sensor.dir/C_/notcdrive/jeevan/30daysofjavascript/pico-sdk/src/common/pico_time/time.c.obj
                0x10001fd4                timer_pool_entry_comparator
 .text.sleep_until_callback
                0x10002008       0x30 CMakeFiles/temp-sensor.dir/C_/notcdrive/jeevan/30daysofjavascript/pico-sdk/src/common/pico_time/time.c.obj
 .text.add_alarm_under_lock.isra.0
                0x10002038       0xf8 CMakeFiles/temp-sensor.dir/C_/notcdrive/jeevan/30daysofjavascript/pico-sdk/src/common/pico_time/time.c.obj
 .text.alarm_pool_alarm_callback
                0x10002130      0x1c0 CMakeFiles/temp-sensor.dir/C_/notcdrive/jeevan/30daysofjavascript/pico-sdk/src/common/pico_time/time.c.obj
 .text.alarm_pool_init_default
                0x100022f0       0x6c CMakeFiles/temp-sensor.dir/C_/notcdrive/jeevan/30daysofjavascript/pico-sdk/src/common/pico_time/time.c.obj
                0x100022f0                alarm_pool_init_default
 .text.alarm_pool_add_alarm_at
                0x1000235c      0x17c CMakeFiles/temp-sensor.dir/C_/notcdrive/jeevan/30daysofjavascript/pico-sdk/src/common/pico_time/time.c.obj
                0x1000235c                alarm_pool_add_alarm_at
 .text.sleep_until
                0x100024d8       0xc4 CMakeFiles/temp-sensor.dir/C_/notcdrive/jeevan/30daysofjavascript/pico-sdk/src/common/pico_time/time.c.obj
                0x100024d8                sleep_until
 .text.sleep_ms
                0x1000259c       0x38 CMakeFiles/temp-sensor.dir/C_/notcdrive/jeevan/30daysofjavascript/pico-sdk/src/common/pico_time/time.c.obj
                0x1000259c                sleep_ms
 .text.best_effort_wfe_or_timeout
                0x100025d4       0xcc CMakeFiles/temp-sensor.dir/C_/notcdrive/jeevan/30daysofjavascript/pico-sdk/src/common/pico_time/time.c.obj
                0x100025d4                best_effort_wfe_or_timeout
 .text.check_single_timeout_us
                0x100026a0       0x28 CMakeFiles/temp-sensor.dir/C_/notcdrive/jeevan/30daysofjavascript/pico-sdk/src/common/pico_time/timeout_helper.c.obj
 .text.init_single_timeout_until
                0x100026c8        0xc CMakeFiles/temp-sensor.dir/C_/notcdrive/jeevan/30daysofjavascript/pico-sdk/src/common/pico_time/timeout_helper.c.obj
                0x100026c8                init_single_timeout_until
 .text.hardware_alarm_irq_handler
                0x100026d4       0xbc CMakeFiles/temp-sensor.dir/C_/notcdrive/jeevan/30daysofjavascript/pico-sdk/src/rp2_common/hardware_timer/timer.c.obj
 .text.hardware_alarm_claim
                0x10002790       0x18 CMakeFiles/temp-sensor.dir/C_/notcdrive/jeevan/30daysofjavascript/pico-sdk/src/rp2_common/hardware_timer/timer.c.obj
                0x10002790                hardware_alarm_claim
 .text.time_us_64
                0x100027a8       0x14 CMakeFiles/temp-sensor.dir/C_/notcdrive/jeevan/30daysofjavascript/pico-sdk/src/rp2_common/hardware_timer/timer.c.obj
                0x100027a8                time_us_64
 .text.busy_wait_us
                0x100027bc       0x68 CMakeFiles/temp-sensor.dir/C_/notcdrive/jeevan/30daysofjavascript/pico-sdk/src/rp2_common/hardware_timer/timer.c.obj
                0x100027bc                busy_wait_us
 .text.busy_wait_until
                0x10002824       0x20 CMakeFiles/temp-sensor.dir/C_/notcdrive/jeevan/30daysofjavascript/pico-sdk/src/rp2_common/hardware_timer/timer.c.obj
                0x10002824                busy_wait_until
 .text.hardware_alarm_set_callback
                0x10002844       0x8c CMakeFiles/temp-sensor.dir/C_/notcdrive/jeevan/30daysofjavascript/pico-sdk/src/rp2_common/hardware_timer/timer.c.obj
                0x10002844                hardware_alarm_set_callback
 .text.hardware_alarm_set_target
                0x100028d0       0xd0 CMakeFiles/temp-sensor.dir/C_/notcdrive/jeevan/30daysofjavascript/pico-sdk/src/rp2_common/hardware_timer/timer.c.obj
                0x100028d0                hardware_alarm_set_target
 .text.hardware_alarm_cancel
                0x100029a0       0x3c CMakeFiles/temp-sensor.dir/C_/notcdrive/jeevan/30daysofjavascript/pico-sdk/src/rp2_common/hardware_timer/timer.c.obj
                0x100029a0                hardware_alarm_cancel
 .text.ph_merge_nodes
                0x100029dc       0x58 CMakeFiles/temp-sensor.dir/C_/notcdrive/jeevan/30daysofjavascript/pico-sdk/src/common/pico_util/pheap.c.obj
 .text.ph_post_alloc_init
                0x10002a34       0x3c CMakeFiles/temp-sensor.dir/C_/notcdrive/jeevan/30daysofjavascript/pico-sdk/src/common/pico_util/pheap.c.obj
                0x10002a34                ph_post_alloc_init
 .text.ph_merge_two_pass
                0x10002a70       0x8c CMakeFiles/temp-sensor.dir/C_/notcdrive/jeevan/30daysofjavascript/pico-sdk/src/common/pico_util/pheap.c.obj
                0x10002a70                ph_merge_two_pass
 .text.ph_remove_any_head
                0x10002afc      0x100 CMakeFiles/temp-sensor.dir/C_/notcdrive/jeevan/30daysofjavascript/pico-sdk/src/common/pico_util/pheap.c.obj
 .text.ph_remove_head
                0x10002bfc      0x104 CMakeFiles/temp-sensor.dir/C_/notcdrive/jeevan/30daysofjavascript/pico-sdk/src/common/pico_util/pheap.c.obj
                0x10002bfc                ph_remove_head
 .text.ph_remove_and_free_node
                0x10002d00       0x78 CMakeFiles/temp-sensor.dir/C_/notcdrive/jeevan/30daysofjavascript/pico-sdk/src/common/pico_util/pheap.c.obj
                0x10002d00                ph_remove_and_free_node
 .text.clocks_init
                0x10002d78      0x2c8 CMakeFiles/temp-sensor.dir/C_/notcdrive/jeevan/30daysofjavascript/pico-sdk/src/rp2_common/hardware_clocks/clocks.c.obj
                0x10002d78                clocks_init
 .text.clock_get_hz
                0x10003040        0xc CMakeFiles/temp-sensor.dir/C_/notcdrive/jeevan/30daysofjavascript/pico-sdk/src/rp2_common/hardware_clocks/clocks.c.obj
                0x10003040                clock_get_hz
 .text.pll_init
                0x1000304c       0xa0 CMakeFiles/temp-sensor.dir/C_/notcdrive/jeevan/30daysofjavascript/pico-sdk/src/rp2_common/hardware_pll/pll.c.obj
                0x1000304c                pll_init
 .text.watchdog_start_tick
                0x100030ec       0x10 CMakeFiles/temp-sensor.dir/C_/notcdrive/jeevan/30daysofjavascript/pico-sdk/src/rp2_common/hardware_watchdog/watchdog.c.obj
                0x100030ec                watchdog_start_tick
 .text.xosc_init
                0x100030fc       0x28 CMakeFiles/temp-sensor.dir/C_/notcdrive/jeevan/30daysofjavascript/pico-sdk/src/rp2_common/hardware_xosc/xosc.c.obj
                0x100030fc                xosc_init
 .text.runtime_init
                0x10003124       0xec CMakeFiles/temp-sensor.dir/C_/notcdrive/jeevan/30daysofjavascript/pico-sdk/src/rp2_common/pico_runtime/runtime.c.obj
                0x10003124                runtime_init
 .text._exit    0x10003210        0x4 CMakeFiles/temp-sensor.dir/C_/notcdrive/jeevan/30daysofjavascript/pico-sdk/src/rp2_common/pico_runtime/runtime.c.obj
                0x10003210                _exit
 .text._sbrk    0x10003214       0x34 CMakeFiles/temp-sensor.dir/C_/notcdrive/jeevan/30daysofjavascript/pico-sdk/src/rp2_common/pico_runtime/runtime.c.obj
                0x10003214                _sbrk
 .text.exit     0x10003248        0x8 CMakeFiles/temp-sensor.dir/C_/notcdrive/jeevan/30daysofjavascript/pico-sdk/src/rp2_common/pico_runtime/runtime.c.obj
                0x10003248                exit
 .text.__assert_func
                0x10003250       0x38 CMakeFiles/temp-sensor.dir/C_/notcdrive/jeevan/30daysofjavascript/pico-sdk/src/rp2_common/pico_runtime/runtime.c.obj
                0x10003250                __assert_func
 .text.panic    0x10003288       0x30 CMakeFiles/temp-sensor.dir/C_/notcdrive/jeevan/30daysofjavascript/pico-sdk/src/rp2_common/pico_runtime/runtime.c.obj
                0x10003288                panic
 .text.hard_assertion_failure
                0x100032b8        0xc CMakeFiles/temp-sensor.dir/C_/notcdrive/jeevan/30daysofjavascript/pico-sdk/src/rp2_common/pico_runtime/runtime.c.obj
                0x100032b8                hard_assertion_failure
 .text._out_buffer
                0x100032c4        0x8 CMakeFiles/temp-sensor.dir/C_/notcdrive/jeevan/30daysofjavascript/pico-sdk/src/rp2_common/pico_printf/printf.c.obj
 .text._out_null
                0x100032cc        0x4 CMakeFiles/temp-sensor.dir/C_/notcdrive/jeevan/30daysofjavascript/pico-sdk/src/rp2_common/pico_printf/printf.c.obj
 .text._out_rev
                0x100032d0       0x90 CMakeFiles/temp-sensor.dir/C_/notcdrive/jeevan/30daysofjavascript/pico-sdk/src/rp2_common/pico_printf/printf.c.obj
 .text._ntoa_format
                0x10003360      0x208 CMakeFiles/temp-sensor.dir/C_/notcdrive/jeevan/30daysofjavascript/pico-sdk/src/rp2_common/pico_printf/printf.c.obj
 .text._out_char
                0x10003568       0x10 CMakeFiles/temp-sensor.dir/C_/notcdrive/jeevan/30daysofjavascript/pico-sdk/src/rp2_common/pico_printf/printf.c.obj
 .text._out_fct
                0x10003578       0x10 CMakeFiles/temp-sensor.dir/C_/notcdrive/jeevan/30daysofjavascript/pico-sdk/src/rp2_common/pico_printf/printf.c.obj
 .text._etoa    0x10003588      0x464 CMakeFiles/temp-sensor.dir/C_/notcdrive/jeevan/30daysofjavascript/pico-sdk/src/rp2_common/pico_printf/printf.c.obj
 .text._ftoa    0x100039ec      0x3c4 CMakeFiles/temp-sensor.dir/C_/notcdrive/jeevan/30daysofjavascript/pico-sdk/src/rp2_common/pico_printf/printf.c.obj
 .text._vsnprintf
                0x10003db0      0xc18 CMakeFiles/temp-sensor.dir/C_/notcdrive/jeevan/30daysofjavascript/pico-sdk/src/rp2_common/pico_printf/printf.c.obj
 .text.__wrap_sprintf
                0x100049c8       0x2c CMakeFiles/temp-sensor.dir/C_/notcdrive/jeevan/30daysofjavascript/pico-sdk/src/rp2_common/pico_printf/printf.c.obj
                0x100049c8                __wrap_sprintf
 .text.vfctprintf
                0x100049f4       0x20 CMakeFiles/temp-sensor.dir/C_/notcdrive/jeevan/30daysofjavascript/pico-sdk/src/rp2_common/pico_printf/printf.c.obj
                0x100049f4                vfctprintf
 .text.weak_raw_printf
                0x10004a14       0x40 CMakeFiles/temp-sensor.dir/C_/notcdrive/jeevan/30daysofjavascript/pico-sdk/src/rp2_common/pico_printf/printf.c.obj
                0x10004a14                weak_raw_printf
 .text.weak_raw_vprintf
                0x10004a54       0x30 CMakeFiles/temp-sensor.dir/C_/notcdrive/jeevan/30daysofjavascript/pico-sdk/src/rp2_common/pico_printf/printf.c.obj
                0x10004a54                weak_raw_vprintf
 .text          0x10004a84       0x10 CMakeFiles/temp-sensor.dir/C_/notcdrive/jeevan/30daysofjavascript/pico-sdk/src/rp2_common/pico_bit_ops/bit_ops_aeabi.S.obj
 .text.rom_func_lookup
                0x10004a94       0x10 CMakeFiles/temp-sensor.dir/C_/notcdrive/jeevan/30daysofjavascript/pico-sdk/src/rp2_common/pico_bootrom/bootrom.c.obj
                0x10004a94                rom_func_lookup
 .text.rom_data_lookup
                0x10004aa4       0x10 CMakeFiles/temp-sensor.dir/C_/notcdrive/jeevan/30daysofjavascript/pico-sdk/src/rp2_common/pico_bootrom/bootrom.c.obj
                0x10004aa4                rom_data_lookup
 .text.rom_funcs_lookup
                0x10004ab4       0x44 CMakeFiles/temp-sensor.dir/C_/notcdrive/jeevan/30daysofjavascript/pico-sdk/src/rp2_common/pico_bootrom/bootrom.c.obj
                0x10004ab4                rom_funcs_lookup
 .text.__wrap___aeabi_idiv
                0x10004af8       0x50 CMakeFiles/temp-sensor.dir/C_/notcdrive/jeevan/30daysofjavascript/pico-sdk/src/rp2_common/pico_divider/divider.S.obj
                0x10004af8                __wrap___aeabi_idivmod
                0x10004af8                divmod_s32s32
                0x10004af8                div_s32s32
                0x10004af8                __wrap___aeabi_idiv
                0x10004b00                divmod_s32s32_unsafe
                0x10004b2c                divmod_s32s32_savestate
 .text.__wrap___aeabi_uidiv
                0x10004b48       0x4c CMakeFiles/temp-sensor.dir/C_/notcdrive/jeevan/30daysofjavascript/pico-sdk/src/rp2_common/pico_divider/divider.S.obj
                0x10004b48                __wrap___aeabi_uidiv
                0x10004b48                __wrap___aeabi_uidivmod
                0x10004b48                div_u32u32
                0x10004b48                divmod_u32u32
                0x10004b50                divmod_u32u32_unsafe
                0x10004b78                divmod_u32u32_savestate
 .text.__wrap___aeabi_ldiv
                0x10004b94      0x424 CMakeFiles/temp-sensor.dir/C_/notcdrive/jeevan/30daysofjavascript/pico-sdk/src/rp2_common/pico_divider/divider.S.obj
                0x10004b94                div_s64s64
                0x10004b94                divmod_s64s64
                0x10004b94                __wrap___aeabi_ldivmod
                0x10004bc4                divmod_u64u64
                0x10004bc4                div_u64u64
                0x10004bc4                __wrap___aeabi_uldivmod
                0x10004bd4                divmod_u64u64_savestate
                0x10004bf4                divmod_s64s64_unsafe
                0x10004c7c                divmod_u64u64_unsafe
 .text.__wrap___aeabi_darithmetic
                0x10004fb8       0x80 CMakeFiles/temp-sensor.dir/C_/notcdrive/jeevan/30daysofjavascript/pico-sdk/src/rp2_common/pico_double/double_aeabi.S.obj
                0x10004fb8                __wrap___aeabi_drsub
                0x10004fbe                __wrap___aeabi_dsub
                0x10004fd0                __wrap___aeabi_dadd
                0x10004fe2                __wrap___aeabi_ddiv
                0x1000501e                __wrap___aeabi_dmul
 .text.__wrap___aeabi_cdcmple
                0x10005038       0x6c CMakeFiles/temp-sensor.dir/C_/notcdrive/jeevan/30daysofjavascript/pico-sdk/src/rp2_common/pico_double/double_aeabi.S.obj
                0x10005038                __wrap___aeabi_cdrcmple
                0x10005048                __wrap___aeabi_cdcmpeq
                0x10005048                __wrap___aeabi_cdcmple
 .text.__wrap___aeabi_dcmpeq
                0x100050a4       0x10 CMakeFiles/temp-sensor.dir/C_/notcdrive/jeevan/30daysofjavascript/pico-sdk/src/rp2_common/pico_double/double_aeabi.S.obj
                0x100050a4                __wrap___aeabi_dcmpeq
 .text.__wrap___aeabi_dcmplt
                0x100050b4        0xc CMakeFiles/temp-sensor.dir/C_/notcdrive/jeevan/30daysofjavascript/pico-sdk/src/rp2_common/pico_double/double_aeabi.S.obj
                0x100050b4                __wrap___aeabi_dcmplt
 .text.__wrap___aeabi_dcmple
                0x100050c0       0x10 CMakeFiles/temp-sensor.dir/C_/notcdrive/jeevan/30daysofjavascript/pico-sdk/src/rp2_common/pico_double/double_aeabi.S.obj
                0x100050c0                __wrap___aeabi_dcmple
 .text.__wrap___aeabi_dcmpge
                0x100050d0       0x10 CMakeFiles/temp-sensor.dir/C_/notcdrive/jeevan/30daysofjavascript/pico-sdk/src/rp2_common/pico_double/double_aeabi.S.obj
                0x100050d0                __wrap___aeabi_dcmpge
 .text.__wrap___aeabi_dcmpgt
                0x100050e0        0xa CMakeFiles/temp-sensor.dir/C_/notcdrive/jeevan/30daysofjavascript/pico-sdk/src/rp2_common/pico_double/double_aeabi.S.obj
                0x100050e0                __wrap___aeabi_dcmpgt
 .text.__wrap___aeabi_dcmpun
                0x100050ea       0x1c CMakeFiles/temp-sensor.dir/C_/notcdrive/jeevan/30daysofjavascript/pico-sdk/src/rp2_common/pico_double/double_aeabi.S.obj
                0x100050ea                __wrap___aeabi_dcmpun
 *fill*         0x10005106        0x2 
 .text.__wrap___aeabi_i2d
                0x10005108       0x38 CMakeFiles/temp-sensor.dir/C_/notcdrive/jeevan/30daysofjavascript/pico-sdk/src/rp2_common/pico_double/double_aeabi.S.obj
                0x10005108                __wrap___aeabi_ui2d
                0x10005110                __wrap___aeabi_i2d
 .text.__wrap___aeabi_d2iz
                0x10005140       0x48 CMakeFiles/temp-sensor.dir/C_/notcdrive/jeevan/30daysofjavascript/pico-sdk/src/rp2_common/pico_double/double_aeabi.S.obj
                0x10005140                double2int_z
                0x10005140                __wrap___aeabi_d2iz
 .text.__wrap___aeabi_d2uiz
                0x10005188       0x18 CMakeFiles/temp-sensor.dir/C_/notcdrive/jeevan/30daysofjavascript/pico-sdk/src/rp2_common/pico_double/double_aeabi.S.obj
                0x10005188                __wrap___aeabi_d2uiz
                0x10005188                double2uint
 .text.__wrap___aeabi_l2d
                0x100051a0       0x18 CMakeFiles/temp-sensor.dir/C_/notcdrive/jeevan/30daysofjavascript/pico-sdk/src/rp2_common/pico_double/double_aeabi.S.obj
                0x100051a0                __wrap___aeabi_l2d
 .text.__wrap___aeabi_d2lz
                0x100051b8       0x26 CMakeFiles/temp-sensor.dir/C_/notcdrive/jeevan/30daysofjavascript/pico-sdk/src/rp2_common/pico_double/double_aeabi.S.obj
                0x100051b8                double2int64_z
                0x100051b8                __wrap___aeabi_d2lz
 *fill*         0x100051de        0x2 
 .text.double2int64
                0x100051e0       0x18 CMakeFiles/temp-sensor.dir/C_/notcdrive/jeevan/30daysofjavascript/pico-sdk/src/rp2_common/pico_double/double_aeabi.S.obj
                0x100051e0                double2int64
 .text.double2ufix64
                0x100051f8       0x18 CMakeFiles/temp-sensor.dir/C_/notcdrive/jeevan/30daysofjavascript/pico-sdk/src/rp2_common/pico_double/double_aeabi.S.obj
                0x100051f8                double2ufix64
 .text.__wrap___aeabi_d2f
                0x10005210       0x18 CMakeFiles/temp-sensor.dir/C_/notcdrive/jeevan/30daysofjavascript/pico-sdk/src/rp2_common/pico_double/double_aeabi.S.obj
                0x10005210                __wrap___aeabi_d2f
 .text.__aeabi_double_init
                0x10005228       0x98 CMakeFiles/temp-sensor.dir/C_/notcdrive/jeevan/30daysofjavascript/pico-sdk/src/rp2_common/pico_double/double_init_rom.c.obj
                0x10005228                __aeabi_double_init
 .text.double_table_shim_on_use_helper
                0x100052c0       0x2c CMakeFiles/temp-sensor.dir/C_/notcdrive/jeevan/30daysofjavascript/pico-sdk/src/rp2_common/pico_double/double_v1_rom_shim.S.obj
                0x100052c0                double_table_shim_on_use_helper
 .text.__wrap___aeabi_dsub
                0x100052ec       0x10 CMakeFiles/temp-sensor.dir/C_/notcdrive/jeevan/30daysofjavascript/pico-sdk/src/rp2_common/pico_double/double_v1_rom_shim.S.obj
                0x100052ec                drsub_shim
                0x100052f2                dsub_shim
 .text.dadd_shim
                0x100052fc      0x15c CMakeFiles/temp-sensor.dir/C_/notcdrive/jeevan/30daysofjavascript/pico-sdk/src/rp2_common/pico_double/double_v1_rom_shim.S.obj
                0x100052fc                dadd_shim
 .text.dmul_shim
                0x10005458      0x15c CMakeFiles/temp-sensor.dir/C_/notcdrive/jeevan/30daysofjavascript/pico-sdk/src/rp2_common/pico_double/double_v1_rom_shim.S.obj
                0x10005458                dmul_shim
 .text.ddiv_shim
                0x100055b4      0x1b0 CMakeFiles/temp-sensor.dir/C_/notcdrive/jeevan/30daysofjavascript/pico-sdk/src/rp2_common/pico_double/double_v1_rom_shim.S.obj
                0x100055b4                ddiv_shim
 .text.double2uint_shim
                0x10005764        0xe CMakeFiles/temp-sensor.dir/C_/notcdrive/jeevan/30daysofjavascript/pico-sdk/src/rp2_common/pico_double/double_v1_rom_shim.S.obj
                0x10005764                double2uint_shim
                0x10005766                double2ufix_shim
 .text.double2int64_shim
                0x10005772       0x1a CMakeFiles/temp-sensor.dir/C_/notcdrive/jeevan/30daysofjavascript/pico-sdk/src/rp2_common/pico_double/double_v1_rom_shim.S.obj
                0x10005772                double2int64_shim
                0x10005774                double2fix64_shim
 .text.double2uint64_shim
                0x1000578c       0x70 CMakeFiles/temp-sensor.dir/C_/notcdrive/jeevan/30daysofjavascript/pico-sdk/src/rp2_common/pico_double/double_v1_rom_shim.S.obj
                0x1000578c                double2uint64_shim
                0x1000578e                double2ufix64_shim
                0x100057ae                d2fix_a
 .text.double2float_shim
                0x100057fc       0x5c CMakeFiles/temp-sensor.dir/C_/notcdrive/jeevan/30daysofjavascript/pico-sdk/src/rp2_common/pico_double/double_v1_rom_shim.S.obj
                0x100057fc                double2float_shim
 .text.x2double_shims
                0x10005858       0x90 CMakeFiles/temp-sensor.dir/C_/notcdrive/jeevan/30daysofjavascript/pico-sdk/src/rp2_common/pico_double/double_v1_rom_shim.S.obj
                0x10005858                uint2double_shim
                0x1000585a                ufix2double_shim
                0x10005860                int2double_shim
                0x10005862                fix2double_shim
                0x10005868                uint642double_shim
                0x1000586a                ufix642double_shim
                0x10005870                int642double_shim
                0x10005872                fix642double_shim
 .text.dunpacks
                0x100058e8       0x3c CMakeFiles/temp-sensor.dir/C_/notcdrive/jeevan/30daysofjavascript/pico-sdk/src/rp2_common/pico_double/double_v1_rom_shim.S.obj
                0x100058e8                dunpacks
 .text.__aeabi_lmul
                0x10005924       0x32 CMakeFiles/temp-sensor.dir/C_/notcdrive/jeevan/30daysofjavascript/pico-sdk/src/rp2_common/pico_int64_ops/pico_int64_ops_aeabi.S.obj
                0x10005924                __wrap___aeabi_lmul
 *fill*         0x10005956        0x2 
 .text.__wrap___aeabi_farithmetic
                0x10005958       0x48 CMakeFiles/temp-sensor.dir/C_/notcdrive/jeevan/30daysofjavascript/pico-sdk/src/rp2_common/pico_float/float_aeabi.S.obj
                0x10005958                __wrap___aeabi_frsub
                0x1000595e                __wrap___aeabi_fsub
                0x10005964                __wrap___aeabi_fadd
                0x1000596a                __wrap___aeabi_fdiv
                0x10005992                __wrap___aeabi_fmul
 .text.__wrap___aeabi_ui2f
                0x100059a0        0xa CMakeFiles/temp-sensor.dir/C_/notcdrive/jeevan/30daysofjavascript/pico-sdk/src/rp2_common/pico_float/float_aeabi.S.obj
                0x100059a0                __wrap___aeabi_ui2f
 *fill*         0x100059aa        0x2 
 .text.__wrap___aeabi_i2f
                0x100059ac       0x44 CMakeFiles/temp-sensor.dir/C_/notcdrive/jeevan/30daysofjavascript/pico-sdk/src/rp2_common/pico_float/float_aeabi.S.obj
                0x100059ac                __wrap___aeabi_i2f
 .text.__wrap___aeabi_f2d
                0x100059f0       0x14 CMakeFiles/temp-sensor.dir/C_/notcdrive/jeevan/30daysofjavascript/pico-sdk/src/rp2_common/pico_float/float_aeabi.S.obj
                0x100059f0                __wrap___aeabi_f2d
 .text.__aeabi_float_init
                0x10005a04       0x64 CMakeFiles/temp-sensor.dir/C_/notcdrive/jeevan/30daysofjavascript/pico-sdk/src/rp2_common/pico_float/float_init_rom.c.obj
                0x10005a04                __aeabi_float_init
 .text.float_table_shim_on_use_helper
                0x10005a68       0x2c CMakeFiles/temp-sensor.dir/C_/notcdrive/jeevan/30daysofjavascript/pico-sdk/src/rp2_common/pico_float/float_v1_rom_shim.S.obj
                0x10005a68                float_table_shim_on_use_helper
 .text.float2double_shim
                0x10005a94       0x30 CMakeFiles/temp-sensor.dir/C_/notcdrive/jeevan/30daysofjavascript/pico-sdk/src/rp2_common/pico_float/float_v1_rom_shim.S.obj
                0x10005a94                float2double_shim
 .text.__wrap_malloc
                0x10005ac4       0x3c CMakeFiles/temp-sensor.dir/C_/notcdrive/jeevan/30daysofjavascript/pico-sdk/src/rp2_common/pico_malloc/pico_malloc.c.obj
                0x10005ac4                __wrap_malloc
 .text.__wrap_realloc
                0x10005b00       0x40 CMakeFiles/temp-sensor.dir/C_/notcdrive/jeevan/30daysofjavascript/pico-sdk/src/rp2_common/pico_malloc/pico_malloc.c.obj
                0x10005b00                __wrap_realloc
 .text.__wrap_free
                0x10005b40       0x20 CMakeFiles/temp-sensor.dir/C_/notcdrive/jeevan/30daysofjavascript/pico-sdk/src/rp2_common/pico_malloc/pico_malloc.c.obj
                0x10005b40                __wrap_free
 .text          0x10005b60       0x10 CMakeFiles/temp-sensor.dir/C_/notcdrive/jeevan/30daysofjavascript/pico-sdk/src/rp2_common/pico_mem_ops/mem_ops_aeabi.S.obj
                0x10005b60                __aeabi_mem_init
 .text.memset   0x10005b70        0xc CMakeFiles/temp-sensor.dir/C_/notcdrive/jeevan/30daysofjavascript/pico-sdk/src/rp2_common/pico_mem_ops/mem_ops_aeabi.S.obj
                0x10005b70                __wrap_memset
 .text.memcpy   0x10005b7c        0xc CMakeFiles/temp-sensor.dir/C_/notcdrive/jeevan/30daysofjavascript/pico-sdk/src/rp2_common/pico_mem_ops/mem_ops_aeabi.S.obj
                0x10005b7c                __wrap_memcpy
                0x10005b7c                __wrap___aeabi_memcpy
 .text.stdio_out_chars_crlf
                0x10005b88       0x94 CMakeFiles/temp-sensor.dir/C_/notcdrive/jeevan/30daysofjavascript/pico-sdk/src/rp2_common/pico_stdio/stdio.c.obj
 .text.stdio_buffered_printer
                0x10005c1c       0x64 CMakeFiles/temp-sensor.dir/C_/notcdrive/jeevan/30daysofjavascript/pico-sdk/src/rp2_common/pico_stdio/stdio.c.obj
 .text.__wrap_putchar
                0x10005c80       0x98 CMakeFiles/temp-sensor.dir/C_/notcdrive/jeevan/30daysofjavascript/pico-sdk/src/rp2_common/pico_stdio/stdio.c.obj
                0x10005c80                __wrap_putchar
 .text.__wrap_puts
                0x10005d18       0xe0 CMakeFiles/temp-sensor.dir/C_/notcdrive/jeevan/30daysofjavascript/pico-sdk/src/rp2_common/pico_stdio/stdio.c.obj
                0x10005d18                __wrap_puts
 .text._read    0x10005df8       0x94 CMakeFiles/temp-sensor.dir/C_/notcdrive/jeevan/30daysofjavascript/pico-sdk/src/rp2_common/pico_stdio/stdio.c.obj
                0x10005df8                _read
 .text._write   0x10005e8c       0xb4 CMakeFiles/temp-sensor.dir/C_/notcdrive/jeevan/30daysofjavascript/pico-sdk/src/rp2_common/pico_stdio/stdio.c.obj
                0x10005e8c                _write
 .text._close   0x10005f40        0x8 CMakeFiles/temp-sensor.dir/C_/notcdrive/jeevan/30daysofjavascript/pico-sdk/src/rp2_common/pico_stdio/stdio.c.obj
                0x10005f40                _close
 .text._lseek   0x10005f48        0x8 CMakeFiles/temp-sensor.dir/C_/notcdrive/jeevan/30daysofjavascript/pico-sdk/src/rp2_common/pico_stdio/stdio.c.obj
                0x10005f48                _lseek
 .text._fstat   0x10005f50        0x8 CMakeFiles/temp-sensor.dir/C_/notcdrive/jeevan/30daysofjavascript/pico-sdk/src/rp2_common/pico_stdio/stdio.c.obj
                0x10005f50                _fstat
 .text._isatty  0x10005f58        0xc CMakeFiles/temp-sensor.dir/C_/notcdrive/jeevan/30daysofjavascript/pico-sdk/src/rp2_common/pico_stdio/stdio.c.obj
                0x10005f58                _isatty
 .text.__wrap_vprintf
                0x10005f64       0xd4 CMakeFiles/temp-sensor.dir/C_/notcdrive/jeevan/30daysofjavascript/pico-sdk/src/rp2_common/pico_stdio/stdio.c.obj
                0x10005f64                __wrap_vprintf
 .text.__wrap_printf
                0x10006038       0x18 CMakeFiles/temp-sensor.dir/C_/notcdrive/jeevan/30daysofjavascript/pico-sdk/src/rp2_common/pico_stdio/stdio.c.obj
                0x10006038                __wrap_printf
 .text.stdio_init_all
                0x10006050        0x4 CMakeFiles/temp-sensor.dir/C_/notcdrive/jeevan/30daysofjavascript/pico-sdk/src/rp2_common/pico_stdio/stdio.c.obj
                0x10006050                stdio_init_all
 .text.__wrap_getchar
                0x10006054       0x7c CMakeFiles/temp-sensor.dir/C_/notcdrive/jeevan/30daysofjavascript/pico-sdk/src/rp2_common/pico_stdio/stdio.c.obj
                0x10006054                __wrap_getchar
 .text.core1_trampoline
                0x100060d0        0x4 CMakeFiles/temp-sensor.dir/C_/notcdrive/jeevan/30daysofjavascript/pico-sdk/src/rp2_common/pico_multicore/multicore.c.obj
 .text.core1_wrapper
                0x100060d4        0xc CMakeFiles/temp-sensor.dir/C_/notcdrive/jeevan/30daysofjavascript/pico-sdk/src/rp2_common/pico_multicore/multicore.c.obj
                0x100060d4                core1_wrapper
 .text.multicore_fifo_push_blocking
                0x100060e0       0x14 CMakeFiles/temp-sensor.dir/C_/notcdrive/jeevan/30daysofjavascript/pico-sdk/src/rp2_common/pico_multicore/multicore.c.obj
                0x100060e0                multicore_fifo_push_blocking
 .text.multicore_fifo_push_timeout_us
                0x100060f4       0x5c CMakeFiles/temp-sensor.dir/C_/notcdrive/jeevan/30daysofjavascript/pico-sdk/src/rp2_common/pico_multicore/multicore.c.obj
                0x100060f4                multicore_fifo_push_timeout_us
 .text.multicore_fifo_pop_blocking
                0x10006150       0x1c CMakeFiles/temp-sensor.dir/C_/notcdrive/jeevan/30daysofjavascript/pico-sdk/src/rp2_common/pico_multicore/multicore.c.obj
                0x10006150                multicore_fifo_pop_blocking
 .text.multicore_launch_core1_raw
                0x1000616c       0x84 CMakeFiles/temp-sensor.dir/C_/notcdrive/jeevan/30daysofjavascript/pico-sdk/src/rp2_common/pico_multicore/multicore.c.obj
                0x1000616c                multicore_launch_core1_raw
 .text.multicore_launch_core1
                0x100061f0       0x58 CMakeFiles/temp-sensor.dir/C_/notcdrive/jeevan/30daysofjavascript/pico-sdk/src/rp2_common/pico_multicore/multicore.c.obj
                0x100061f0                multicore_launch_core1
 .text.i2c_read_blocking_internal
                0x10006248       0xf4 CMakeFiles/temp-sensor.dir/C_/notcdrive/jeevan/30daysofjavascript/pico-sdk/src/rp2_common/hardware_i2c/i2c.c.obj
 .text.i2c_set_baudrate
                0x1000633c       0xc4 CMakeFiles/temp-sensor.dir/C_/notcdrive/jeevan/30daysofjavascript/pico-sdk/src/rp2_common/hardware_i2c/i2c.c.obj
                0x1000633c                i2c_set_baudrate
 .text.i2c_init
                0x10006400       0x54 CMakeFiles/temp-sensor.dir/C_/notcdrive/jeevan/30daysofjavascript/pico-sdk/src/rp2_common/hardware_i2c/i2c.c.obj
                0x10006400                i2c_init
 .text.i2c_write_blocking
                0x10006454       0xd0 CMakeFiles/temp-sensor.dir/C_/notcdrive/jeevan/30daysofjavascript/pico-sdk/src/rp2_common/hardware_i2c/i2c.c.obj
                0x10006454                i2c_write_blocking
 .text.i2c_read_blocking
                0x10006524       0x90 CMakeFiles/temp-sensor.dir/C_/notcdrive/jeevan/30daysofjavascript/pico-sdk/src/rp2_common/hardware_i2c/i2c.c.obj
                0x10006524                i2c_read_blocking
 .text.i2c_read_blocking_until
                0x100065b4       0x48 CMakeFiles/temp-sensor.dir/C_/notcdrive/jeevan/30daysofjavascript/pico-sdk/src/rp2_common/hardware_i2c/i2c.c.obj
                0x100065b4                i2c_read_blocking_until
 .text._calloc_r
                0x100065fc       0xa8 c:/notcdr~1/allsof~1/armtoo~1/125863~1.3re/bin/../lib/gcc/arm-none-eabi/12.3.1/thumb/v6-m/nofp\libc.a(libc_a-callocr.o)
                0x100065fc                _calloc_r
 .text.malloc   0x100066a4       0x14 c:/notcdr~1/allsof~1/armtoo~1/125863~1.3re/bin/../lib/gcc/arm-none-eabi/12.3.1/thumb/v6-m/nofp\libc.a(libc_a-malloc.o)
                0x100066a4                malloc
 .text.free     0x100066b8       0x14 c:/notcdr~1/allsof~1/armtoo~1/125863~1.3re/bin/../lib/gcc/arm-none-eabi/12.3.1/thumb/v6-m/nofp\libc.a(libc_a-malloc.o)
                0x100066b8                free
 .text._malloc_r
                0x100066cc      0x5c4 c:/notcdr~1/allsof~1/armtoo~1/125863~1.3re/bin/../lib/gcc/arm-none-eabi/12.3.1/thumb/v6-m/nofp\libc.a(libc_a-mallocr.o)
                0x100066cc                _malloc_r
 .text.__malloc_lock
                0x10006c90       0x10 c:/notcdr~1/allsof~1/armtoo~1/125863~1.3re/bin/../lib/gcc/arm-none-eabi/12.3.1/thumb/v6-m/nofp\libc.a(libc_a-mlock.o)
                0x10006c90                __malloc_lock
 .text.__malloc_unlock
                0x10006ca0       0x10 c:/notcdr~1/allsof~1/armtoo~1/125863~1.3re/bin/../lib/gcc/arm-none-eabi/12.3.1/thumb/v6-m/nofp\libc.a(libc_a-mlock.o)
                0x10006ca0                __malloc_unlock
 .text.realloc  0x10006cb0       0x18 c:/notcdr~1/allsof~1/armtoo~1/125863~1.3re/bin/../lib/gcc/arm-none-eabi/12.3.1/thumb/v6-m/nofp\libc.a(libc_a-realloc.o)
                0x10006cb0                realloc
 .text._realloc_r
                0x10006cc8      0x350 c:/notcdr~1/allsof~1/armtoo~1/125863~1.3re/bin/../lib/gcc/arm-none-eabi/12.3.1/thumb/v6-m/nofp\libc.a(libc_a-reallocr.o)
                0x10006cc8                _realloc_r
 .text.scanf    0x10007018       0x24 c:/notcdr~1/allsof~1/armtoo~1/125863~1.3re/bin/../lib/gcc/arm-none-eabi/12.3.1/thumb/v6-m/nofp\libc.a(libc_a-scanf.o)
                0x10007018                scanf
 .text.memmove  0x1000703c       0xb0 c:/notcdr~1/allsof~1/armtoo~1/125863~1.3re/bin/../lib/gcc/arm-none-eabi/12.3.1/thumb/v6-m/nofp\libc.a(libc_a-memmove.o)
                0x1000703c                memmove
 .text._sbrk_r  0x100070ec       0x24 c:/notcdr~1/allsof~1/armtoo~1/125863~1.3re/bin/../lib/gcc/arm-none-eabi/12.3.1/thumb/v6-m/nofp\libc.a(libc_a-sbrkr.o)
                0x100070ec                _sbrk_r
 .text.__errno  0x10007110        0xc c:/notcdr~1/allsof~1/armtoo~1/125863~1.3re/bin/../lib/gcc/arm-none-eabi/12.3.1/thumb/v6-m/nofp\libc.a(libc_a-errno.o)
                0x10007110                __errno
 .text.__retarget_lock_init_recursive
                0x1000711c        0x4 c:/notcdr~1/allsof~1/armtoo~1/125863~1.3re/bin/../lib/gcc/arm-none-eabi/12.3.1/thumb/v6-m/nofp\libc.a(libc_a-lock.o)
                0x1000711c                __retarget_lock_init_recursive
 .text.__retarget_lock_close_recursive
                0x10007120        0x4 c:/notcdr~1/allsof~1/armtoo~1/125863~1.3re/bin/../lib/gcc/arm-none-eabi/12.3.1/thumb/v6-m/nofp\libc.a(libc_a-lock.o)
                0x10007120                __retarget_lock_close_recursive
 .text.__retarget_lock_acquire_recursive
                0x10007124        0x4 c:/notcdr~1/allsof~1/armtoo~1/125863~1.3re/bin/../lib/gcc/arm-none-eabi/12.3.1/thumb/v6-m/nofp\libc.a(libc_a-lock.o)
                0x10007124                __retarget_lock_acquire_recursive
 .text.__retarget_lock_release_recursive
                0x10007128        0x4 c:/notcdr~1/allsof~1/armtoo~1/125863~1.3re/bin/../lib/gcc/arm-none-eabi/12.3.1/thumb/v6-m/nofp\libc.a(libc_a-lock.o)
                0x10007128                __retarget_lock_release_recursive
 .text.sysconf  0x1000712c       0x1c c:/notcdr~1/allsof~1/armtoo~1/125863~1.3re/bin/../lib/gcc/arm-none-eabi/12.3.1/thumb/v6-m/nofp\libc.a(libc_a-sysconf.o)
                0x1000712c                sysconf
 .text.strlen   0x10007148       0x5c c:/notcdr~1/allsof~1/armtoo~1/125863~1.3re/bin/../lib/gcc/arm-none-eabi/12.3.1/thumb/v6-m/nofp\libc.a(libc_a-strlen-stub.o)
                0x10007148                strlen
 .text._malloc_trim_r
                0x100071a4       0xb4 c:/notcdr~1/allsof~1/armtoo~1/125863~1.3re/bin/../lib/gcc/arm-none-eabi/12.3.1/thumb/v6-m/nofp\libc.a(libc_a-freer.o)
                0x100071a4                _malloc_trim_r
 .text._free_r  0x10007258      0x1d4 c:/notcdr~1/allsof~1/armtoo~1/125863~1.3re/bin/../lib/gcc/arm-none-eabi/12.3.1/thumb/v6-m/nofp\libc.a(libc_a-freer.o)
                0x10007258                _free_r
 .text.__svfscanf_r
                0x1000742c     0x1994 c:/notcdr~1/allsof~1/armtoo~1/125863~1.3re/bin/../lib/gcc/arm-none-eabi/12.3.1/thumb/v6-m/nofp\libc.a(libc_a-vfscanf.o)
                0x1000742c                __svfscanf_r
 .text._vfscanf_r
                0x10008dc0       0x28 c:/notcdr~1/allsof~1/armtoo~1/125863~1.3re/bin/../lib/gcc/arm-none-eabi/12.3.1/thumb/v6-m/nofp\libc.a(libc_a-vfscanf.o)
                0x10008dc0                _vfscanf_r
 .text.stdio_exit_handler
                0x10008de8       0x1c c:/notcdr~1/allsof~1/armtoo~1/125863~1.3re/bin/../lib/gcc/arm-none-eabi/12.3.1/thumb/v6-m/nofp\libc.a(libc_a-findfp.o)
 .text.cleanup_stdio
                0x10008e04       0x3c c:/notcdr~1/allsof~1/armtoo~1/125863~1.3re/bin/../lib/gcc/arm-none-eabi/12.3.1/thumb/v6-m/nofp\libc.a(libc_a-findfp.o)
 .text.global_stdio_init.part.0
                0x10008e40      0x118 c:/notcdr~1/allsof~1/armtoo~1/125863~1.3re/bin/../lib/gcc/arm-none-eabi/12.3.1/thumb/v6-m/nofp\libc.a(libc_a-findfp.o)
 .text.__sinit  0x10008f58       0x38 c:/notcdr~1/allsof~1/armtoo~1/125863~1.3re/bin/../lib/gcc/arm-none-eabi/12.3.1/thumb/v6-m/nofp\libc.a(libc_a-findfp.o)
                0x10008f58                __sinit
 .text.__sfp_lock_acquire
                0x10008f90       0x10 c:/notcdr~1/allsof~1/armtoo~1/125863~1.3re/bin/../lib/gcc/arm-none-eabi/12.3.1/thumb/v6-m/nofp\libc.a(libc_a-findfp.o)
                0x10008f90                __sfp_lock_acquire
 .text.__sfp_lock_release
                0x10008fa0       0x10 c:/notcdr~1/allsof~1/armtoo~1/125863~1.3re/bin/../lib/gcc/arm-none-eabi/12.3.1/thumb/v6-m/nofp\libc.a(libc_a-findfp.o)
                0x10008fa0                __sfp_lock_release
 .text._fread_r
                0x10008fb0      0x1e8 c:/notcdr~1/allsof~1/armtoo~1/125863~1.3re/bin/../lib/gcc/arm-none-eabi/12.3.1/thumb/v6-m/nofp\libc.a(libc_a-fread.o)
                0x10008fb0                _fread_r
 .text._fwalk_sglue
                0x10009198       0x44 c:/notcdr~1/allsof~1/armtoo~1/125863~1.3re/bin/../lib/gcc/arm-none-eabi/12.3.1/thumb/v6-m/nofp\libc.a(libc_a-fwalk.o)
                0x10009198                _fwalk_sglue
 .text.lflush   0x100091dc       0x20 c:/notcdr~1/allsof~1/armtoo~1/125863~1.3re/bin/../lib/gcc/arm-none-eabi/12.3.1/thumb/v6-m/nofp\libc.a(libc_a-refill.o)
 .text.__srefill_r
                0x100091fc      0x118 c:/notcdr~1/allsof~1/armtoo~1/125863~1.3re/bin/../lib/gcc/arm-none-eabi/12.3.1/thumb/v6-m/nofp\libc.a(libc_a-refill.o)
                0x100091fc                __srefill_r
 .text.__sccl   0x10009314       0x80 c:/notcdr~1/allsof~1/armtoo~1/125863~1.3re/bin/../lib/gcc/arm-none-eabi/12.3.1/thumb/v6-m/nofp\libc.a(libc_a-sccl.o)
                0x10009314                __sccl
 .text.__sread  0x10009394       0x28 c:/notcdr~1/allsof~1/armtoo~1/125863~1.3re/bin/../lib/gcc/arm-none-eabi/12.3.1/thumb/v6-m/nofp\libc.a(libc_a-stdio.o)
                0x10009394                __sread
 .text.__swrite
                0x100093bc       0x40 c:/notcdr~1/allsof~1/armtoo~1/125863~1.3re/bin/../lib/gcc/arm-none-eabi/12.3.1/thumb/v6-m/nofp\libc.a(libc_a-stdio.o)
                0x100093bc                __swrite
 .text.__sseek  0x100093fc       0x30 c:/notcdr~1/allsof~1/armtoo~1/125863~1.3re/bin/../lib/gcc/arm-none-eabi/12.3.1/thumb/v6-m/nofp\libc.a(libc_a-stdio.o)
                0x100093fc                __sseek
 .text.__sclose
                0x1000942c        0xc c:/notcdr~1/allsof~1/armtoo~1/125863~1.3re/bin/../lib/gcc/arm-none-eabi/12.3.1/thumb/v6-m/nofp\libc.a(libc_a-stdio.o)
                0x1000942c                __sclose
 .text.__submore
                0x10009438       0x84 c:/notcdr~1/allsof~1/armtoo~1/125863~1.3re/bin/../lib/gcc/arm-none-eabi/12.3.1/thumb/v6-m/nofp\libc.a(libc_a-ungetc.o)
                0x10009438                __submore
 .text._ungetc_r
                0x100094bc      0x144 c:/notcdr~1/allsof~1/armtoo~1/125863~1.3re/bin/../lib/gcc/arm-none-eabi/12.3.1/thumb/v6-m/nofp\libc.a(libc_a-ungetc.o)
                0x100094bc                _ungetc_r
 .text.stpncpy  0x10009600       0x70 c:/notcdr~1/allsof~1/armtoo~1/125863~1.3re/bin/../lib/gcc/arm-none-eabi/12.3.1/thumb/v6-m/nofp\libc.a(libc_a-stpncpy.o)
                0x10009600                stpncpy
 .text.__locale_mb_cur_max
                0x10009670       0x10 c:/notcdr~1/allsof~1/armtoo~1/125863~1.3re/bin/../lib/gcc/arm-none-eabi/12.3.1/thumb/v6-m/nofp\libc.a(libc_a-locale.o)
                0x10009670                __locale_mb_cur_max
 .text._localeconv_r
                0x10009680        0x8 c:/notcdr~1/allsof~1/armtoo~1/125863~1.3re/bin/../lib/gcc/arm-none-eabi/12.3.1/thumb/v6-m/nofp\libc.a(libc_a-localeconv.o)
                0x10009680                _localeconv_r
 .text._close_r
                0x10009688       0x24 c:/notcdr~1/allsof~1/armtoo~1/125863~1.3re/bin/../lib/gcc/arm-none-eabi/12.3.1/thumb/v6-m/nofp\libc.a(libc_a-closer.o)
                0x10009688                _close_r
 .text._lseek_r
                0x100096ac       0x28 c:/notcdr~1/allsof~1/armtoo~1/125863~1.3re/bin/../lib/gcc/arm-none-eabi/12.3.1/thumb/v6-m/nofp\libc.a(libc_a-lseekr.o)
                0x100096ac                _lseek_r
 .text._read_r  0x100096d4       0x28 c:/notcdr~1/allsof~1/armtoo~1/125863~1.3re/bin/../lib/gcc/arm-none-eabi/12.3.1/thumb/v6-m/nofp\libc.a(libc_a-readr.o)
                0x100096d4                _read_r
 .text._write_r
                0x100096fc       0x28 c:/notcdr~1/allsof~1/armtoo~1/125863~1.3re/bin/../lib/gcc/arm-none-eabi/12.3.1/thumb/v6-m/nofp\libc.a(libc_a-writer.o)
                0x100096fc                _write_r
 .text          0x10009724       0x88 c:/notcdr~1/allsof~1/armtoo~1/125863~1.3re/bin/../lib/gcc/arm-none-eabi/12.3.1/thumb/v6-m/nofp\libc.a(libc_a-strcmp.o)
                0x10009724                strcmp
 .text.nanf     0x100097ac        0x8 c:/notcdr~1/allsof~1/armtoo~1/125863~1.3re/bin/../lib/gcc/arm-none-eabi/12.3.1/thumb/v6-m/nofp\libc.a(libm_a-sf_nan.o)
                0x100097ac                nanf
 .text.__ascii_mbtowc
                0x100097b4       0x2c c:/notcdr~1/allsof~1/armtoo~1/125863~1.3re/bin/../lib/gcc/arm-none-eabi/12.3.1/thumb/v6-m/nofp\libc.a(libc_a-mbtowc_r.o)
                0x100097b4                __ascii_mbtowc
 .text.sulp     0x100097e0       0x30 c:/notcdr~1/allsof~1/armtoo~1/125863~1.3re/bin/../lib/gcc/arm-none-eabi/12.3.1/thumb/v6-m/nofp\libc.a(libc_a-strtod.o)
 .text._strtod_l
                0x10009810      0xeb0 c:/notcdr~1/allsof~1/armtoo~1/125863~1.3re/bin/../lib/gcc/arm-none-eabi/12.3.1/thumb/v6-m/nofp\libc.a(libc_a-strtod.o)
                0x10009810                _strtod_l
 .text._strtod_r
                0x1000a6c0       0x10 c:/notcdr~1/allsof~1/armtoo~1/125863~1.3re/bin/../lib/gcc/arm-none-eabi/12.3.1/thumb/v6-m/nofp\libc.a(libc_a-strtod.o)
                0x1000a6c0                _strtod_r
 .text._strtol_l.constprop.0
                0x1000a6d0      0x158 c:/notcdr~1/allsof~1/armtoo~1/125863~1.3re/bin/../lib/gcc/arm-none-eabi/12.3.1/thumb/v6-m/nofp\libc.a(libc_a-strtol.o)
 .text._strtol_r
                0x1000a828        0x8 c:/notcdr~1/allsof~1/armtoo~1/125863~1.3re/bin/../lib/gcc/arm-none-eabi/12.3.1/thumb/v6-m/nofp\libc.a(libc_a-strtol.o)
                0x1000a828                _strtol_r
 .text._strtoul_l.constprop.0
                0x1000a830      0x144 c:/notcdr~1/allsof~1/armtoo~1/125863~1.3re/bin/../lib/gcc/arm-none-eabi/12.3.1/thumb/v6-m/nofp\libc.a(libc_a-strtoul.o)
 .text._strtoul_r
                0x1000a974        0x8 c:/notcdr~1/allsof~1/armtoo~1/125863~1.3re/bin/../lib/gcc/arm-none-eabi/12.3.1/thumb/v6-m/nofp\libc.a(libc_a-strtoul.o)
                0x1000a974                _strtoul_r
 .text.__ascii_wctomb
                0x1000a97c       0x1c c:/notcdr~1/allsof~1/armtoo~1/125863~1.3re/bin/../lib/gcc/arm-none-eabi/12.3.1/thumb/v6-m/nofp\libc.a(libc_a-wctomb_r.o)
                0x1000a97c                __ascii_wctomb
 .text._strtoll_l.constprop.0
                0x1000a998      0x1a0 c:/notcdr~1/allsof~1/armtoo~1/125863~1.3re/bin/../lib/gcc/arm-none-eabi/12.3.1/thumb/v6-m/nofp\libc.a(libc_a-strtoll.o)
 .text._strtoll_r
                0x1000ab38        0x8 c:/notcdr~1/allsof~1/armtoo~1/125863~1.3re/bin/../lib/gcc/arm-none-eabi/12.3.1/thumb/v6-m/nofp\libc.a(libc_a-strtoll.o)
                0x1000ab38                _strtoll_r
 .text._strtoull_l.constprop.0
                0x1000ab40      0x1c4 c:/notcdr~1/allsof~1/armtoo~1/125863~1.3re/bin/../lib/gcc/arm-none-eabi/12.3.1/thumb/v6-m/nofp\libc.a(libc_a-strtoull.o)
 .text._strtoull_r
                0x1000ad04        0x8 c:/notcdr~1/allsof~1/armtoo~1/125863~1.3re/bin/../lib/gcc/arm-none-eabi/12.3.1/thumb/v6-m/nofp\libc.a(libc_a-strtoull.o)
                0x1000ad04                _strtoull_r
 .text._mbrtowc_r
                0x1000ad0c       0x54 c:/notcdr~1/allsof~1/armtoo~1/125863~1.3re/bin/../lib/gcc/arm-none-eabi/12.3.1/thumb/v6-m/nofp\libc.a(libc_a-mbrtowc.o)
                0x1000ad0c                _mbrtowc_r
 .text.iswspace
                0x1000ad60        0xc c:/notcdr~1/allsof~1/armtoo~1/125863~1.3re/bin/../lib/gcc/arm-none-eabi/12.3.1/thumb/v6-m/nofp\libc.a(libc_a-iswspace.o)
                0x1000ad60                iswspace
 .text.iswspace_l
                0x1000ad6c       0x24 c:/notcdr~1/allsof~1/armtoo~1/125863~1.3re/bin/../lib/gcc/arm-none-eabi/12.3.1/thumb/v6-m/nofp\libc.a(libc_a-iswspace_l.o)
                0x1000ad6c                iswspace_l
 .text.__jp2uc  0x1000ad90      0x13c c:/notcdr~1/allsof~1/armtoo~1/125863~1.3re/bin/../lib/gcc/arm-none-eabi/12.3.1/thumb/v6-m/nofp\libc.a(libc_a-jp2uc.o)
 .text._jp2uc_l
                0x1000aecc       0x68 c:/notcdr~1/allsof~1/armtoo~1/125863~1.3re/bin/../lib/gcc/arm-none-eabi/12.3.1/thumb/v6-m/nofp\libc.a(libc_a-jp2uc.o)
                0x1000aecc                _jp2uc_l
 .text._fclose_r
                0x1000af34       0xd0 c:/notcdr~1/allsof~1/armtoo~1/125863~1.3re/bin/../lib/gcc/arm-none-eabi/12.3.1/thumb/v6-m/nofp\libc.a(libc_a-fclose.o)
                0x1000af34                _fclose_r
 .text.__sflush_r
                0x1000b004      0x148 c:/notcdr~1/allsof~1/armtoo~1/125863~1.3re/bin/../lib/gcc/arm-none-eabi/12.3.1/thumb/v6-m/nofp\libc.a(libc_a-fflush.o)
                0x1000b004                __sflush_r
 .text._fflush_r
                0x1000b14c       0x68 c:/notcdr~1/allsof~1/armtoo~1/125863~1.3re/bin/../lib/gcc/arm-none-eabi/12.3.1/thumb/v6-m/nofp\libc.a(libc_a-fflush.o)
                0x1000b14c                _fflush_r
 .text.__smakebuf_r
                0x1000b1b4       0xe0 c:/notcdr~1/allsof~1/armtoo~1/125863~1.3re/bin/../lib/gcc/arm-none-eabi/12.3.1/thumb/v6-m/nofp\libc.a(libc_a-makebuf.o)
                0x1000b1b4                __smakebuf_r
 .text.strncmp  0x1000b294       0x68 c:/notcdr~1/allsof~1/armtoo~1/125863~1.3re/bin/../lib/gcc/arm-none-eabi/12.3.1/thumb/v6-m/nofp\libc.a(libc_a-strncmp.o)
                0x1000b294                strncmp
 .text._fstat_r
                0x1000b2fc       0x28 c:/notcdr~1/allsof~1/armtoo~1/125863~1.3re/bin/../lib/gcc/arm-none-eabi/12.3.1/thumb/v6-m/nofp\libc.a(libc_a-fstatr.o)
                0x1000b2fc                _fstat_r
 .text._isatty_r
                0x1000b324       0x24 c:/notcdr~1/allsof~1/armtoo~1/125863~1.3re/bin/../lib/gcc/arm-none-eabi/12.3.1/thumb/v6-m/nofp\libc.a(libc_a-isattyr.o)
                0x1000b324                _isatty_r
 .text.nan      0x1000b348        0xc c:/notcdr~1/allsof~1/armtoo~1/125863~1.3re/bin/../lib/gcc/arm-none-eabi/12.3.1/thumb/v6-m/nofp\libc.a(libm_a-s_nan.o)
                0x1000b348                nan
 .text.rshift   0x1000b354       0xb0 c:/notcdr~1/allsof~1/armtoo~1/125863~1.3re/bin/../lib/gcc/arm-none-eabi/12.3.1/thumb/v6-m/nofp\libc.a(libc_a-gdtoa-gethex.o)
 .text.__gethex
                0x1000b404      0x5a0 c:/notcdr~1/allsof~1/armtoo~1/125863~1.3re/bin/../lib/gcc/arm-none-eabi/12.3.1/thumb/v6-m/nofp\libc.a(libc_a-gdtoa-gethex.o)
                0x1000b404                __gethex
 .text.__match  0x1000b9a4       0x2c c:/notcdr~1/allsof~1/armtoo~1/125863~1.3re/bin/../lib/gcc/arm-none-eabi/12.3.1/thumb/v6-m/nofp\libc.a(libc_a-gdtoa-hexnan.o)
                0x1000b9a4                __match
 .text.__hexnan
                0x1000b9d0      0x204 c:/notcdr~1/allsof~1/armtoo~1/125863~1.3re/bin/../lib/gcc/arm-none-eabi/12.3.1/thumb/v6-m/nofp\libc.a(libc_a-gdtoa-hexnan.o)
                0x1000b9d0                __hexnan
 .text._Balloc  0x1000bbd4       0x50 c:/notcdr~1/allsof~1/armtoo~1/125863~1.3re/bin/../lib/gcc/arm-none-eabi/12.3.1/thumb/v6-m/nofp\libc.a(libc_a-mprec.o)
                0x1000bbd4                _Balloc
 .text._Bfree   0x1000bc24       0x14 c:/notcdr~1/allsof~1/armtoo~1/125863~1.3re/bin/../lib/gcc/arm-none-eabi/12.3.1/thumb/v6-m/nofp\libc.a(libc_a-mprec.o)
                0x1000bc24                _Bfree
 .text.__multadd
                0x1000bc38       0xa8 c:/notcdr~1/allsof~1/armtoo~1/125863~1.3re/bin/../lib/gcc/arm-none-eabi/12.3.1/thumb/v6-m/nofp\libc.a(libc_a-mprec.o)
                0x1000bc38                __multadd
 .text.__s2b    0x1000bce0       0xb0 c:/notcdr~1/allsof~1/armtoo~1/125863~1.3re/bin/../lib/gcc/arm-none-eabi/12.3.1/thumb/v6-m/nofp\libc.a(libc_a-mprec.o)
                0x1000bce0                __s2b
 .text.__hi0bits
                0x1000bd90       0x4c c:/notcdr~1/allsof~1/armtoo~1/125863~1.3re/bin/../lib/gcc/arm-none-eabi/12.3.1/thumb/v6-m/nofp\libc.a(libc_a-mprec.o)
                0x1000bd90                __hi0bits
 .text.__lo0bits
                0x1000bddc       0x5c c:/notcdr~1/allsof~1/armtoo~1/125863~1.3re/bin/../lib/gcc/arm-none-eabi/12.3.1/thumb/v6-m/nofp\libc.a(libc_a-mprec.o)
                0x1000bddc                __lo0bits
 .text.__i2b    0x1000be38       0x60 c:/notcdr~1/allsof~1/armtoo~1/125863~1.3re/bin/../lib/gcc/arm-none-eabi/12.3.1/thumb/v6-m/nofp\libc.a(libc_a-mprec.o)
                0x1000be38                __i2b
 .text.__multiply
                0x1000be98      0x1b0 c:/notcdr~1/allsof~1/armtoo~1/125863~1.3re/bin/../lib/gcc/arm-none-eabi/12.3.1/thumb/v6-m/nofp\libc.a(libc_a-mprec.o)
                0x1000be98                __multiply
 .text.__pow5mult
                0x1000c048       0xd0 c:/notcdr~1/allsof~1/armtoo~1/125863~1.3re/bin/../lib/gcc/arm-none-eabi/12.3.1/thumb/v6-m/nofp\libc.a(libc_a-mprec.o)
                0x1000c048                __pow5mult
 .text.__lshift
                0x1000c118       0xfc c:/notcdr~1/allsof~1/armtoo~1/125863~1.3re/bin/../lib/gcc/arm-none-eabi/12.3.1/thumb/v6-m/nofp\libc.a(libc_a-mprec.o)
                0x1000c118                __lshift
 .text.__mcmp   0x1000c214       0x3c c:/notcdr~1/allsof~1/armtoo~1/125863~1.3re/bin/../lib/gcc/arm-none-eabi/12.3.1/thumb/v6-m/nofp\libc.a(libc_a-mprec.o)
                0x1000c214                __mcmp
 .text.__mdiff  0x1000c250      0x1a4 c:/notcdr~1/allsof~1/armtoo~1/125863~1.3re/bin/../lib/gcc/arm-none-eabi/12.3.1/thumb/v6-m/nofp\libc.a(libc_a-mprec.o)
                0x1000c250                __mdiff
 .text.__ulp    0x1000c3f4       0x40 c:/notcdr~1/allsof~1/armtoo~1/125863~1.3re/bin/../lib/gcc/arm-none-eabi/12.3.1/thumb/v6-m/nofp\libc.a(libc_a-mprec.o)
                0x1000c3f4                __ulp
 .text.__b2d    0x1000c434       0xb8 c:/notcdr~1/allsof~1/armtoo~1/125863~1.3re/bin/../lib/gcc/arm-none-eabi/12.3.1/thumb/v6-m/nofp\libc.a(libc_a-mprec.o)
                0x1000c434                __b2d
 .text.__d2b    0x1000c4ec       0xcc c:/notcdr~1/allsof~1/armtoo~1/125863~1.3re/bin/../lib/gcc/arm-none-eabi/12.3.1/thumb/v6-m/nofp\libc.a(libc_a-mprec.o)
                0x1000c4ec                __d2b
 .text.__ratio  0x1000c5b8       0x68 c:/notcdr~1/allsof~1/armtoo~1/125863~1.3re/bin/../lib/gcc/arm-none-eabi/12.3.1/thumb/v6-m/nofp\libc.a(libc_a-mprec.o)
                0x1000c5b8                __ratio
 .text.__copybits
                0x1000c620       0x40 c:/notcdr~1/allsof~1/armtoo~1/125863~1.3re/bin/../lib/gcc/arm-none-eabi/12.3.1/thumb/v6-m/nofp\libc.a(libc_a-mprec.o)
                0x1000c620                __copybits
 .text.__any_on
                0x1000c660       0x4c c:/notcdr~1/allsof~1/armtoo~1/125863~1.3re/bin/../lib/gcc/arm-none-eabi/12.3.1/thumb/v6-m/nofp\libc.a(libc_a-mprec.o)
                0x1000c660                __any_on
 .text.category
                0x1000c6ac       0x50 c:/notcdr~1/allsof~1/armtoo~1/125863~1.3re/bin/../lib/gcc/arm-none-eabi/12.3.1/thumb/v6-m/nofp\libc.a(libc_a-categories.o)
                0x1000c6ac                category
 *(.fini)
 .fini          0x1000c6fc        0x4 c:/notcdr~1/allsof~1/armtoo~1/125863~1.3re/bin/../lib/gcc/arm-none-eabi/12.3.1/thumb/v6-m/nofp/crti.o
                0x1000c6fc                _fini
 .fini.__stub   0x1000c700       0x50 linker stubs
 *crtbegin.o(.ctors)
 *crtbegin?.o(.ctors)
 *(EXCLUDE_FILE(*crtend.o *crtend?.o) .ctors)
 *(SORT_BY_NAME(.ctors.*))
 *(.ctors)
 *crtbegin.o(.dtors)
 *crtbegin?.o(.dtors)
 *(EXCLUDE_FILE(*crtend.o *crtend?.o) .dtors)
 *(SORT_BY_NAME(.dtors.*))
 *(.dtors)
 *(.eh_frame*)
 .eh_frame      0x1000c750        0x0 c:/notcdr~1/allsof~1/armtoo~1/125863~1.3re/bin/../lib/gcc/arm-none-eabi/12.3.1/thumb/v6-m/nofp/crtbegin.o
                0x1000c750                        . = ALIGN (0x4)

.glue_7         0x1000c750        0x0
 .glue_7        0x1000c750        0x0 linker stubs

.glue_7t        0x1000c750        0x0
 .glue_7t       0x1000c750        0x0 linker stubs

.vfp11_veneer   0x1000c750        0x0
 .vfp11_veneer  0x1000c750        0x0 linker stubs

.v4_bx          0x1000c750        0x0
 .v4_bx         0x1000c750        0x0 linker stubs

.iplt           0x1000c750        0x0
 .iplt          0x1000c750        0x0 c:/notcdr~1/allsof~1/armtoo~1/125863~1.3re/bin/../lib/gcc/arm-none-eabi/12.3.1/thumb/v6-m/nofp/crtbegin.o

.rodata         0x1000c750     0x7f7c
 *(EXCLUDE_FILE(*libm.a: *libc.a:*lib_a-mem*.o *libgcc.a:) .rodata*)
 .rodata.proj_i2c
                0x1000c750        0xc CMakeFiles/temp-sensor.dir/config.cpp.obj
                0x1000c750                proj_i2c
 .rodata.proj_gpio
                0x1000c75c       0x6c CMakeFiles/temp-sensor.dir/config.cpp.obj
                0x1000c75c                proj_gpio
 .rodata._Z18handle_show_configv.str1.4
                0x1000c7c8       0x15 CMakeFiles/temp-sensor.dir/core1.cpp.obj
 *fill*         0x1000c7dd        0x3 
 .rodata._Z18handle_show_dev_idv.str1.4
                0x1000c7e0       0x56 CMakeFiles/temp-sensor.dir/core1.cpp.obj
 *fill*         0x1000c836        0x2 
 .rodata.CSWTCH.5
                0x1000c838       0x14 CMakeFiles/temp-sensor.dir/gpio_callback.cpp.obj
 .rodata._Z12scan_i2c_busP8i2c_instj.str1.4
                0x1000c84c       0x5a CMakeFiles/temp-sensor.dir/i2c_util.cpp.obj
                                 0x62 (size before relaxing)
 *fill*         0x1000c8a6        0x2 
 .rodata._Z26read_temperature_registersP8i2c_insthhPhhPKc.str1.4
                0x1000c8a8       0x4c CMakeFiles/temp-sensor.dir/i2c_util.cpp.obj
 .rodata._Z25print_ambient_temperatureP8i2c_insth.str1.4
                0x1000c8f4       0x14 CMakeFiles/temp-sensor.dir/i2c_util.cpp.obj
 .rodata._Z20read_temp_hyst_limitP8i2c_insth.str1.4
                0x1000c908       0x17 CMakeFiles/temp-sensor.dir/i2c_util.cpp.obj
 *fill*         0x1000c91f        0x1 
 .rodata._Z19read_temp_set_limitP8i2c_insth.str1.4
                0x1000c920       0x16 CMakeFiles/temp-sensor.dir/i2c_util.cpp.obj
 .rodata._Z11read_configP8i2c_insth.str1.4
                0x1000c936       0x16 CMakeFiles/temp-sensor.dir/i2c_util.cpp.obj
                                  0x1 (size before relaxing)
 *fill*         0x1000c936        0x2 
 .rodata._Z17show_landing_pagev.str1.4
                0x1000c938      0x1e6 CMakeFiles/temp-sensor.dir/menu_handler.cpp.obj
 *fill*         0x1000cb1e        0x2 
 .rodata._Z16show_config_menuv.str1.4
                0x1000cb20      0x1d3 CMakeFiles/temp-sensor.dir/menu_handler.cpp.obj
                                0x1f7 (size before relaxing)
 *fill*         0x1000ccf3        0x1 
 .rodata._Z16show_config_menuv
                0x1000ccf4       0x10 CMakeFiles/temp-sensor.dir/menu_handler.cpp.obj
 .rodata._Z20show_dev_change_menuh.str1.4
                0x1000cd04       0x71 CMakeFiles/temp-sensor.dir/menu_handler.cpp.obj
 *fill*         0x1000cd75        0x3 
 .rodata._Z20show_dev_change_menuh
                0x1000cd78       0x1c CMakeFiles/temp-sensor.dir/menu_handler.cpp.obj
 .rodata._Z15show_alert_menuPh.str1.4
                0x1000cd94       0xdb CMakeFiles/temp-sensor.dir/menu_handler.cpp.obj
 *fill*         0x1000ce6f        0x1 
 .rodata._Z12parse_configh.str1.4
                0x1000ce70      0x102 CMakeFiles/temp-sensor.dir/menu_handler.cpp.obj
                                0x112 (size before relaxing)
 *fill*         0x1000cf72        0x2 
 .rodata._Z12clear_screenv.str1.4
                0x1000cf74        0xb CMakeFiles/temp-sensor.dir/util.cpp.obj
 *fill*         0x1000cf7f        0x1 
 .rodata._Z18str_to_fixed_pointPcPl.str1.4
                0x1000cf80       0x1c CMakeFiles/temp-sensor.dir/util.cpp.obj
 *fill*         0x1000cf9c        0x4 
 .rodata.at_the_end_of_time
                0x1000cfa0        0x8 CMakeFiles/temp-sensor.dir/C_/notcdrive/jeevan/30daysofjavascript/pico-sdk/src/common/pico_time/time.c.obj
                0x1000cfa0                at_the_end_of_time
 .rodata.hardware_alarm_claim.str1.4
                0x1000cfa8       0x22 CMakeFiles/temp-sensor.dir/C_/notcdrive/jeevan/30daysofjavascript/pico-sdk/src/rp2_common/hardware_timer/timer.c.obj
 *fill*         0x1000cfca        0x2 
 .rodata.__assert_func.str1.4
                0x1000cfcc       0x3f CMakeFiles/temp-sensor.dir/C_/notcdrive/jeevan/30daysofjavascript/pico-sdk/src/rp2_common/pico_runtime/runtime.c.obj
                                 0x43 (size before relaxing)
 *fill*         0x1000d00b        0x1 
 .rodata.panic.str1.4
                0x1000d00c       0x10 CMakeFiles/temp-sensor.dir/C_/notcdrive/jeevan/30daysofjavascript/pico-sdk/src/rp2_common/pico_runtime/runtime.c.obj
                                 0x12 (size before relaxing)
 .rodata.hard_assertion_failure.str1.4
                0x1000d01c        0xc CMakeFiles/temp-sensor.dir/C_/notcdrive/jeevan/30daysofjavascript/pico-sdk/src/rp2_common/pico_runtime/runtime.c.obj
 .rodata._ftoa.str1.4
                0x1000d028       0x15 CMakeFiles/temp-sensor.dir/C_/notcdrive/jeevan/30daysofjavascript/pico-sdk/src/rp2_common/pico_printf/printf.c.obj
 *fill*         0x1000d03d        0x3 
 .rodata._vsnprintf
                0x1000d040      0x19c CMakeFiles/temp-sensor.dir/C_/notcdrive/jeevan/30daysofjavascript/pico-sdk/src/rp2_common/pico_printf/printf.c.obj
 *fill*         0x1000d1dc        0x4 
 .rodata.pow10.0
                0x1000d1e0       0x50 CMakeFiles/temp-sensor.dir/C_/notcdrive/jeevan/30daysofjavascript/pico-sdk/src/rp2_common/pico_printf/printf.c.obj
 .rodata.__wrap_malloc.str1.4
                0x1000d230        0xe CMakeFiles/temp-sensor.dir/C_/notcdrive/jeevan/30daysofjavascript/pico-sdk/src/rp2_common/pico_malloc/pico_malloc.c.obj
 *fill*         0x1000d23e        0x2 
 .rodata.str1.4
                0x1000d240       0x40 CMakeFiles/temp-sensor.dir/C_/notcdrive/jeevan/30daysofjavascript/pico-sdk/src/rp2_common/pico_standard_link/binary_info.c.obj
 .rodata.__bi_81
                0x1000d280        0xc CMakeFiles/temp-sensor.dir/C_/notcdrive/jeevan/30daysofjavascript/pico-sdk/src/rp2_common/pico_standard_link/binary_info.c.obj
 .rodata.__bi_75
                0x1000d28c        0xc CMakeFiles/temp-sensor.dir/C_/notcdrive/jeevan/30daysofjavascript/pico-sdk/src/rp2_common/pico_standard_link/binary_info.c.obj
 .rodata.__bi_44
                0x1000d298        0xc CMakeFiles/temp-sensor.dir/C_/notcdrive/jeevan/30daysofjavascript/pico-sdk/src/rp2_common/pico_standard_link/binary_info.c.obj
 .rodata.crlf_str.0
                0x1000d2a4        0x2 CMakeFiles/temp-sensor.dir/C_/notcdrive/jeevan/30daysofjavascript/pico-sdk/src/rp2_common/pico_stdio/stdio.c.obj
 *fill*         0x1000d2a6        0x2 
 .rodata.__svfscanf_r.str1.4
                0x1000d2a8        0x5 c:/notcdr~1/allsof~1/armtoo~1/125863~1.3re/bin/../lib/gcc/arm-none-eabi/12.3.1/thumb/v6-m/nofp\libc.a(libc_a-vfscanf.o)
                                  0x9 (size before relaxing)
 *fill*         0x1000d2ad        0x3 
 .rodata.__svfscanf_r
                0x1000d2b0      0x3cc c:/notcdr~1/allsof~1/armtoo~1/125863~1.3re/bin/../lib/gcc/arm-none-eabi/12.3.1/thumb/v6-m/nofp\libc.a(libc_a-vfscanf.o)
 .rodata.basefix.0
                0x1000d67c       0x22 c:/notcdr~1/allsof~1/armtoo~1/125863~1.3re/bin/../lib/gcc/arm-none-eabi/12.3.1/thumb/v6-m/nofp\libc.a(libc_a-vfscanf.o)
 *fill*         0x1000d69e        0x2 
 .rodata.str1.4
                0x1000d6a0       0x44 c:/notcdr~1/allsof~1/armtoo~1/125863~1.3re/bin/../lib/gcc/arm-none-eabi/12.3.1/thumb/v6-m/nofp\libc.a(libc_a-locale.o)
                                 0x4c (size before relaxing)
 .rodata._strtod_l.str1.4
                0x1000d6e4        0xf c:/notcdr~1/allsof~1/armtoo~1/125863~1.3re/bin/../lib/gcc/arm-none-eabi/12.3.1/thumb/v6-m/nofp\libc.a(libc_a-strtod.o)
                                 0x15 (size before relaxing)
 *fill*         0x1000d6f3        0x1 
 .rodata._strtod_l
                0x1000d6f4       0xd0 c:/notcdr~1/allsof~1/armtoo~1/125863~1.3re/bin/../lib/gcc/arm-none-eabi/12.3.1/thumb/v6-m/nofp\libc.a(libc_a-strtod.o)
 .rodata.fpinan.0
                0x1000d7c4       0x14 c:/notcdr~1/allsof~1/armtoo~1/125863~1.3re/bin/../lib/gcc/arm-none-eabi/12.3.1/thumb/v6-m/nofp\libc.a(libc_a-strtod.o)
 .rodata.fpi.1  0x1000d7d8       0x14 c:/notcdr~1/allsof~1/armtoo~1/125863~1.3re/bin/../lib/gcc/arm-none-eabi/12.3.1/thumb/v6-m/nofp\libc.a(libc_a-strtod.o)
 *fill*         0x1000d7ec        0x4 
 .rodata.tinytens
                0x1000d7f0       0x28 c:/notcdr~1/allsof~1/armtoo~1/125863~1.3re/bin/../lib/gcc/arm-none-eabi/12.3.1/thumb/v6-m/nofp\libc.a(libc_a-strtod.o)
 .rodata._mbrtowc_r.str1.4
                0x1000d818        0x1 c:/notcdr~1/allsof~1/armtoo~1/125863~1.3re/bin/../lib/gcc/arm-none-eabi/12.3.1/thumb/v6-m/nofp\libc.a(libc_a-mbrtowc.o)
 .rodata._ctype_
                0x1000d818      0x101 c:/notcdr~1/allsof~1/armtoo~1/125863~1.3re/bin/../lib/gcc/arm-none-eabi/12.3.1/thumb/v6-m/nofp\libc.a(libc_a-ctype_.o)
                0x1000d818                _ctype_
 *fill*         0x1000d919        0x3 
 .rodata.__jp2uc
                0x1000d91c       0x20 c:/notcdr~1/allsof~1/armtoo~1/125863~1.3re/bin/../lib/gcc/arm-none-eabi/12.3.1/thumb/v6-m/nofp\libc.a(libc_a-jp2uc.o)
 .rodata._jp2uc_l.str1.4
                0x1000d93c       0x12 c:/notcdr~1/allsof~1/armtoo~1/125863~1.3re/bin/../lib/gcc/arm-none-eabi/12.3.1/thumb/v6-m/nofp\libc.a(libc_a-jp2uc.o)
 *fill*         0x1000d94e        0x2 
 .rodata.d02f4  0x1000d950     0x1a7c c:/notcdr~1/allsof~1/armtoo~1/125863~1.3re/bin/../lib/gcc/arm-none-eabi/12.3.1/thumb/v6-m/nofp\libc.a(libc_a-jp2uc.o)
 .rodata.b02cf  0x1000f3cc     0x172a c:/notcdr~1/allsof~1/armtoo~1/125863~1.3re/bin/../lib/gcc/arm-none-eabi/12.3.1/thumb/v6-m/nofp\libc.a(libc_a-jp2uc.o)
 *fill*         0x10010af6        0x2 
 .rodata.a8     0x10010af8       0x40 c:/notcdr~1/allsof~1/armtoo~1/125863~1.3re/bin/../lib/gcc/arm-none-eabi/12.3.1/thumb/v6-m/nofp\libc.a(libc_a-jp2uc.o)
 .rodata.a7     0x10010b38       0xa2 c:/notcdr~1/allsof~1/armtoo~1/125863~1.3re/bin/../lib/gcc/arm-none-eabi/12.3.1/thumb/v6-m/nofp\libc.a(libc_a-jp2uc.o)
 *fill*         0x10010bda        0x2 
 .rodata.a6     0x10010bdc       0x70 c:/notcdr~1/allsof~1/armtoo~1/125863~1.3re/bin/../lib/gcc/arm-none-eabi/12.3.1/thumb/v6-m/nofp\libc.a(libc_a-jp2uc.o)
 .rodata.a3     0x10010c4c       0x5b c:/notcdr~1/allsof~1/armtoo~1/125863~1.3re/bin/../lib/gcc/arm-none-eabi/12.3.1/thumb/v6-m/nofp\libc.a(libc_a-jp2uc.o)
 *fill*         0x10010ca7        0x1 
 .rodata.a2     0x10010ca8       0xbc c:/notcdr~1/allsof~1/armtoo~1/125863~1.3re/bin/../lib/gcc/arm-none-eabi/12.3.1/thumb/v6-m/nofp\libc.a(libc_a-jp2uc.o)
 .rodata.a1     0x10010d64       0xbc c:/notcdr~1/allsof~1/armtoo~1/125863~1.3re/bin/../lib/gcc/arm-none-eabi/12.3.1/thumb/v6-m/nofp\libc.a(libc_a-jp2uc.o)
 .rodata.__gethex.str1.4
                0x10010e20       0x75 c:/notcdr~1/allsof~1/armtoo~1/125863~1.3re/bin/../lib/gcc/arm-none-eabi/12.3.1/thumb/v6-m/nofp\libc.a(libc_a-gdtoa-gethex.o)
                                 0x79 (size before relaxing)
 *fill*         0x10010e95        0x3 
 .rodata.__hexdig
                0x10010e98      0x100 c:/notcdr~1/allsof~1/armtoo~1/125863~1.3re/bin/../lib/gcc/arm-none-eabi/12.3.1/thumb/v6-m/nofp\libc.a(libc_a-gdtoa-gethex.o)
                0x10010e98                __hexdig
 .rodata.__multadd.str1.4
                0x10010f98       0x5a c:/notcdr~1/allsof~1/armtoo~1/125863~1.3re/bin/../lib/gcc/arm-none-eabi/12.3.1/thumb/v6-m/nofp\libc.a(libc_a-mprec.o)
                                 0x6e (size before relaxing)
 *fill*         0x10010ff2        0x2 
 .rodata.p05.0  0x10010ff4        0xc c:/notcdr~1/allsof~1/armtoo~1/125863~1.3re/bin/../lib/gcc/arm-none-eabi/12.3.1/thumb/v6-m/nofp\libc.a(libc_a-mprec.o)
 .rodata.__mprec_bigtens
                0x10011000       0x28 c:/notcdr~1/allsof~1/armtoo~1/125863~1.3re/bin/../lib/gcc/arm-none-eabi/12.3.1/thumb/v6-m/nofp\libc.a(libc_a-mprec.o)
                0x10011000                __mprec_bigtens
 .rodata.__mprec_tens
                0x10011028       0xc8 c:/notcdr~1/allsof~1/armtoo~1/125863~1.3re/bin/../lib/gcc/arm-none-eabi/12.3.1/thumb/v6-m/nofp\libc.a(libc_a-mprec.o)
                0x10011028                __mprec_tens
 .rodata.categories
                0x100110f0     0x35dc c:/notcdr~1/allsof~1/armtoo~1/125863~1.3re/bin/../lib/gcc/arm-none-eabi/12.3.1/thumb/v6-m/nofp\libc.a(libc_a-categories.o)
                0x100146cc                        . = ALIGN (0x4)
 *(SORT_BY_ALIGNMENT(SORT_BY_NAME(.flashdata*)))
                0x100146cc                        . = ALIGN (0x4)

.ARM.extab
 *(.ARM.extab* .gnu.linkonce.armextab.*)
                0x100146cc                        __exidx_start = .

.ARM.exidx
 *(.ARM.exidx* .gnu.linkonce.armexidx.*)
                0x100146cc                        __exidx_end = .
                0x100146cc                        . = ALIGN (0x4)
                0x100146cc                        __binary_info_start = .

.binary_info    0x100146cc       0x1c
 *(.binary_info.keep.*)
 .binary_info.keep.__bi_ptr81
                0x100146cc        0x4 CMakeFiles/temp-sensor.dir/C_/notcdrive/jeevan/30daysofjavascript/pico-sdk/src/rp2_common/pico_standard_link/binary_info.c.obj
 .binary_info.keep.__bi_ptr75
                0x100146d0        0x4 CMakeFiles/temp-sensor.dir/C_/notcdrive/jeevan/30daysofjavascript/pico-sdk/src/rp2_common/pico_standard_link/binary_info.c.obj
 .binary_info.keep.__bi_ptr50
                0x100146d4        0x4 CMakeFiles/temp-sensor.dir/C_/notcdrive/jeevan/30daysofjavascript/pico-sdk/src/rp2_common/pico_standard_link/binary_info.c.obj
 .binary_info.keep.__bi_ptr44
                0x100146d8        0x4 CMakeFiles/temp-sensor.dir/C_/notcdrive/jeevan/30daysofjavascript/pico-sdk/src/rp2_common/pico_standard_link/binary_info.c.obj
 .binary_info.keep.__bi_ptr38
                0x100146dc        0x4 CMakeFiles/temp-sensor.dir/C_/notcdrive/jeevan/30daysofjavascript/pico-sdk/src/rp2_common/pico_standard_link/binary_info.c.obj
 .binary_info.keep.__bi_ptr30
                0x100146e0        0x4 CMakeFiles/temp-sensor.dir/C_/notcdrive/jeevan/30daysofjavascript/pico-sdk/src/rp2_common/pico_standard_link/binary_info.c.obj
 .binary_info.keep.__bi_ptr22
                0x100146e4        0x4 CMakeFiles/temp-sensor.dir/C_/notcdrive/jeevan/30daysofjavascript/pico-sdk/src/rp2_common/pico_standard_link/binary_info.c.obj
 *(.binary_info.*)
                0x100146e8                        __binary_info_end = .

.rel.dyn        0x100146e8        0x0
 .rel.iplt      0x100146e8        0x0 c:/notcdr~1/allsof~1/armtoo~1/125863~1.3re/bin/../lib/gcc/arm-none-eabi/12.3.1/thumb/v6-m/nofp/crtbegin.o
                0x100146e8                        . = ALIGN (0x4)

.ram_vector_table
                0x20000000       0xc0
 *(.ram_vector_table)
 .ram_vector_table
                0x20000000       0xc0 CMakeFiles/temp-sensor.dir/C_/notcdrive/jeevan/30daysofjavascript/pico-sdk/src/rp2_common/pico_runtime/runtime.c.obj
                0x20000000                ram_vector_table

.data           0x200000c0      0x95c load address 0x100146e8
                0x200000c0                        __data_start__ = .
 *(vtable)
 *(.time_critical*)
 .time_critical.mutex_enter_blocking
                0x200000c0       0x48 CMakeFiles/temp-sensor.dir/C_/notcdrive/jeevan/30daysofjavascript/pico-sdk/src/common/pico_sync/mutex.c.obj
                0x200000c0                mutex_enter_blocking
 .time_critical.mutex_try_enter_block_until
                0x20000108       0x9c CMakeFiles/temp-sensor.dir/C_/notcdrive/jeevan/30daysofjavascript/pico-sdk/src/common/pico_sync/mutex.c.obj
                0x20000108                mutex_try_enter_block_until
 .time_critical.mutex_exit
                0x200001a4       0x28 CMakeFiles/temp-sensor.dir/C_/notcdrive/jeevan/30daysofjavascript/pico-sdk/src/common/pico_sync/mutex.c.obj
                0x200001a4                mutex_exit
 *(.text*)
 .text          0x200001cc        0x4 c:/notcdr~1/allsof~1/armtoo~1/125863~1.3re/bin/../lib/gcc/arm-none-eabi/12.3.1/thumb/v6-m/nofp\libgcc.a(_dvmd_tls.o)
                0x200001cc                __aeabi_idiv0
                0x200001cc                __aeabi_ldiv0
 .text.__stub   0x200001d0       0x10 linker stubs
                0x200001e0                        . = ALIGN (0x4)
 *(.rodata*)
                0x200001e0                        . = ALIGN (0x4)
 *(.data*)
 .data.btns     0x200001e0       0xc0 CMakeFiles/temp-sensor.dir/main.cpp.obj
                0x200001e0                btns
 .data.dev_addr
                0x200002a0        0x1 CMakeFiles/temp-sensor.dir/main.cpp.obj
                0x200002a0                dev_addr
 *fill*         0x200002a1        0x3 
 .data.i2c      0x200002a4        0x4 CMakeFiles/temp-sensor.dir/main.cpp.obj
                0x200002a4                i2c
 .data.striped_spin_lock_num
                0x200002a8        0x1 CMakeFiles/temp-sensor.dir/C_/notcdrive/jeevan/30daysofjavascript/pico-sdk/src/rp2_common/hardware_sync/sync.c.obj
 *fill*         0x200002a9        0x3 
 .data          0x200002ac       0x48 CMakeFiles/temp-sensor.dir/C_/notcdrive/jeevan/30daysofjavascript/pico-sdk/src/rp2_common/hardware_irq/irq_handler_chain.S.obj
                0x200002ac                irq_handler_chain_slots
                0x200002dc                irq_handler_chain_first_slot
                0x200002e6                irq_handler_chain_remove_tail
 .data.default_alarm_pool
                0x200002f4       0x18 CMakeFiles/temp-sensor.dir/C_/notcdrive/jeevan/30daysofjavascript/pico-sdk/src/common/pico_time/time.c.obj
 .data.default_alarm_pool_heap
                0x2000030c       0x10 CMakeFiles/temp-sensor.dir/C_/notcdrive/jeevan/30daysofjavascript/pico-sdk/src/common/pico_time/time.c.obj
 *fill*         0x2000031c        0x4 
 .data.aeabi_bits_funcs
                0x20000320       0x10 CMakeFiles/temp-sensor.dir/C_/notcdrive/jeevan/30daysofjavascript/pico-sdk/src/rp2_common/pico_bit_ops/bit_ops_aeabi.S.obj
                0x20000320                aeabi_bits_funcs
                0x20000330                aeabi_bits_funcs_end
 .data.aeabi_mem_funcs
                0x20000330       0x10 CMakeFiles/temp-sensor.dir/C_/notcdrive/jeevan/30daysofjavascript/pico-sdk/src/rp2_common/pico_mem_ops/mem_ops_aeabi.S.obj
                0x20000330                aeabi_mem_funcs
                0x20000340                aeabi_mem_funcs_end
 .data.i2c0_inst
                0x20000340        0x8 CMakeFiles/temp-sensor.dir/C_/notcdrive/jeevan/30daysofjavascript/pico-sdk/src/rp2_common/hardware_i2c/i2c.c.obj
                0x20000340                i2c0_inst
 .data.__malloc_sbrk_base
                0x20000348        0x4 c:/notcdr~1/allsof~1/armtoo~1/125863~1.3re/bin/../lib/gcc/arm-none-eabi/12.3.1/thumb/v6-m/nofp\libc.a(libc_a-mallocr.o)
                0x20000348                __malloc_sbrk_base
 .data.__malloc_trim_threshold
                0x2000034c        0x4 c:/notcdr~1/allsof~1/armtoo~1/125863~1.3re/bin/../lib/gcc/arm-none-eabi/12.3.1/thumb/v6-m/nofp\libc.a(libc_a-mallocr.o)
                0x2000034c                __malloc_trim_threshold
 .data.__malloc_av_
                0x20000350      0x408 c:/notcdr~1/allsof~1/armtoo~1/125863~1.3re/bin/../lib/gcc/arm-none-eabi/12.3.1/thumb/v6-m/nofp\libc.a(libc_a-mallocr.o)
                0x20000350                __malloc_av_
 .data._impure_ptr
                0x20000758        0x4 c:/notcdr~1/allsof~1/armtoo~1/125863~1.3re/bin/../lib/gcc/arm-none-eabi/12.3.1/thumb/v6-m/nofp\libc.a(libc_a-impure.o)
                0x20000758                _impure_ptr
 *fill*         0x2000075c        0x4 
 .data._impure_data
                0x20000760      0x120 c:/notcdr~1/allsof~1/armtoo~1/125863~1.3re/bin/../lib/gcc/arm-none-eabi/12.3.1/thumb/v6-m/nofp\libc.a(libc_a-impure.o)
                0x20000760                _impure_data
 .data.__sglue  0x20000880        0xc c:/notcdr~1/allsof~1/armtoo~1/125863~1.3re/bin/../lib/gcc/arm-none-eabi/12.3.1/thumb/v6-m/nofp\libc.a(libc_a-findfp.o)
                0x20000880                __sglue
 .data.__global_locale
                0x2000088c      0x16c c:/notcdr~1/allsof~1/armtoo~1/125863~1.3re/bin/../lib/gcc/arm-none-eabi/12.3.1/thumb/v6-m/nofp\libc.a(libc_a-locale.o)
                0x2000088c                __global_locale
                0x200009f8                        . = ALIGN (0x4)
 *(.after_data.*)
                0x200009f8                        . = ALIGN (0x4)
                0x200009f8                        PROVIDE (__mutex_array_start = .)
 *(SORT_BY_NAME(.mutex_array.*))
 *(.mutex_array)
 .mutex_array   0x200009f8        0x8 CMakeFiles/temp-sensor.dir/C_/notcdrive/jeevan/30daysofjavascript/pico-sdk/src/rp2_common/pico_malloc/pico_malloc.c.obj
 .mutex_array   0x20000a00        0x8 CMakeFiles/temp-sensor.dir/C_/notcdrive/jeevan/30daysofjavascript/pico-sdk/src/rp2_common/pico_stdio/stdio.c.obj
                0x20000a08                        PROVIDE (__mutex_array_end = .)
                0x20000a08                        . = ALIGN (0x4)
                0x20000a08                        PROVIDE (__preinit_array_start = .)
 *(SORT_BY_NAME(.preinit_array.*))
 .preinit_array.00001
                0x20000a08        0x4 CMakeFiles/temp-sensor.dir/C_/notcdrive/jeevan/30daysofjavascript/pico-sdk/src/rp2_common/pico_mem_ops/mem_ops_aeabi.S.obj
 .preinit_array.00010
                0x20000a0c        0x4 CMakeFiles/temp-sensor.dir/C_/notcdrive/jeevan/30daysofjavascript/pico-sdk/src/rp2_common/pico_bit_ops/bit_ops_aeabi.S.obj
 .preinit_array.00020
                0x20000a10        0x4 CMakeFiles/temp-sensor.dir/C_/notcdrive/jeevan/30daysofjavascript/pico-sdk/src/rp2_common/pico_double/double_aeabi.S.obj
 .preinit_array.00020
                0x20000a14        0x4 CMakeFiles/temp-sensor.dir/C_/notcdrive/jeevan/30daysofjavascript/pico-sdk/src/rp2_common/pico_float/float_aeabi.S.obj
 *(.preinit_array)
                0x20000a18                        PROVIDE (__preinit_array_end = .)
                0x20000a18                        . = ALIGN (0x4)
                0x20000a18                        PROVIDE (__init_array_start = .)
 *(SORT_BY_NAME(.init_array.*))
 *(.init_array)
 .init_array    0x20000a18        0x4 c:/notcdr~1/allsof~1/armtoo~1/125863~1.3re/bin/../lib/gcc/arm-none-eabi/12.3.1/thumb/v6-m/nofp/crtbegin.o
                0x20000a1c                        PROVIDE (__init_array_end = .)
                0x20000a1c                        . = ALIGN (0x4)
                [!provide]                        PROVIDE (__fini_array_start = .)
 *(SORT_BY_NAME(.fini_array.*))
 *(.fini_array)
                [!provide]                        PROVIDE (__fini_array_end = .)
 *(.jcr)
                0x20000a1c                        . = ALIGN (0x4)
                0x20000a1c                        __data_end__ = .
                0x100146e8                        __etext = LOADADDR (.data)

.tm_clone_table
                0x20000a1c        0x0 load address 0x10015044
 .tm_clone_table
                0x20000a1c        0x0 c:/notcdr~1/allsof~1/armtoo~1/125863~1.3re/bin/../lib/gcc/arm-none-eabi/12.3.1/thumb/v6-m/nofp/crtbegin.o
 .tm_clone_table
                0x20000a1c        0x0 c:/notcdr~1/allsof~1/armtoo~1/125863~1.3re/bin/../lib/gcc/arm-none-eabi/12.3.1/thumb/v6-m/nofp/crtend.o

.igot.plt       0x20000a1c        0x0 load address 0x10015044
 .igot.plt      0x20000a1c        0x0 c:/notcdr~1/allsof~1/armtoo~1/125863~1.3re/bin/../lib/gcc/arm-none-eabi/12.3.1/thumb/v6-m/nofp/crtbegin.o

.uninitialized_data
                0x20000a1c        0x0 load address 0x10015044
                0x20000a1c                        . = ALIGN (0x4)
 *(.uninitialized_data*)

.scratch_x      0x20040000        0x0 load address 0x10015044
                0x20040000                        __scratch_x_start__ = .
 *(.scratch_x.*)
                0x20040000                        . = ALIGN (0x4)
                0x20040000                        __scratch_x_end__ = .
                0x10015044                        __scratch_x_source__ = LOADADDR (.scratch_x)

.scratch_y      0x20041000        0x0 load address 0x10015044
                0x20041000                        __scratch_y_start__ = .
 *(.scratch_y.*)
                0x20041000                        . = ALIGN (0x4)
                0x20041000                        __scratch_y_end__ = .
                0x10015044                        __scratch_y_source__ = LOADADDR (.scratch_y)

.bss            0x20000a20      0x558
                0x20000a20                        . = ALIGN (0x4)
                0x20000a20                        __bss_start__ = .
 *(SORT_BY_ALIGNMENT(SORT_BY_NAME(.bss*)))
 .bss.configured_freq
                0x20000a20       0x28 CMakeFiles/temp-sensor.dir/C_/notcdrive/jeevan/30daysofjavascript/pico-sdk/src/rp2_common/hardware_clocks/clocks.c.obj
 .bss.default_alarm_pool_entries
                0x20000a48      0x100 CMakeFiles/temp-sensor.dir/C_/notcdrive/jeevan/30daysofjavascript/pico-sdk/src/common/pico_time/time.c.obj
 .bss.sd_table  0x20000b48      0x100 CMakeFiles/temp-sensor.dir/C_/notcdrive/jeevan/30daysofjavascript/pico-sdk/src/rp2_common/pico_double/double_init_rom.c.obj