Archive member included to satisfy reference by file (symbol)

c:/notcdr~1/allsof~1/armtoo~1/125863~1.3re/bin/../lib/gcc/arm-none-eabi/12.3.1/thumb/v6-m/nofp\libgcc.a(_dvmd_tls.o)
                              CMakeFiles/tictactoe.dir/C_/notcdrive/jeevan/30daysofjavascript/pico-sdk/src/rp2_common/pico_divider/divider.S.obj (__aeabi_idiv0)
c:/notcdr~1/allsof~1/armtoo~1/125863~1.3re/bin/../lib/gcc/arm-none-eabi/12.3.1/thumb/v6-m/nofp\libc.a(libc_a-calloc.o)
                              CMakeFiles/tictactoe.dir/C_/notcdrive/jeevan/30daysofjavascript/pico-sdk/src/rp2_common/pico_malloc/pico_malloc.c.obj (calloc)
c:/notcdr~1/allsof~1/armtoo~1/125863~1.3re/bin/../lib/gcc/arm-none-eabi/12.3.1/thumb/v6-m/nofp\libc.a(libc_a-callocr.o)
                              c:/notcdr~1/allsof~1/armtoo~1/125863~1.3re/bin/../lib/gcc/arm-none-eabi/12.3.1/thumb/v6-m/nofp\libc.a(libc_a-calloc.o) (_calloc_r)
c:/notcdr~1/allsof~1/armtoo~1/125863~1.3re/bin/../lib/gcc/arm-none-eabi/12.3.1/thumb/v6-m/nofp\libc.a(libc_a-malloc.o)
                              CMakeFiles/tictactoe.dir/C_/notcdrive/jeevan/30daysofjavascript/pico-sdk/src/rp2_common/pico_malloc/pico_malloc.c.obj (malloc)
c:/notcdr~1/allsof~1/armtoo~1/125863~1.3re/bin/../lib/gcc/arm-none-eabi/12.3.1/thumb/v6-m/nofp\libc.a(libc_a-mallocr.o)
                              c:/notcdr~1/allsof~1/armtoo~1/125863~1.3re/bin/../lib/gcc/arm-none-eabi/12.3.1/thumb/v6-m/nofp\libc.a(libc_a-callocr.o) (_malloc_r)
c:/notcdr~1/allsof~1/armtoo~1/125863~1.3re/bin/../lib/gcc/arm-none-eabi/12.3.1/thumb/v6-m/nofp\libc.a(libc_a-mlock.o)
                              c:/notcdr~1/allsof~1/armtoo~1/125863~1.3re/bin/../lib/gcc/arm-none-eabi/12.3.1/thumb/v6-m/nofp\libc.a(libc_a-mallocr.o) (__malloc_lock)
c:/notcdr~1/allsof~1/armtoo~1/125863~1.3re/bin/../lib/gcc/arm-none-eabi/12.3.1/thumb/v6-m/nofp\libc.a(libc_a-realloc.o)
                              CMakeFiles/tictactoe.dir/C_/notcdrive/jeevan/30daysofjavascript/pico-sdk/src/rp2_common/pico_malloc/pico_malloc.c.obj (realloc)
c:/notcdr~1/allsof~1/armtoo~1/125863~1.3re/bin/../lib/gcc/arm-none-eabi/12.3.1/thumb/v6-m/nofp\libc.a(libc_a-reallocr.o)
                              c:/notcdr~1/allsof~1/armtoo~1/125863~1.3re/bin/../lib/gcc/arm-none-eabi/12.3.1/thumb/v6-m/nofp\libc.a(libc_a-realloc.o) (_realloc_r)
c:/notcdr~1/allsof~1/armtoo~1/125863~1.3re/bin/../lib/gcc/arm-none-eabi/12.3.1/thumb/v6-m/nofp\libc.a(libc_a-memmove.o)
                              c:/notcdr~1/allsof~1/armtoo~1/125863~1.3re/bin/../lib/gcc/arm-none-eabi/12.3.1/thumb/v6-m/nofp\libc.a(libc_a-reallocr.o) (memmove)
c:/notcdr~1/allsof~1/armtoo~1/125863~1.3re/bin/../lib/gcc/arm-none-eabi/12.3.1/thumb/v6-m/nofp\libc.a(libc_a-impure.o)
                              c:/notcdr~1/allsof~1/armtoo~1/125863~1.3re/bin/../lib/gcc/arm-none-eabi/12.3.1/thumb/v6-m/nofp\libc.a(libc_a-calloc.o) (_impure_ptr)
c:/notcdr~1/allsof~1/armtoo~1/125863~1.3re/bin/../lib/gcc/arm-none-eabi/12.3.1/thumb/v6-m/nofp\libc.a(libc_a-sbrkr.o)
                              c:/notcdr~1/allsof~1/armtoo~1/125863~1.3re/bin/../lib/gcc/arm-none-eabi/12.3.1/thumb/v6-m/nofp\libc.a(libc_a-mallocr.o) (_sbrk_r)
c:/notcdr~1/allsof~1/armtoo~1/125863~1.3re/bin/../lib/gcc/arm-none-eabi/12.3.1/thumb/v6-m/nofp\libc.a(libc_a-errno.o)
                              c:/notcdr~1/allsof~1/armtoo~1/125863~1.3re/bin/../lib/gcc/arm-none-eabi/12.3.1/thumb/v6-m/nofp\libc.a(libc_a-callocr.o) (__errno)
c:/notcdr~1/allsof~1/armtoo~1/125863~1.3re/bin/../lib/gcc/arm-none-eabi/12.3.1/thumb/v6-m/nofp\libc.a(libc_a-init.o)
                              c:/notcdr~1/allsof~1/armtoo~1/125863~1.3re/bin/../lib/gcc/arm-none-eabi/12.3.1/thumb/v6-m/nofp/crt0.o (__libc_init_array)
c:/notcdr~1/allsof~1/armtoo~1/125863~1.3re/bin/../lib/gcc/arm-none-eabi/12.3.1/thumb/v6-m/nofp\libc.a(libc_a-lock.o)
                              c:/notcdr~1/allsof~1/armtoo~1/125863~1.3re/bin/../lib/gcc/arm-none-eabi/12.3.1/thumb/v6-m/nofp\libc.a(libc_a-mlock.o) (__retarget_lock_acquire_recursive)
c:/notcdr~1/allsof~1/armtoo~1/125863~1.3re/bin/../lib/gcc/arm-none-eabi/12.3.1/thumb/v6-m/nofp\libc.a(libc_a-sysconf.o)
                              c:/notcdr~1/allsof~1/armtoo~1/125863~1.3re/bin/../lib/gcc/arm-none-eabi/12.3.1/thumb/v6-m/nofp\libc.a(libc_a-mallocr.o) (sysconf)
c:/notcdr~1/allsof~1/armtoo~1/125863~1.3re/bin/../lib/gcc/arm-none-eabi/12.3.1/thumb/v6-m/nofp\libc.a(libc_a-strlen-stub.o)
                              CMakeFiles/tictactoe.dir/C_/notcdrive/jeevan/30daysofjavascript/pico-sdk/src/rp2_common/pico_stdio/stdio.c.obj (strlen)
c:/notcdr~1/allsof~1/armtoo~1/125863~1.3re/bin/../lib/gcc/arm-none-eabi/12.3.1/thumb/v6-m/nofp\libc.a(libc_a-freer.o)
                              c:/notcdr~1/allsof~1/armtoo~1/125863~1.3re/bin/../lib/gcc/arm-none-eabi/12.3.1/thumb/v6-m/nofp\libc.a(libc_a-malloc.o) (_free_r)
c:/notcdr~1/allsof~1/armtoo~1/125863~1.3re/bin/../lib/gcc/arm-none-eabi/12.3.1/thumb/v6-m/nofp\libc.a(libc_a-findfp.o)
[...]
Memory Configuration

Name             Origin             Length             Attributes
FLASH            0x10000000         0x00200000         xr
RAM              0x20000000         0x00040000         xrw
SCRATCH_X        0x20040000         0x00001000         xrw
SCRATCH_Y        0x20041000         0x00001000         xrw
*default*        0x00000000         0xffffffff

Linker script and memory map

LOAD c:/notcdr~1/allsof~1/armtoo~1/125863~1.3re/bin/../lib/gcc/arm-none-eabi/12.3.1/thumb/v6-m/nofp/crti.o
LOAD c:/notcdr~1/allsof~1/armtoo~1/125863~1.3re/bin/../lib/gcc/arm-none-eabi/12.3.1/thumb/v6-m/nofp/crtbegin.o
LOAD c:/notcdr~1/allsof~1/armtoo~1/125863~1.3re/bin/../lib/gcc/arm-none-eabi/12.3.1/thumb/v6-m/nofp/crt0.o

.flash_begin    0x10000000        0x0
                0x10000000                        __flash_binary_start = .

.boot2          0x10000000      0x100
                0x10000000                        __boot2_start__ = .
 *(.boot2)
 .boot2         0x10000000      0x100 C:\Users\klaus\AppData\Local\Temp\ccYjyazQ.o
                0x10000100                        __boot2_end__ = .
                0x00000001                        ASSERT (((__boot2_end__ - __boot2_start__) == 0x100), ERROR: Pico second stage bootloader must be 256 bytes in size)

.text           0x10000100     0x47e0
                0x10000100                        __logical_binary_start = .
 *(.vectors)
 .vectors       0x10000100       0xd4 CMakeFiles/tictactoe.dir/C_/notcdrive/jeevan/30daysofjavascript/pico-sdk/src/rp2_common/pico_standard_link/crt0.S.obj
                0x10000100                __VECTOR_TABLE
                0x10000100                __vectors
                0x100001c0                isr_invalid
                0x100001c0                __default_isrs_start
                0x100001c2                isr_nmi
                0x100001c4                isr_hardfault
                0x100001c6                isr_svcall
                0x100001c8                isr_pendsv
                0x100001ca                isr_systick
                0x100001cc                isr_irq23
                0x100001cc                isr_irq18
                0x100001cc                isr_irq11
                0x100001cc                isr_irq28
                0x100001cc                isr_irq19
                0x100001cc                isr_irq0
                0x100001cc                isr_irq6
                0x100001cc                isr_irq5
                0x100001cc                isr_irq12
                0x100001cc                isr_irq22
                0x100001cc                isr_irq31
                0x100001cc                isr_irq17
                0x100001cc                isr_irq27
                0x100001cc                isr_irq30
                0x100001cc                isr_irq2
                0x100001cc                isr_irq10
                0x100001cc                isr_irq8
                0x100001cc                isr_irq24
                0x100001cc                isr_irq1
                0x100001cc                isr_irq7
                0x100001cc                isr_irq21
                0x100001cc                isr_irq20
                0x100001cc                isr_irq15
                0x100001cc                isr_irq25
                0x100001cc                isr_irq13
                0x100001cc                __unhandled_user_irq
                0x100001cc                isr_irq4
                0x100001cc                isr_irq16
                0x100001cc                isr_irq29
                0x100001cc                isr_irq26
                0x100001cc                __default_isrs_end
                0x100001cc                isr_irq3
                0x100001cc                isr_irq14
                0x100001cc                isr_irq9
                0x100001d2                unhandled_user_irq_num_in_r0
 *(.binary_info_header)
 .binary_info_header
                0x100001d4       0x14 CMakeFiles/tictactoe.dir/C_/notcdrive/jeevan/30daysofjavascript/pico-sdk/src/rp2_common/pico_standard_link/crt0.S.obj
                0x100001e8                        __binary_info_header_end = .
 *(.reset)
 .reset         0x100001e8       0xa0 CMakeFiles/tictactoe.dir/C_/notcdrive/jeevan/30daysofjavascript/pico-sdk/src/rp2_common/pico_standard_link/crt0.S.obj
                0x100001e8                _entry_point
 .reset         0x10000288       0x30 CMakeFiles/tictactoe.dir/C_/notcdrive/jeevan/30daysofjavascript/pico-sdk/src/rp2_common/pico_standard_link/binary_info.c.obj
 *(.init)
 .init          0x100002b8        0x4 c:/notcdr~1/allsof~1/armtoo~1/125863~1.3re/bin/../lib/gcc/arm-none-eabi/12.3.1/thumb/v6-m/nofp/crti.o
                0x100002b8                _init
 *(EXCLUDE_FILE(*libm.a: *libc.a:*lib_a-mem*.o *libgcc.a:) .text*)
 .text.register_tm_clones
                0x100002bc       0x28 c:/notcdr~1/allsof~1/armtoo~1/125863~1.3re/bin/../lib/gcc/arm-none-eabi/12.3.1/thumb/v6-m/nofp/crtbegin.o
 .text.frame_dummy
                0x100002e4       0x24 c:/notcdr~1/allsof~1/armtoo~1/125863~1.3re/bin/../lib/gcc/arm-none-eabi/12.3.1/thumb/v6-m/nofp/crtbegin.o
 .text._Z9init_gpioP10GpioConfigj
                0x10000308       0x48 CMakeFiles/tictactoe.dir/game.cpp.obj
                0x10000308                init_gpio(GpioConfig*, unsigned int)
 .text._Z8debounceRK8BtnState
                0x10000350       0x4c CMakeFiles/tictactoe.dir/game.cpp.obj
                0x10000350                debounce(BtnState const&)
 .text._Z16update_btn_stateP8BtnState
                0x1000039c       0x18 CMakeFiles/tictactoe.dir/game.cpp.obj
                0x1000039c                update_btn_state(BtnState*)
 .text._Z11reset_boardPcPjPA3_cPb
                0x100003b4       0x98 CMakeFiles/tictactoe.dir/game.cpp.obj
                0x100003b4                reset_board(char*, unsigned int*, char (*) [3], bool*)
 .text._Z17update_player_ledc
                0x1000044c       0x28 CMakeFiles/tictactoe.dir/game.cpp.obj
                0x1000044c                update_player_led(char)
 .text._Z16flash_winner_ledv
                0x10000474       0x54 CMakeFiles/tictactoe.dir/game.cpp.obj
                0x10000474                flash_winner_led()
 .text._Z11handle_btn1Pj
                0x100004c8       0x44 CMakeFiles/tictactoe.dir/game.cpp.obj
                0x100004c8                handle_btn1(unsigned int*)
 .text._Z6is_wincPA3_Kc
                0x1000050c       0xec CMakeFiles/tictactoe.dir/game.cpp.obj
                0x1000050c                is_win(char, char const (*) [3])
 .text._Z11handle_btn2PcPjPA3_cPb
                0x100005f8      0x180 CMakeFiles/tictactoe.dir/game.cpp.obj
                0x100005f8                handle_btn2(char*, unsigned int*, char (*) [3], bool*)
 .text.startup.main
                0x10000778       0xe0 CMakeFiles/tictactoe.dir/main.cpp.obj
                0x10000778                main
 .text.gpio_init
                0x10000858       0x3c CMakeFiles/tictactoe.dir/C_/notcdrive/jeevan/30daysofjavascript/pico-sdk/src/rp2_common/hardware_gpio/gpio.c.obj
                0x10000858                gpio_init
 .text.running_on_fpga
                0x10000894       0x10 CMakeFiles/tictactoe.dir/C_/notcdrive/jeevan/30daysofjavascript/pico-sdk/src/rp2_common/pico_platform/platform.c.obj
                0x10000894                running_on_fpga
 .text.hw_claim_or_assert
                0x100008a4       0x44 CMakeFiles/tictactoe.dir/C_/notcdrive/jeevan/30daysofjavascript/pico-sdk/src/rp2_common/hardware_claim/claim.c.obj
                0x100008a4                hw_claim_or_assert
 .text.spin_locks_reset
                0x100008e8       0x1c CMakeFiles/tictactoe.dir/C_/notcdrive/jeevan/30daysofjavascript/pico-sdk/src/rp2_common/hardware_sync/sync.c.obj
                0x100008e8                spin_locks_reset
 .text.next_striped_spin_lock_num
                0x10000904       0x18 CMakeFiles/tictactoe.dir/C_/notcdrive/jeevan/30daysofjavascript/pico-sdk/src/rp2_common/hardware_sync/sync.c.obj
                0x10000904                next_striped_spin_lock_num
 .text.irq_set_enabled
                0x1000091c       0x24 CMakeFiles/tictactoe.dir/C_/notcdrive/jeevan/30daysofjavascript/pico-sdk/src/rp2_common/hardware_irq/irq.c.obj
                0x1000091c                irq_set_enabled
 .text.irq_is_enabled
                0x10000940       0x18 CMakeFiles/tictactoe.dir/C_/notcdrive/jeevan/30daysofjavascript/pico-sdk/src/rp2_common/hardware_irq/irq.c.obj
                0x10000940                irq_is_enabled
 .text.irq_get_vtable_handler
                0x10000958       0x10 CMakeFiles/tictactoe.dir/C_/notcdrive/jeevan/30daysofjavascript/pico-sdk/src/rp2_common/hardware_irq/irq.c.obj
                0x10000958                irq_get_vtable_handler
 .text.irq_set_exclusive_handler
                0x10000968       0x54 CMakeFiles/tictactoe.dir/C_/notcdrive/jeevan/30daysofjavascript/pico-sdk/src/rp2_common/hardware_irq/irq.c.obj
                0x10000968                irq_set_exclusive_handler
 .text.irq_remove_handler
                0x100009bc      0x1c4 CMakeFiles/tictactoe.dir/C_/notcdrive/jeevan/30daysofjavascript/pico-sdk/src/rp2_common/hardware_irq/irq.c.obj
                0x100009bc                irq_remove_handler
 .text.irq_add_tail_to_free_list
                0x10000b80       0xb4 CMakeFiles/tictactoe.dir/C_/notcdrive/jeevan/30daysofjavascript/pico-sdk/src/rp2_common/hardware_irq/irq.c.obj
                0x10000b80                irq_add_tail_to_free_list
 .text.irq_init_priorities
                0x10000c34       0x24 CMakeFiles/tictactoe.dir/C_/notcdrive/jeevan/30daysofjavascript/pico-sdk/src/rp2_common/hardware_irq/irq.c.obj
                0x10000c34                irq_init_priorities
 .text.lock_init
                0x10000c58       0x10 CMakeFiles/tictactoe.dir/C_/notcdrive/jeevan/30daysofjavascript/pico-sdk/src/common/pico_sync/lock_core.c.obj
                0x10000c58                lock_init
 .text.mutex_init
                0x10000c68       0x1c CMakeFiles/tictactoe.dir/C_/notcdrive/jeevan/30daysofjavascript/pico-sdk/src/common/pico_sync/mutex.c.obj
                0x10000c68                mutex_init
 .text.recursive_mutex_init
                0x10000c84       0x1c CMakeFiles/tictactoe.dir/C_/notcdrive/jeevan/30daysofjavascript/pico-sdk/src/common/pico_sync/mutex.c.obj
                0x10000c84                recursive_mutex_init
 .text.timer_pool_entry_comparator
                0x10000ca0       0x34 CMakeFiles/tictactoe.dir/C_/notcdrive/jeevan/30daysofjavascript/pico-sdk/src/common/pico_time/time.c.obj
                0x10000ca0                timer_pool_entry_comparator
 .text.sleep_until_callback
                0x10000cd4       0x30 CMakeFiles/tictactoe.dir/C_/notcdrive/jeevan/30daysofjavascript/pico-sdk/src/common/pico_time/time.c.obj
 .text.add_alarm_under_lock.isra.0
                0x10000d04       0xf8 CMakeFiles/tictactoe.dir/C_/notcdrive/jeevan/30daysofjavascript/pico-sdk/src/common/pico_time/time.c.obj
 .text.alarm_pool_alarm_callback
                0x10000dfc      0x1c0 CMakeFiles/tictactoe.dir/C_/notcdrive/jeevan/30daysofjavascript/pico-sdk/src/common/pico_time/time.c.obj
 .text.alarm_pool_init_default
                0x10000fbc       0x6c CMakeFiles/tictactoe.dir/C_/notcdrive/jeevan/30daysofjavascript/pico-sdk/src/common/pico_time/time.c.obj
                0x10000fbc                alarm_pool_init_default
 .text.alarm_pool_add_alarm_at
                0x10001028      0x17c CMakeFiles/tictactoe.dir/C_/notcdrive/jeevan/30daysofjavascript/pico-sdk/src/common/pico_time/time.c.obj
                0x10001028                alarm_pool_add_alarm_at
 .text.sleep_until
                0x100011a4       0xc4 CMakeFiles/tictactoe.dir/C_/notcdrive/jeevan/30daysofjavascript/pico-sdk/src/common/pico_time/time.c.obj
                0x100011a4                sleep_until
 .text.sleep_us
                0x10001268       0x28 CMakeFiles/tictactoe.dir/C_/notcdrive/jeevan/30daysofjavascript/pico-sdk/src/common/pico_time/time.c.obj
                0x10001268                sleep_us
 .text.sleep_ms
                0x10001290       0x38 CMakeFiles/tictactoe.dir/C_/notcdrive/jeevan/30daysofjavascript/pico-sdk/src/common/pico_time/time.c.obj
                0x10001290                sleep_ms
 .text.best_effort_wfe_or_timeout
                0x100012c8       0xcc CMakeFiles/tictactoe.dir/C_/notcdrive/jeevan/30daysofjavascript/pico-sdk/src/common/pico_time/time.c.obj
                0x100012c8                best_effort_wfe_or_timeout
 .text.hardware_alarm_irq_handler
                0x10001394       0xbc CMakeFiles/tictactoe.dir/C_/notcdrive/jeevan/30daysofjavascript/pico-sdk/src/rp2_common/hardware_timer/timer.c.obj
 .text.hardware_alarm_claim
                0x10001450       0x18 CMakeFiles/tictactoe.dir/C_/notcdrive/jeevan/30daysofjavascript/pico-sdk/src/rp2_common/hardware_timer/timer.c.obj
                0x10001450                hardware_alarm_claim
 .text.time_us_64
                0x10001468       0x14 CMakeFiles/tictactoe.dir/C_/notcdrive/jeevan/30daysofjavascript/pico-sdk/src/rp2_common/hardware_timer/timer.c.obj
                0x10001468                time_us_64
 .text.busy_wait_until
                0x1000147c       0x20 CMakeFiles/tictactoe.dir/C_/notcdrive/jeevan/30daysofjavascript/pico-sdk/src/rp2_common/hardware_timer/timer.c.obj
                0x1000147c                busy_wait_until
 .text.hardware_alarm_set_callback
                0x1000149c       0x8c CMakeFiles/tictactoe.dir/C_/notcdrive/jeevan/30daysofjavascript/pico-sdk/src/rp2_common/hardware_timer/timer.c.obj
                0x1000149c                hardware_alarm_set_callback
 .text.hardware_alarm_set_target
                0x10001528       0xd0 CMakeFiles/tictactoe.dir/C_/notcdrive/jeevan/30daysofjavascript/pico-sdk/src/rp2_common/hardware_timer/timer.c.obj
                0x10001528                hardware_alarm_set_target
 .text.hardware_alarm_cancel
                0x100015f8       0x3c CMakeFiles/tictactoe.dir/C_/notcdrive/jeevan/30daysofjavascript/pico-sdk/src/rp2_common/hardware_timer/timer.c.obj
                0x100015f8                hardware_alarm_cancel
 .text.ph_merge_nodes
                0x10001634       0x58 CMakeFiles/tictactoe.dir/C_/notcdrive/jeevan/30daysofjavascript/pico-sdk/src/common/pico_util/pheap.c.obj
 .text.ph_post_alloc_init
                0x1000168c       0x3c CMakeFiles/tictactoe.dir/C_/notcdrive/jeevan/30daysofjavascript/pico-sdk/src/common/pico_util/pheap.c.obj
                0x1000168c                ph_post_alloc_init
 .text.ph_merge_two_pass
                0x100016c8       0x8c CMakeFiles/tictactoe.dir/C_/notcdrive/jeevan/30daysofjavascript/pico-sdk/src/common/pico_util/pheap.c.obj
                0x100016c8                ph_merge_two_pass
 .text.ph_remove_any_head
                0x10001754      0x100 CMakeFiles/tictactoe.dir/C_/notcdrive/jeevan/30daysofjavascript/pico-sdk/src/common/pico_util/pheap.c.obj
 .text.ph_remove_head
                0x10001854      0x104 CMakeFiles/tictactoe.dir/C_/notcdrive/jeevan/30daysofjavascript/pico-sdk/src/common/pico_util/pheap.c.obj
                0x10001854                ph_remove_head
 .text.ph_remove_and_free_node
                0x10001958       0x78 CMakeFiles/tictactoe.dir/C_/notcdrive/jeevan/30daysofjavascript/pico-sdk/src/common/pico_util/pheap.c.obj
                0x10001958                ph_remove_and_free_node
 .text.clocks_init
                0x100019d0      0x2c8 CMakeFiles/tictactoe.dir/C_/notcdrive/jeevan/30daysofjavascript/pico-sdk/src/rp2_common/hardware_clocks/clocks.c.obj
                0x100019d0                clocks_init
 .text.pll_init
                0x10001c98       0xa0 CMakeFiles/tictactoe.dir/C_/notcdrive/jeevan/30daysofjavascript/pico-sdk/src/rp2_common/hardware_pll/pll.c.obj
                0x10001c98                pll_init
 .text.watchdog_start_tick
                0x10001d38       0x10 CMakeFiles/tictactoe.dir/C_/notcdrive/jeevan/30daysofjavascript/pico-sdk/src/rp2_common/hardware_watchdog/watchdog.c.obj
                0x10001d38                watchdog_start_tick
 .text.xosc_init
                0x10001d48       0x28 CMakeFiles/tictactoe.dir/C_/notcdrive/jeevan/30daysofjavascript/pico-sdk/src/rp2_common/hardware_xosc/xosc.c.obj
                0x10001d48                xosc_init
 .text.runtime_init
                0x10001d70       0xec CMakeFiles/tictactoe.dir/C_/notcdrive/jeevan/30daysofjavascript/pico-sdk/src/rp2_common/pico_runtime/runtime.c.obj
                0x10001d70                runtime_init
 .text._exit    0x10001e5c        0x4 CMakeFiles/tictactoe.dir/C_/notcdrive/jeevan/30daysofjavascript/pico-sdk/src/rp2_common/pico_runtime/runtime.c.obj
                0x10001e5c                _exit
 .text.exit     0x10001e60        0x8 CMakeFiles/tictactoe.dir/C_/notcdrive/jeevan/30daysofjavascript/pico-sdk/src/rp2_common/pico_runtime/runtime.c.obj
                0x10001e60                exit
 .text.panic    0x10001e68       0x30 CMakeFiles/tictactoe.dir/C_/notcdrive/jeevan/30daysofjavascript/pico-sdk/src/rp2_common/pico_runtime/runtime.c.obj
                0x10001e68                panic
 .text.hard_assertion_failure
                0x10001e98        0xc CMakeFiles/tictactoe.dir/C_/notcdrive/jeevan/30daysofjavascript/pico-sdk/src/rp2_common/pico_runtime/runtime.c.obj
                0x10001e98                hard_assertion_failure
 .text._out_null
                0x10001ea4        0x4 CMakeFiles/tictactoe.dir/C_/notcdrive/jeevan/30daysofjavascript/pico-sdk/src/rp2_common/pico_printf/printf.c.obj
 .text._out_rev
                0x10001ea8       0x90 CMakeFiles/tictactoe.dir/C_/notcdrive/jeevan/30daysofjavascript/pico-sdk/src/rp2_common/pico_printf/printf.c.obj
 .text._ntoa_format
                0x10001f38      0x208 CMakeFiles/tictactoe.dir/C_/notcdrive/jeevan/30daysofjavascript/pico-sdk/src/rp2_common/pico_printf/printf.c.obj
 .text._out_char
                0x10002140       0x10 CMakeFiles/tictactoe.dir/C_/notcdrive/jeevan/30daysofjavascript/pico-sdk/src/rp2_common/pico_printf/printf.c.obj
 .text._out_fct
                0x10002150       0x10 CMakeFiles/tictactoe.dir/C_/notcdrive/jeevan/30daysofjavascript/pico-sdk/src/rp2_common/pico_printf/printf.c.obj
 .text._etoa    0x10002160      0x464 CMakeFiles/tictactoe.dir/C_/notcdrive/jeevan/30daysofjavascript/pico-sdk/src/rp2_common/pico_printf/printf.c.obj
 .text._ftoa    0x100025c4      0x3c4 CMakeFiles/tictactoe.dir/C_/notcdrive/jeevan/30daysofjavascript/pico-sdk/src/rp2_common/pico_printf/printf.c.obj
 .text._vsnprintf
                0x10002988      0xc18 CMakeFiles/tictactoe.dir/C_/notcdrive/jeevan/30daysofjavascript/pico-sdk/src/rp2_common/pico_printf/printf.c.obj
 .text.vfctprintf
                0x100035a0       0x20 CMakeFiles/tictactoe.dir/C_/notcdrive/jeevan/30daysofjavascript/pico-sdk/src/rp2_common/pico_printf/printf.c.obj
                0x100035a0                vfctprintf
 .text.weak_raw_vprintf
                0x100035c0       0x30 CMakeFiles/tictactoe.dir/C_/notcdrive/jeevan/30daysofjavascript/pico-sdk/src/rp2_common/pico_printf/printf.c.obj
                0x100035c0                weak_raw_vprintf
 .text          0x100035f0       0x10 CMakeFiles/tictactoe.dir/C_/notcdrive/jeevan/30daysofjavascript/pico-sdk/src/rp2_common/pico_bit_ops/bit_ops_aeabi.S.obj
 .text.rom_func_lookup
                0x10003600       0x10 CMakeFiles/tictactoe.dir/C_/notcdrive/jeevan/30daysofjavascript/pico-sdk/src/rp2_common/pico_bootrom/bootrom.c.obj
                0x10003600                rom_func_lookup
 .text.rom_data_lookup
                0x10003610       0x10 CMakeFiles/tictactoe.dir/C_/notcdrive/jeevan/30daysofjavascript/pico-sdk/src/rp2_common/pico_bootrom/bootrom.c.obj
                0x10003610                rom_data_lookup
 .text.rom_funcs_lookup
                0x10003620       0x44 CMakeFiles/tictactoe.dir/C_/notcdrive/jeevan/30daysofjavascript/pico-sdk/src/rp2_common/pico_bootrom/bootrom.c.obj
                0x10003620                rom_funcs_lookup
 .text.__wrap___aeabi_idiv
                0x10003664       0x50 CMakeFiles/tictactoe.dir/C_/notcdrive/jeevan/30daysofjavascript/pico-sdk/src/rp2_common/pico_divider/divider.S.obj
                0x10003664                __wrap___aeabi_idivmod
                0x10003664                divmod_s32s32
                0x10003664                div_s32s32
                0x10003664                __wrap___aeabi_idiv
                0x1000366c                divmod_s32s32_unsafe
                0x10003698                divmod_s32s32_savestate
 .text.__wrap___aeabi_uidiv
                0x100036b4       0x4c CMakeFiles/tictactoe.dir/C_/notcdrive/jeevan/30daysofjavascript/pico-sdk/src/rp2_common/pico_divider/divider.S.obj
                0x100036b4                __wrap___aeabi_uidiv
                0x100036b4                __wrap___aeabi_uidivmod
                0x100036b4                div_u32u32
                0x100036b4                divmod_u32u32
                0x100036bc                divmod_u32u32_unsafe
                0x100036e4                divmod_u32u32_savestate
 .text.__wrap___aeabi_ldiv
                0x10003700      0x424 CMakeFiles/tictactoe.dir/C_/notcdrive/jeevan/30daysofjavascript/pico-sdk/src/rp2_common/pico_divider/divider.S.obj
                0x10003700                div_s64s64
                0x10003700                divmod_s64s64
                0x10003700                __wrap___aeabi_ldivmod
                0x10003730                divmod_u64u64
                0x10003730                div_u64u64
                0x10003730                __wrap___aeabi_uldivmod
                0x10003740                divmod_u64u64_savestate
                0x10003760                divmod_s64s64_unsafe
                0x100037e8                divmod_u64u64_unsafe
 .text.__wrap___aeabi_darithmetic
                0x10003b24       0x80 CMakeFiles/tictactoe.dir/C_/notcdrive/jeevan/30daysofjavascript/pico-sdk/src/rp2_common/pico_double/double_aeabi.S.obj
                0x10003b24                __wrap___aeabi_drsub
                0x10003b2a                __wrap___aeabi_dsub
                0x10003b3c                __wrap___aeabi_dadd
                0x10003b4e                __wrap___aeabi_ddiv
                0x10003b8a                __wrap___aeabi_dmul
 .text.__wrap___aeabi_cdcmple
                0x10003ba4       0x6c CMakeFiles/tictactoe.dir/C_/notcdrive/jeevan/30daysofjavascript/pico-sdk/src/rp2_common/pico_double/double_aeabi.S.obj
                0x10003ba4                __wrap___aeabi_cdrcmple
                0x10003bb4                __wrap___aeabi_cdcmpeq
                0x10003bb4                __wrap___aeabi_cdcmple
 .text.__wrap___aeabi_dcmplt
                0x10003c10        0xc CMakeFiles/tictactoe.dir/C_/notcdrive/jeevan/30daysofjavascript/pico-sdk/src/rp2_common/pico_double/double_aeabi.S.obj
                0x10003c10                __wrap___aeabi_dcmplt
 .text.__wrap___aeabi_dcmpge
                0x10003c1c       0x10 CMakeFiles/tictactoe.dir/C_/notcdrive/jeevan/30daysofjavascript/pico-sdk/src/rp2_common/pico_double/double_aeabi.S.obj
                0x10003c1c                __wrap___aeabi_dcmpge
 .text.__wrap___aeabi_dcmpgt
                0x10003c2c        0xa CMakeFiles/tictactoe.dir/C_/notcdrive/jeevan/30daysofjavascript/pico-sdk/src/rp2_common/pico_double/double_aeabi.S.obj
                0x10003c2c                __wrap___aeabi_dcmpgt
 .text.__wrap___aeabi_dcmpun
                0x10003c36       0x1c CMakeFiles/tictactoe.dir/C_/notcdrive/jeevan/30daysofjavascript/pico-sdk/src/rp2_common/pico_double/double_aeabi.S.obj
                0x10003c36                __wrap___aeabi_dcmpun
 *fill*         0x10003c52        0x2 
 .text.__wrap___aeabi_i2d
                0x10003c54       0x38 CMakeFiles/tictactoe.dir/C_/notcdrive/jeevan/30daysofjavascript/pico-sdk/src/rp2_common/pico_double/double_aeabi.S.obj
                0x10003c54                __wrap___aeabi_ui2d
                0x10003c5c                __wrap___aeabi_i2d
 .text.__wrap___aeabi_d2iz
                0x10003c8c       0x48 CMakeFiles/tictactoe.dir/C_/notcdrive/jeevan/30daysofjavascript/pico-sdk/src/rp2_common/pico_double/double_aeabi.S.obj
                0x10003c8c                double2int_z
                0x10003c8c                __wrap___aeabi_d2iz
 .text.__wrap___aeabi_d2uiz
                0x10003cd4       0x18 CMakeFiles/tictactoe.dir/C_/notcdrive/jeevan/30daysofjavascript/pico-sdk/src/rp2_common/pico_double/double_aeabi.S.obj
                0x10003cd4                __wrap___aeabi_d2uiz
                0x10003cd4                double2uint
 .text.__aeabi_double_init
                0x10003cec       0x98 CMakeFiles/tictactoe.dir/C_/notcdrive/jeevan/30daysofjavascript/pico-sdk/src/rp2_common/pico_double/double_init_rom.c.obj
                0x10003cec                __aeabi_double_init
 .text.double_table_shim_on_use_helper
                0x10003d84       0x2c CMakeFiles/tictactoe.dir/C_/notcdrive/jeevan/30daysofjavascript/pico-sdk/src/rp2_common/pico_double/double_v1_rom_shim.S.obj
                0x10003d84                double_table_shim_on_use_helper
 .text.__wrap___aeabi_dsub
                0x10003db0       0x10 CMakeFiles/tictactoe.dir/C_/notcdrive/jeevan/30daysofjavascript/pico-sdk/src/rp2_common/pico_double/double_v1_rom_shim.S.obj
                0x10003db0                drsub_shim
                0x10003db6                dsub_shim
 .text.dadd_shim
                0x10003dc0      0x15c CMakeFiles/tictactoe.dir/C_/notcdrive/jeevan/30daysofjavascript/pico-sdk/src/rp2_common/pico_double/double_v1_rom_shim.S.obj
                0x10003dc0                dadd_shim
 .text.dmul_shim
                0x10003f1c      0x15c CMakeFiles/tictactoe.dir/C_/notcdrive/jeevan/30daysofjavascript/pico-sdk/src/rp2_common/pico_double/double_v1_rom_shim.S.obj
                0x10003f1c                dmul_shim
 .text.ddiv_shim
                0x10004078      0x1b0 CMakeFiles/tictactoe.dir/C_/notcdrive/jeevan/30daysofjavascript/pico-sdk/src/rp2_common/pico_double/double_v1_rom_shim.S.obj
                0x10004078                ddiv_shim
 .text.double2uint_shim
                0x10004228        0xe CMakeFiles/tictactoe.dir/C_/notcdrive/jeevan/30daysofjavascript/pico-sdk/src/rp2_common/pico_double/double_v1_rom_shim.S.obj
                0x10004228                double2uint_shim
                0x1000422a                double2ufix_shim
 *fill*         0x10004236        0x2 
 .text.double2uint64_shim
                0x10004238       0x70 CMakeFiles/tictactoe.dir/C_/notcdrive/jeevan/30daysofjavascript/pico-sdk/src/rp2_common/pico_double/double_v1_rom_shim.S.obj
                0x10004238                double2uint64_shim
                0x1000423a                double2ufix64_shim
                0x1000425a                d2fix_a
 .text.dunpacks
                0x100042a8       0x3c CMakeFiles/tictactoe.dir/C_/notcdrive/jeevan/30daysofjavascript/pico-sdk/src/rp2_common/pico_double/double_v1_rom_shim.S.obj
                0x100042a8                dunpacks
 .text.__aeabi_lmul
                0x100042e4       0x32 CMakeFiles/tictactoe.dir/C_/notcdrive/jeevan/30daysofjavascript/pico-sdk/src/rp2_common/pico_int64_ops/pico_int64_ops_aeabi.S.obj
                0x100042e4                __wrap___aeabi_lmul
 *fill*         0x10004316        0x2 
 .text.__aeabi_float_init
                0x10004318       0x64 CMakeFiles/tictactoe.dir/C_/notcdrive/jeevan/30daysofjavascript/pico-sdk/src/rp2_common/pico_float/float_init_rom.c.obj
                0x10004318                __aeabi_float_init
 .text.float_table_shim_on_use_helper
                0x1000437c       0x2c CMakeFiles/tictactoe.dir/C_/notcdrive/jeevan/30daysofjavascript/pico-sdk/src/rp2_common/pico_float/float_v1_rom_shim.S.obj
                0x1000437c                float_table_shim_on_use_helper
 .text          0x100043a8       0x10 CMakeFiles/tictactoe.dir/C_/notcdrive/jeevan/30daysofjavascript/pico-sdk/src/rp2_common/pico_mem_ops/mem_ops_aeabi.S.obj
                0x100043a8                __aeabi_mem_init
 .text.memcpy   0x100043b8        0xc CMakeFiles/tictactoe.dir/C_/notcdrive/jeevan/30daysofjavascript/pico-sdk/src/rp2_common/pico_mem_ops/mem_ops_aeabi.S.obj
                0x100043b8                __wrap_memcpy
                0x100043b8                __wrap___aeabi_memcpy
 .text.stdio_out_chars_crlf
                0x100043c4       0x94 CMakeFiles/tictactoe.dir/C_/notcdrive/jeevan/30daysofjavascript/pico-sdk/src/rp2_common/pico_stdio/stdio.c.obj
 .text.stdio_buffered_printer
                0x10004458       0x64 CMakeFiles/tictactoe.dir/C_/notcdrive/jeevan/30daysofjavascript/pico-sdk/src/rp2_common/pico_stdio/stdio.c.obj
 .text.__wrap_putchar
                0x100044bc       0x98 CMakeFiles/tictactoe.dir/C_/notcdrive/jeevan/30daysofjavascript/pico-sdk/src/rp2_common/pico_stdio/stdio.c.obj
                0x100044bc                __wrap_putchar
 .text.__wrap_puts
                0x10004554       0xe0 CMakeFiles/tictactoe.dir/C_/notcdrive/jeevan/30daysofjavascript/pico-sdk/src/rp2_common/pico_stdio/stdio.c.obj
                0x10004554                __wrap_puts
 .text.__wrap_vprintf
                0x10004634       0xd4 CMakeFiles/tictactoe.dir/C_/notcdrive/jeevan/30daysofjavascript/pico-sdk/src/rp2_common/pico_stdio/stdio.c.obj
                0x10004634                __wrap_vprintf
 .text.__wrap_printf
                0x10004708       0x18 CMakeFiles/tictactoe.dir/C_/notcdrive/jeevan/30daysofjavascript/pico-sdk/src/rp2_common/pico_stdio/stdio.c.obj
                0x10004708                __wrap_printf
 .text.stdio_init_all
                0x10004720        0x4 CMakeFiles/tictactoe.dir/C_/notcdrive/jeevan/30daysofjavascript/pico-sdk/src/rp2_common/pico_stdio/stdio.c.obj
                0x10004720                stdio_init_all
 .text.core1_trampoline
                0x10004724        0x4 CMakeFiles/tictactoe.dir/C_/notcdrive/jeevan/30daysofjavascript/pico-sdk/src/rp2_common/pico_multicore/multicore.c.obj
 .text.core1_wrapper
                0x10004728        0xc CMakeFiles/tictactoe.dir/C_/notcdrive/jeevan/30daysofjavascript/pico-sdk/src/rp2_common/pico_multicore/multicore.c.obj
                0x10004728                core1_wrapper
 .text.multicore_fifo_push_blocking
                0x10004734       0x14 CMakeFiles/tictactoe.dir/C_/notcdrive/jeevan/30daysofjavascript/pico-sdk/src/rp2_common/pico_multicore/multicore.c.obj
                0x10004734                multicore_fifo_push_blocking
 .text.multicore_fifo_pop_blocking
                0x10004748       0x1c CMakeFiles/tictactoe.dir/C_/notcdrive/jeevan/30daysofjavascript/pico-sdk/src/rp2_common/pico_multicore/multicore.c.obj
                0x10004748                multicore_fifo_pop_blocking
 .text.multicore_launch_core1_raw
                0x10004764       0x84 CMakeFiles/tictactoe.dir/C_/notcdrive/jeevan/30daysofjavascript/pico-sdk/src/rp2_common/pico_multicore/multicore.c.obj
                0x10004764                multicore_launch_core1_raw
 .text.multicore_launch_core1
                0x100047e8       0x58 CMakeFiles/tictactoe.dir/C_/notcdrive/jeevan/30daysofjavascript/pico-sdk/src/rp2_common/pico_multicore/multicore.c.obj
                0x100047e8                multicore_launch_core1
 .text.strlen   0x10004840       0x5c c:/notcdr~1/allsof~1/armtoo~1/125863~1.3re/bin/../lib/gcc/arm-none-eabi/12.3.1/thumb/v6-m/nofp\libc.a(libc_a-strlen-stub.o)
                0x10004840                strlen
 *(.fini)
 .fini          0x1000489c        0x4 c:/notcdr~1/allsof~1/armtoo~1/125863~1.3re/bin/../lib/gcc/arm-none-eabi/12.3.1/thumb/v6-m/nofp/crti.o
                0x1000489c                _fini
 .fini.__stub   0x100048a0       0x40 linker stubs
 *crtbegin.o(.ctors)
 *crtbegin?.o(.ctors)
 *(EXCLUDE_FILE(*crtend.o *crtend?.o) .ctors)
 *(SORT_BY_NAME(.ctors.*))
 *(.ctors)
 *crtbegin.o(.dtors)
 *crtbegin?.o(.dtors)
 *(EXCLUDE_FILE(*crtend.o *crtend?.o) .dtors)
 *(SORT_BY_NAME(.dtors.*))
 *(.dtors)
 *(.eh_frame*)
 .eh_frame      0x100048e0        0x0 c:/notcdr~1/allsof~1/armtoo~1/125863~1.3re/bin/../lib/gcc/arm-none-eabi/12.3.1/thumb/v6-m/nofp/crtbegin.o
                0x100048e0                        . = ALIGN (0x4)

.glue_7         0x100048e0        0x0
 .glue_7        0x100048e0        0x0 linker stubs

.glue_7t        0x100048e0        0x0
 .glue_7t       0x100048e0        0x0 linker stubs

.vfp11_veneer   0x100048e0        0x0
 .vfp11_veneer  0x100048e0        0x0 linker stubs

.v4_bx          0x100048e0        0x0
 .v4_bx         0x100048e0        0x0 linker stubs

.iplt           0x100048e0        0x0
 .iplt          0x100048e0        0x0 c:/notcdr~1/allsof~1/armtoo~1/125863~1.3re/bin/../lib/gcc/arm-none-eabi/12.3.1/thumb/v6-m/nofp/crtbegin.o

.rodata         0x100048e0      0x4a0
 *(EXCLUDE_FILE(*libm.a: *libc.a:*lib_a-mem*.o *libgcc.a:) .rodata*)
 .rodata._Z8debounceRK8BtnState.str1.4
                0x100048e0       0x31 CMakeFiles/tictactoe.dir/game.cpp.obj
 *fill*         0x10004911        0x3 
 .rodata._Z11reset_boardPcPjPA3_cPb.str1.4
                0x10004914       0x4c CMakeFiles/tictactoe.dir/game.cpp.obj
 .rodata._Z15update_positionPj.str1.4
                0x10004960       0x23 CMakeFiles/tictactoe.dir/game.cpp.obj
 *fill*         0x10004983        0x1 
 .rodata._Z14print_curr_posjj.str1.4
                0x10004984       0x11 CMakeFiles/tictactoe.dir/game.cpp.obj
 *fill*         0x10004995        0x3 
 .rodata._Z12update_boardcjPA3_c.str1.4
                0x10004998       0x2d CMakeFiles/tictactoe.dir/game.cpp.obj
 *fill*         0x100049c5        0x3 
 .rodata._Z11handle_btn2PcPjPA3_cPb.str1.4
                0x100049c8       0xca CMakeFiles/tictactoe.dir/game.cpp.obj
 *fill*         0x10004a92        0x2 
 .rodata        0x10004a94       0x3c CMakeFiles/tictactoe.dir/main.cpp.obj
 .rodata.hardware_alarm_claim.str1.4
                0x10004ad0       0x22 CMakeFiles/tictactoe.dir/C_/notcdrive/jeevan/30daysofjavascript/pico-sdk/src/rp2_common/hardware_timer/timer.c.obj
 *fill*         0x10004af2        0x2 
 .rodata.panic.str1.4
                0x10004af4       0x10 CMakeFiles/tictactoe.dir/C_/notcdrive/jeevan/30daysofjavascript/pico-sdk/src/rp2_common/pico_runtime/runtime.c.obj
                                 0x12 (size before relaxing)
 .rodata.hard_assertion_failure.str1.4
                0x10004b04        0xc CMakeFiles/tictactoe.dir/C_/notcdrive/jeevan/30daysofjavascript/pico-sdk/src/rp2_common/pico_runtime/runtime.c.obj
 .rodata._ftoa.str1.4
                0x10004b10       0x15 CMakeFiles/tictactoe.dir/C_/notcdrive/jeevan/30daysofjavascript/pico-sdk/src/rp2_common/pico_printf/printf.c.obj
 *fill*         0x10004b25        0x3 
 .rodata._vsnprintf
                0x10004b28      0x19c CMakeFiles/tictactoe.dir/C_/notcdrive/jeevan/30daysofjavascript/pico-sdk/src/rp2_common/pico_printf/printf.c.obj
 *fill*         0x10004cc4        0x4 
 .rodata.pow10.0
                0x10004cc8       0x50 CMakeFiles/tictactoe.dir/C_/notcdrive/jeevan/30daysofjavascript/pico-sdk/src/rp2_common/pico_printf/printf.c.obj
 .rodata.str1.4
                0x10004d18       0x40 CMakeFiles/tictactoe.dir/C_/notcdrive/jeevan/30daysofjavascript/pico-sdk/src/rp2_common/pico_standard_link/binary_info.c.obj
 .rodata.__bi_81
                0x10004d58        0xc CMakeFiles/tictactoe.dir/C_/notcdrive/jeevan/30daysofjavascript/pico-sdk/src/rp2_common/pico_standard_link/binary_info.c.obj
 .rodata.__bi_75
                0x10004d64        0xc CMakeFiles/tictactoe.dir/C_/notcdrive/jeevan/30daysofjavascript/pico-sdk/src/rp2_common/pico_standard_link/binary_info.c.obj
 .rodata.__bi_44
                0x10004d70        0xc CMakeFiles/tictactoe.dir/C_/notcdrive/jeevan/30daysofjavascript/pico-sdk/src/rp2_common/pico_standard_link/binary_info.c.obj
 .rodata.crlf_str.0
                0x10004d7c        0x2 CMakeFiles/tictactoe.dir/C_/notcdrive/jeevan/30daysofjavascript/pico-sdk/src/rp2_common/pico_stdio/stdio.c.obj
                0x10004d80                        . = ALIGN (0x4)
 *fill*         0x10004d7e        0x2 
 *(SORT_BY_ALIGNMENT(SORT_BY_NAME(.flashdata*)))
                0x10004d80                        . = ALIGN (0x4)

.ARM.extab
 *(.ARM.extab* .gnu.linkonce.armextab.*)
                0x10004d80                        __exidx_start = .

.ARM.exidx
 *(.ARM.exidx* .gnu.linkonce.armexidx.*)
                0x10004d80                        __exidx_end = .
                0x10004d80                        . = ALIGN (0x4)
                0x10004d80                        __binary_info_start = .

.binary_info    0x10004d80       0x1c
 *(.binary_info.keep.*)
 .binary_info.keep.__bi_ptr81
                0x10004d80        0x4 CMakeFiles/tictactoe.dir/C_/notcdrive/jeevan/30daysofjavascript/pico-sdk/src/rp2_common/pico_standard_link/binary_info.c.obj
 .binary_info.keep.__bi_ptr75
                0x10004d84        0x4 CMakeFiles/tictactoe.dir/C_/notcdrive/jeevan/30daysofjavascript/pico-sdk/src/rp2_common/pico_standard_link/binary_info.c.obj
 .binary_info.keep.__bi_ptr50
                0x10004d88        0x4 CMakeFiles/tictactoe.dir/C_/notcdrive/jeevan/30daysofjavascript/pico-sdk/src/rp2_common/pico_standard_link/binary_info.c.obj
 .binary_info.keep.__bi_ptr44
                0x10004d8c        0x4 CMakeFiles/tictactoe.dir/C_/notcdrive/jeevan/30daysofjavascript/pico-sdk/src/rp2_common/pico_standard_link/binary_info.c.obj
 .binary_info.keep.__bi_ptr38
                0x10004d90        0x4 CMakeFiles/tictactoe.dir/C_/notcdrive/jeevan/30daysofjavascript/pico-sdk/src/rp2_common/pico_standard_link/binary_info.c.obj
 .binary_info.keep.__bi_ptr30
                0x10004d94        0x4 CMakeFiles/tictactoe.dir/C_/notcdrive/jeevan/30daysofjavascript/pico-sdk/src/rp2_common/pico_standard_link/binary_info.c.obj
 .binary_info.keep.__bi_ptr22
                0x10004d98        0x4 CMakeFiles/tictactoe.dir/C_/notcdrive/jeevan/30daysofjavascript/pico-sdk/src/rp2_common/pico_standard_link/binary_info.c.obj
 *(.binary_info.*)
                0x10004d9c                        __binary_info_end = .

.rel.dyn        0x10004d9c        0x0
 .rel.iplt      0x10004d9c        0x0 c:/notcdr~1/allsof~1/armtoo~1/125863~1.3re/bin/../lib/gcc/arm-none-eabi/12.3.1/thumb/v6-m/nofp/crtbegin.o
                0x10004d9c                        . = ALIGN (0x4)

.ram_vector_table
                0x20000000       0xc0
 *(.ram_vector_table)
 .ram_vector_table
                0x20000000       0xc0 CMakeFiles/tictactoe.dir/C_/notcdrive/jeevan/30daysofjavascript/pico-sdk/src/rp2_common/pico_runtime/runtime.c.obj
                0x20000000                ram_vector_table

.data           0x200000c0      0x194 load address 0x10004d9c
                0x200000c0                        __data_start__ = .
 *(vtable)
 *(.time_critical*)
 .time_critical.mutex_try_enter_block_until
                0x200000c0       0x9c CMakeFiles/tictactoe.dir/C_/notcdrive/jeevan/30daysofjavascript/pico-sdk/src/common/pico_sync/mutex.c.obj
                0x200000c0                mutex_try_enter_block_until
 .time_critical.mutex_exit
                0x2000015c       0x28 CMakeFiles/tictactoe.dir/C_/notcdrive/jeevan/30daysofjavascript/pico-sdk/src/common/pico_sync/mutex.c.obj
                0x2000015c                mutex_exit
 *(.text*)
 .text          0x20000184        0x4 c:/notcdr~1/allsof~1/armtoo~1/125863~1.3re/bin/../lib/gcc/arm-none-eabi/12.3.1/thumb/v6-m/nofp\libgcc.a(_dvmd_tls.o)
                0x20000184                __aeabi_idiv0
                0x20000184                __aeabi_ldiv0
 .text.__stub   0x20000188       0x10 linker stubs
                0x20000198                        . = ALIGN (0x4)
 *(.rodata*)
                0x20000198                        . = ALIGN (0x4)
 *(.data*)
 .data.striped_spin_lock_num
                0x20000198        0x1 CMakeFiles/tictactoe.dir/C_/notcdrive/jeevan/30daysofjavascript/pico-sdk/src/rp2_common/hardware_sync/sync.c.obj
 *fill*         0x20000199        0x3 
 .data          0x2000019c       0x48 CMakeFiles/tictactoe.dir/C_/notcdrive/jeevan/30daysofjavascript/pico-sdk/src/rp2_common/hardware_irq/irq_handler_chain.S.obj
                0x2000019c                irq_handler_chain_slots
                0x200001cc                irq_handler_chain_first_slot
                0x200001d6                irq_handler_chain_remove_tail
 .data.default_alarm_pool
                0x200001e4       0x18 CMakeFiles/tictactoe.dir/C_/notcdrive/jeevan/30daysofjavascript/pico-sdk/src/common/pico_time/time.c.obj
 .data.default_alarm_pool_heap
                0x200001fc       0x10 CMakeFiles/tictactoe.dir/C_/notcdrive/jeevan/30daysofjavascript/pico-sdk/src/common/pico_time/time.c.obj
 *fill*         0x2000020c        0x4 
 .data.aeabi_bits_funcs
                0x20000210       0x10 CMakeFiles/tictactoe.dir/C_/notcdrive/jeevan/30daysofjavascript/pico-sdk/src/rp2_common/pico_bit_ops/bit_ops_aeabi.S.obj
                0x20000210                aeabi_bits_funcs
                0x20000220                aeabi_bits_funcs_end
 .data.aeabi_mem_funcs
                0x20000220       0x10 CMakeFiles/tictactoe.dir/C_/notcdrive/jeevan/30daysofjavascript/pico-sdk/src/rp2_common/pico_mem_ops/mem_ops_aeabi.S.obj
                0x20000220                aeabi_mem_funcs
                0x20000230                aeabi_mem_funcs_end
                0x20000230                        . = ALIGN (0x4)
 *(.after_data.*)
                0x20000230                        . = ALIGN (0x4)
                0x20000230                        PROVIDE (__mutex_array_start = .)
 *(SORT_BY_NAME(.mutex_array.*))
 *(.mutex_array)
 .mutex_array   0x20000230        0x8 CMakeFiles/tictactoe.dir/C_/notcdrive/jeevan/30daysofjavascript/pico-sdk/src/rp2_common/pico_malloc/pico_malloc.c.obj
 .mutex_array   0x20000238        0x8 CMakeFiles/tictactoe.dir/C_/notcdrive/jeevan/30daysofjavascript/pico-sdk/src/rp2_common/pico_stdio/stdio.c.obj
                0x20000240                        PROVIDE (__mutex_array_end = .)
                0x20000240                        . = ALIGN (0x4)
                0x20000240                        PROVIDE (__preinit_array_start = .)
 *(SORT_BY_NAME(.preinit_array.*))
 .preinit_array.00001
                0x20000240        0x4 CMakeFiles/tictactoe.dir/C_/notcdrive/jeevan/30daysofjavascript/pico-sdk/src/rp2_common/pico_mem_ops/mem_ops_aeabi.S.obj
 .preinit_array.00010
                0x20000244        0x4 CMakeFiles/tictactoe.dir/C_/notcdrive/jeevan/30daysofjavascript/pico-sdk/src/rp2_common/pico_bit_ops/bit_ops_aeabi.S.obj
 .preinit_array.00020
                0x20000248        0x4 CMakeFiles/tictactoe.dir/C_/notcdrive/jeevan/30daysofjavascript/pico-sdk/src/rp2_common/pico_double/double_aeabi.S.obj
 .preinit_array.00020
                0x2000024c        0x4 CMakeFiles/tictactoe.dir/C_/notcdrive/jeevan/30daysofjavascript/pico-sdk/src/rp2_common/pico_float/float_aeabi.S.obj
 *(.preinit_array)
                0x20000250                        PROVIDE (__preinit_array_end = .)
                0x20000250                        . = ALIGN (0x4)
                0x20000250                        PROVIDE (__init_array_start = .)
 *(SORT_BY_NAME(.init_array.*))
 *(.init_array)
 .init_array    0x20000250        0x4 c:/notcdr~1/allsof~1/armtoo~1/125863~1.3re/bin/../lib/gcc/arm-none-eabi/12.3.1/thumb/v6-m/nofp/crtbegin.o
                0x20000254                        PROVIDE (__init_array_end = .)
                0x20000254                        . = ALIGN (0x4)
                [!provide]                        PROVIDE (__fini_array_start = .)
 *(SORT_BY_NAME(.fini_array.*))
 *(.fini_array)
                [!provide]                        PROVIDE (__fini_array_end = .)
 *(.jcr)
                0x20000254                        . = ALIGN (0x4)
                0x20000254                        __data_end__ = .
                0x10004d9c                        __etext = LOADADDR (.data)

.tm_clone_table
                0x20000254        0x0 load address 0x10004f30
 .tm_clone_table
                0x20000254        0x0 c:/notcdr~1/allsof~1/armtoo~1/125863~1.3re/bin/../lib/gcc/arm-none-eabi/12.3.1/thumb/v6-m/nofp/crtbegin.o
 .tm_clone_table
                0x20000254        0x0 c:/notcdr~1/allsof~1/armtoo~1/125863~1.3re/bin/../lib/gcc/arm-none-eabi/12.3.1/thumb/v6-m/nofp/crtend.o

.igot.plt       0x20000254        0x0 load address 0x10004f30
 .igot.plt      0x20000254        0x0 c:/notcdr~1/allsof~1/armtoo~1/125863~1.3re/bin/../lib/gcc/arm-none-eabi/12.3.1/thumb/v6-m/nofp/crtbegin.o

.uninitialized_data
                0x20000254        0x0 load address 0x10004f30
                0x20000254                        . = ALIGN (0x4)
 *(.uninitialized_data*)

.scratch_x      0x20040000        0x0 load address 0x10004f30
                0x20040000                        __scratch_x_start__ = .
 *(.scratch_x.*)
                0x20040000                        . = ALIGN (0x4)
                0x20040000                        __scratch_x_end__ = .
                0x10004f30                        __scratch_x_source__ = LOADADDR (.scratch_x)

.scratch_y      0x20041000        0x0 load address 0x10004f30
                0x20041000                        __scratch_y_start__ = .
 *(.scratch_y.*)
                0x20041000                        . = ALIGN (0x4)
                0x20041000                        __scratch_y_end__ = .
                0x10004f30                        __scratch_y_source__ = LOADADDR (.scratch_y)

.bss            0x20000258      0x3c8
                0x20000258                        . = ALIGN (0x4)
                0x20000258                        __bss_start__ = .
 *(SORT_BY_ALIGNMENT(SORT_BY_NAME(.bss*)))
 .bss.configured_freq
                0x20000258       0x28 CMakeFiles/tictactoe.dir/C_/notcdrive/jeevan/30daysofjavascript/pico-sdk/src/rp2_common/hardware_clocks/clocks.c.obj
 .bss.default_alarm_pool_entries
                0x20000280      0x100 CMakeFiles/tictactoe.dir/C_/notcdrive/jeevan/30daysofjavascript/pico-sdk/src/common/pico_time/time.c.obj
 .bss.sd_table  0x20000380      0x100 CMakeFiles/tictactoe.dir/C_/notcdrive/jeevan/30daysofjavascript/pico-sdk/src/rp2_common/pico_double/double_init_rom.c.obj
                0x20000380                sd_table
 .bss.sf_table  0x20000480      0x100 CMakeFiles/tictactoe.dir/C_/notcdrive/jeevan/30daysofjavascript/pico-sdk/src/rp2_common/pico_float/float_init_rom.c.obj
                0x20000480                sf_table
 .bss.alarm_callbacks
                0x20000580       0x10 CMakeFiles/tictactoe.dir/C_/notcdrive/jeevan/30daysofjavascript/pico-sdk/src/rp2_common/hardware_timer/timer.c.obj
 .bss.default_alarm_pool_entry_ids_high
                0x20000590       0x10 CMakeFiles/tictactoe.dir/C_/notcdrive/jeevan/30daysofjavascript/pico-sdk/src/common/pico_time/time.c.obj
 .bss.default_alarm_pool_heap_nodes
                0x200005a0       0x30 CMakeFiles/tictactoe.dir/C_/notcdrive/jeevan/30daysofjavascript/pico-sdk/src/common/pico_time/time.c.obj
 .bss.drivers   0x200005d0        0x4 CMakeFiles/tictactoe.dir/C_/notcdrive/jeevan/30daysofjavascript/pico-sdk/src/rp2_common/pico_stdio/stdio.c.obj
 .bss.filter    0x200005d4        0x4 CMakeFiles/tictactoe.dir/C_/notcdrive/jeevan/30daysofjavascript/pico-sdk/src/rp2_common/pico_stdio/stdio.c.obj
 .bss.lazy_vsnprintf
                0x200005d8        0x4 CMakeFiles/tictactoe.dir/C_/notcdrive/jeevan/30daysofjavascript/pico-sdk/src/rp2_common/pico_printf/printf.c.obj
 .bss.object.0  0x200005dc       0x18 c:/notcdr~1/allsof~1/armtoo~1/125863~1.3re/bin/../lib/gcc/arm-none-eabi/12.3.1/thumb/v6-m/nofp/crtbegin.o
 .bss.pools     0x200005f4       0x10 CMakeFiles/tictactoe.dir/C_/notcdrive/jeevan/30daysofjavascript/pico-sdk/src/common/pico_time/time.c.obj
 .bss.sf_clz_func
                0x20000604        0x4 CMakeFiles/tictactoe.dir/C_/notcdrive/jeevan/30daysofjavascript/pico-sdk/src/rp2_common/pico_double/double_init_rom.c.obj
                0x20000604                sf_clz_func
 .bss.sleep_notifier
                0x20000608        0x4 CMakeFiles/tictactoe.dir/C_/notcdrive/jeevan/30daysofjavascript/pico-sdk/src/common/pico_time/time.c.obj
 .bss.target_hi
                0x2000060c       0x10 CMakeFiles/tictactoe.dir/C_/notcdrive/jeevan/30daysofjavascript/pico-sdk/src/rp2_common/hardware_timer/timer.c.obj
 .bss.claimed   0x2000061c        0x1 CMakeFiles/tictactoe.dir/C_/notcdrive/jeevan/30daysofjavascript/pico-sdk/src/rp2_common/hardware_timer/timer.c.obj
 .bss.irq_hander_chain_free_slot_head
                0x2000061d        0x1 CMakeFiles/tictactoe.dir/C_/notcdrive/jeevan/30daysofjavascript/pico-sdk/src/rp2_common/hardware_irq/irq.c.obj
 .bss.timer_callbacks_pending
                0x2000061e        0x1 CMakeFiles/tictactoe.dir/C_/notcdrive/jeevan/30daysofjavascript/pico-sdk/src/rp2_common/hardware_timer/timer.c.obj
 *(COMMON)
                0x20000620                        . = ALIGN (0x4)
 *fill*         0x2000061f        0x1 
                0x20000620                        __bss_end__ = .

.heap           0x20000620      0x800
                0x20000620                        __end__ = .
                0x20000620                        end = __end__
 *(.heap*)
 .heap          0x20000620      0x800 CMakeFiles/tictactoe.dir/C_/notcdrive/jeevan/30daysofjavascript/pico-sdk/src/rp2_common/pico_standard_link/crt0.S.obj
                0x20000e20                        __HeapLimit = .

.stack1_dummy   0x20040000      0x800
 *(.stack1*)
 .stack1        0x20040000      0x800 CMakeFiles/tictactoe.dir/C_/notcdrive/jeevan/30daysofjavascript/pico-sdk/src/rp2_common/pico_multicore/multicore.c.obj

.stack_dummy    0x20041000      0x800
 *(.stack*)
 .stack         0x20041000      0x800 CMakeFiles/tictactoe.dir/C_/notcdrive/jeevan/30daysofjavascript/pico-sdk/src/rp2_common/pico_standard_link/crt0.S.obj

.flash_end      0x10004f30        0x0
                0x10004f30                        PROVIDE (__flash_binary_end = .)
                0x20040000                        __StackLimit = (ORIGIN (RAM) + LENGTH (RAM))
                0x20041000                        __StackOneTop = (ORIGIN (SCRATCH_X) + LENGTH (SCRATCH_X))
                0x20042000                        __StackTop = (ORIGIN (SCRATCH_Y) + LENGTH (SCRATCH_Y))
                0x20040800                        __StackOneBottom = (__StackOneTop - SIZEOF (.stack1_dummy))
                0x20041800                        __StackBottom = (__StackTop - SIZEOF (.stack_dummy))
                0x20042000                        PROVIDE (__stack = __StackTop)
                0x00000001                        ASSERT ((__StackLimit >= __HeapLimit), region RAM overflowed)
                0x00000001                        ASSERT (((__binary_info_header_end - __logical_binary_start) <= 0x100), Binary info must be in first 256 bytes of the binary)
LOAD CMakeFiles/tictactoe.dir/game.cpp.obj
LOAD CMakeFiles/tictactoe.dir/main.cpp.obj
LOAD CMakeFiles/tictactoe.dir/C_/notcdrive/jeevan/30daysofjavascript/pico-sdk/src/rp2_common/pico_stdlib/stdlib.c.obj
LOAD CMakeFiles/tictactoe.dir/C_/notcdrive/jeevan/30daysofjavascript/pico-sdk/src/rp2_common/hardware_gpio/gpio.c.obj
LOAD CMakeFiles/tictactoe.dir/C_/notcdrive/jeevan/30daysofjavascript/pico-sdk/src/rp2_common/pico_platform/platform.c.obj
LOAD CMakeFiles/tictactoe.dir/C_/notcdrive/jeevan/30daysofjavascript/pico-sdk/src/rp2_common/hardware_claim/claim.c.obj
LOAD CMakeFiles/tictactoe.dir/C_/notcdrive/jeevan/30daysofjavascript/pico-sdk/src/rp2_common/hardware_sync/sync.c.obj
LOAD CMakeFiles/tictactoe.dir/C_/notcdrive/jeevan/30daysofjavascript/pico-sdk/src/rp2_common/hardware_irq/irq.c.obj
LOAD CMakeFiles/tictactoe.dir/C_/notcdrive/jeevan/30daysofjavascript/pico-sdk/src/rp2_common/hardware_irq/irq_handler_chain.S.obj
LOAD CMakeFiles/tictactoe.dir/C_/notcdrive/jeevan/30daysofjavascript/pico-sdk/src/common/pico_sync/sem.c.obj
LOAD CMakeFiles/tictactoe.dir/C_/notcdrive/jeevan/30daysofjavascript/pico-sdk/src/common/pico_sync/lock_core.c.obj
LOAD CMakeFiles/tictactoe.dir/C_/notcdrive/jeevan/30daysofjavascript/pico-sdk/src/common/pico_sync/mutex.c.obj
LOAD CMakeFiles/tictactoe.dir/C_/notcdrive/jeevan/30daysofjavascript/pico-sdk/src/common/pico_sync/critical_section.c.obj
LOAD CMakeFiles/tictactoe.dir/C_/notcdrive/jeevan/30daysofjavascript/pico-sdk/src/common/pico_time/time.c.obj
LOAD CMakeFiles/tictactoe.dir/C_/notcdrive/jeevan/30daysofjavascript/pico-sdk/src/common/pico_time/timeout_helper.c.obj
LOAD CMakeFiles/tictactoe.dir/C_/notcdrive/jeevan/30daysofjavascript/pico-sdk/src/rp2_common/hardware_timer/timer.c.obj
LOAD CMakeFiles/tictactoe.dir/C_/notcdrive/jeevan/30daysofjavascript/pico-sdk/src/common/pico_util/datetime.c.obj
LOAD CMakeFiles/tictactoe.dir/C_/notcdrive/jeevan/30daysofjavascript/pico-sdk/src/common/pico_util/pheap.c.obj
LOAD CMakeFiles/tictactoe.dir/C_/notcdrive/jeevan/30daysofjavascript/pico-sdk/src/common/pico_util/queue.c.obj
LOAD CMakeFiles/tictactoe.dir/C_/notcdrive/jeevan/30daysofjavascript/pico-sdk/src/rp2_common/hardware_uart/uart.c.obj
LOAD CMakeFiles/tictactoe.dir/C_/notcdrive/jeevan/30daysofjavascript/pico-sdk/src/rp2_common/hardware_clocks/clocks.c.obj
LOAD CMakeFiles/tictactoe.dir/C_/notcdrive/jeevan/30daysofjavascript/pico-sdk/src/rp2_common/hardware_pll/pll.c.obj
LOAD CMakeFiles/tictactoe.dir/C_/notcdrive/jeevan/30daysofjavascript/pico-sdk/src/rp2_common/hardware_vreg/vreg.c.obj
LOAD CMakeFiles/tictactoe.dir/C_/notcdrive/jeevan/30daysofjavascript/pico-sdk/src/rp2_common/hardware_watchdog/watchdog.c.obj
LOAD CMakeFiles/tictactoe.dir/C_/notcdrive/jeevan/30daysofjavascript/pico-sdk/src/rp2_common/hardware_xosc/xosc.c.obj
LOAD CMakeFiles/tictactoe.dir/C_/notcdrive/jeevan/30daysofjavascript/pico-sdk/src/rp2_common/hardware_divider/divider.S.obj
LOAD CMakeFiles/tictactoe.dir/C_/notcdrive/jeevan/30daysofjavascript/pico-sdk/src/rp2_common/pico_runtime/runtime.c.obj
LOAD CMakeFiles/tictactoe.dir/C_/notcdrive/jeevan/30daysofjavascript/pico-sdk/src/rp2_common/pico_printf/printf.c.obj
LOAD CMakeFiles/tictactoe.dir/C_/notcdrive/jeevan/30daysofjavascript/pico-sdk/src/rp2_common/pico_bit_ops/bit_ops_aeabi.S.obj
LOAD CMakeFiles/tictactoe.dir/C_/notcdrive/jeevan/30daysofjavascript/pico-sdk/src/rp2_common/pico_bootrom/bootrom.c.obj
LOAD CMakeFiles/tictactoe.dir/C_/notcdrive/jeevan/30daysofjavascript/pico-sdk/src/rp2_common/pico_divider/divider.S.obj
LOAD CMakeFiles/tictactoe.dir/C_/notcdrive/jeevan/30daysofjavascript/pico-sdk/src/rp2_common/pico_double/double_aeabi.S.obj
LOAD CMakeFiles/tictactoe.dir/C_/notcdrive/jeevan/30daysofjavascript/pico-sdk/src/rp2_common/pico_double/double_init_rom.c.obj
LOAD CMakeFiles/tictactoe.dir/C_/notcdrive/jeevan/30daysofjavascript/pico-sdk/src/rp2_common/pico_double/double_math.c.obj
LOAD CMakeFiles/tictactoe.dir/C_/notcdrive/jeevan/30daysofjavascript/pico-sdk/src/rp2_common/pico_double/double_v1_rom_shim.S.obj
LOAD CMakeFiles/tictactoe.dir/C_/notcdrive/jeevan/30daysofjavascript/pico-sdk/src/rp2_common/pico_int64_ops/pico_int64_ops_aeabi.S.obj
LOAD CMakeFiles/tictactoe.dir/C_/notcdrive/jeevan/30daysofjavascript/pico-sdk/src/rp2_common/pico_float/float_aeabi.S.obj
LOAD CMakeFiles/tictactoe.dir/C_/notcdrive/jeevan/30daysofjavascript/pico-sdk/src/rp2_common/pico_float/float_init_rom.c.obj
LOAD CMakeFiles/tictactoe.dir/C_/notcdrive/jeevan/30daysofjavascript/pico-sdk/src/rp2_common/pico_float/float_math.c.obj
LOAD CMakeFiles/tictactoe.dir/C_/notcdrive/jeevan/30daysofjavascript/pico-sdk/src/rp2_common/pico_float/float_v1_rom_shim.S.obj
LOAD CMakeFiles/tictactoe.dir/C_/notcdrive/jeevan/30daysofjavascript/pico-sdk/src/rp2_common/pico_malloc/pico_malloc.c.obj
LOAD CMakeFiles/tictactoe.dir/C_/notcdrive/jeevan/30daysofjavascript/pico-sdk/src/rp2_common/pico_mem_ops/mem_ops_aeabi.S.obj
LOAD CMakeFiles/tictactoe.dir/C_/notcdrive/jeevan/30daysofjavascript/pico-sdk/src/rp2_common/pico_standard_link/crt0.S.obj
LOAD CMakeFiles/tictactoe.dir/C_/notcdrive/jeevan/30daysofjavascript/pico-sdk/src/rp2_common/pico_standard_link/new_delete.cpp.obj
LOAD CMakeFiles/tictactoe.dir/C_/notcdrive/jeevan/30daysofjavascript/pico-sdk/src/rp2_common/pico_standard_link/binary_info.c.obj
LOAD CMakeFiles/tictactoe.dir/C_/notcdrive/jeevan/30daysofjavascript/pico-sdk/src/rp2_common/pico_stdio/stdio.c.obj
LOAD CMakeFiles/tictactoe.dir/C_/notcdrive/jeevan/30daysofjavascript/pico-sdk/src/rp2_common/pico_multicore/multicore.c.obj
LOAD C:\Users\klaus\AppData\Local\Temp\ccYjyazQ.o
LOAD c:/notcdr~1/allsof~1/armtoo~1/125863~1.3re/bin/../lib/gcc/arm-none-eabi/12.3.1/thumb/v6-m/nofp\libstdc++.a
LOAD c:/notcdr~1/allsof~1/armtoo~1/125863~1.3re/bin/../lib/gcc/arm-none-eabi/12.3.1/thumb/v6-m/nofp\libm.a
START GROUP
LOAD c:/notcdr~1/allsof~1/armtoo~1/125863~1.3re/bin/../lib/gcc/arm-none-eabi/12.3.1/thumb/v6-m/nofp\libgcc.a
LOAD c:/notcdr~1/allsof~1/armtoo~1/125863~1.3re/bin/../lib/gcc/arm-none-eabi/12.3.1/thumb/v6-m/nofp\libc.a
END GROUP
START GROUP
LOAD c:/notcdr~1/allsof~1/armtoo~1/125863~1.3re/bin/../lib/gcc/arm-none-eabi/12.3.1/thumb/v6-m/nofp\libgcc.a
LOAD c:/notcdr~1/allsof~1/armtoo~1/125863~1.3re/bin/../lib/gcc/arm-none-eabi/12.3.1/thumb/v6-m/nofp\libc.a
LOAD c:/notcdr~1/allsof~1/armtoo~1/125863~1.3re/bin/../lib/gcc/arm-none-eabi/12.3.1/thumb/v6-m/nofp\libnosys.a
END GROUP
LOAD c:/notcdr~1/allsof~1/armtoo~1/125863~1.3re/bin/../lib/gcc/arm-none-eabi/12.3.1/thumb/v6-m/nofp/crtend.o
LOAD c:/notcdr~1/allsof~1/armtoo~1/125863~1.3re/bin/../lib/gcc/arm-none-eabi/12.3.1/thumb/v6-m/nofp/crtn.o
OUTPUT(tictactoe.elf elf32-littlearm)
LOAD linker stubs

.ARM.attributes
                0x00000000       0x28
 .ARM.attributes
                0x00000000       0x1e c:/notcdr~1/allsof~1/armtoo~1/125863~1.3re/bin/../lib/gcc/arm-none-eabi/12.3.1/thumb/v6-m/nofp/crti.o
 .ARM.attributes
                0x0000001e       0x2c c:/notcdr~1/allsof~1/armtoo~1/125863~1.3re/bin/../lib/gcc/arm-none-eabi/12.3.1/thumb/v6-m/nofp/crtbegin.o
 .ARM.attributes
                0x0000004a       0x2c CMakeFiles/tictactoe.dir/game.cpp.obj
 .ARM.attributes
                0x00000076       0x2c CMakeFiles/tictactoe.dir/main.cpp.obj
 .ARM.attributes
                0x000000a2       0x2c CMakeFiles/tictactoe.dir/C_/notcdrive/jeevan/30daysofjavascript/pico-sdk/src/rp2_common/hardware_gpio/gpio.c.obj
 .ARM.attributes
                0x000000ce       0x2c CMakeFiles/tictactoe.dir/C_/notcdrive/jeevan/30daysofjavascript/pico-sdk/src/rp2_common/pico_platform/platform.c.obj
 .ARM.attributes
                0x000000fa       0x2c CMakeFiles/tictactoe.dir/C_/notcdrive/jeevan/30daysofjavascript/pico-sdk/src/rp2_common/hardware_claim/claim.c.obj
 .ARM.attributes
                0x00000126       0x2c CMakeFiles/tictactoe.dir/C_/notcdrive/jeevan/30daysofjavascript/pico-sdk/src/rp2_common/hardware_sync/sync.c.obj
 .ARM.attributes
                0x00000152       0x2c CMakeFiles/tictactoe.dir/C_/notcdrive/jeevan/30daysofjavascript/pico-sdk/src/rp2_common/hardware_irq/irq.c.obj
 .ARM.attributes
                0x0000017e       0x22 CMakeFiles/tictactoe.dir/C_/notcdrive/jeevan/30daysofjavascript/pico-sdk/src/rp2_common/hardware_irq/irq_handler_chain.S.obj
 .ARM.attributes
                0x000001a0       0x2c CMakeFiles/tictactoe.dir/C_/notcdrive/jeevan/30daysofjavascript/pico-sdk/src/common/pico_sync/lock_core.c.obj
 .ARM.attributes
                0x000001cc       0x2c CMakeFiles/tictactoe.dir/C_/notcdrive/jeevan/30daysofjavascript/pico-sdk/src/common/pico_sync/mutex.c.obj
 .ARM.attributes
                0x000001f8       0x2c CMakeFiles/tictactoe.dir/C_/notcdrive/jeevan/30daysofjavascript/pico-sdk/src/common/pico_time/time.c.obj
 .ARM.attributes
                0x00000224       0x2c CMakeFiles/tictactoe.dir/C_/notcdrive/jeevan/30daysofjavascript/pico-sdk/src/rp2_common/hardware_timer/timer.c.obj
 .ARM.attributes
                0x00000250       0x2c CMakeFiles/tictactoe.dir/C_/notcdrive/jeevan/30daysofjavascript/pico-sdk/src/common/pico_util/pheap.c.obj
 .ARM.attributes
                0x0000027c       0x2c CMakeFiles/tictactoe.dir/C_/notcdrive/jeevan/30daysofjavascript/pico-sdk/src/rp2_common/hardware_clocks/clocks.c.obj
 .ARM.attributes
                0x000002a8       0x2c CMakeFiles/tictactoe.dir/C_/notcdrive/jeevan/30daysofjavascript/pico-sdk/src/rp2_common/hardware_pll/pll.c.obj
 .ARM.attributes
                0x000002d4       0x2c CMakeFiles/tictactoe.dir/C_/notcdrive/jeevan/30daysofjavascript/pico-sdk/src/rp2_common/hardware_watchdog/watchdog.c.obj
 .ARM.attributes
                0x00000300       0x2c CMakeFiles/tictactoe.dir/C_/notcdrive/jeevan/30daysofjavascript/pico-sdk/src/rp2_common/hardware_xosc/xosc.c.obj
 .ARM.attributes
                0x0000032c       0x2c CMakeFiles/tictactoe.dir/C_/notcdrive/jeevan/30daysofjavascript/pico-sdk/src/rp2_common/pico_runtime/runtime.c.obj
 .ARM.attributes
                0x00000358       0x2c CMakeFiles/tictactoe.dir/C_/notcdrive/jeevan/30daysofjavascript/pico-sdk/src/rp2_common/pico_printf/printf.c.obj
 .ARM.attributes
                0x00000384       0x22 CMakeFiles/tictactoe.dir/C_/notcdrive/jeevan/30daysofjavascript/pico-sdk/src/rp2_common/pico_bit_ops/bit_ops_aeabi.S.obj
 .ARM.attributes
                0x000003a6       0x2c CMakeFiles/tictactoe.dir/C_/notcdrive/jeevan/30daysofjavascript/pico-sdk/src/rp2_common/pico_bootrom/bootrom.c.obj
 .ARM.attributes
                0x000003d2       0x22 CMakeFiles/tictactoe.dir/C_/notcdrive/jeevan/30daysofjavascript/pico-sdk/src/rp2_common/pico_divider/divider.S.obj
 .ARM.attributes
                0x000003f4       0x22 CMakeFiles/tictactoe.dir/C_/notcdrive/jeevan/30daysofjavascript/pico-sdk/src/rp2_common/pico_double/double_aeabi.S.obj
 .ARM.attributes
                0x00000416       0x2c CMakeFiles/tictactoe.dir/C_/notcdrive/jeevan/30daysofjavascript/pico-sdk/src/rp2_common/pico_double/double_init_rom.c.obj
 .ARM.attributes
                0x00000442       0x22 CMakeFiles/tictactoe.dir/C_/notcdrive/jeevan/30daysofjavascript/pico-sdk/src/rp2_common/pico_double/double_v1_rom_shim.S.obj
 .ARM.attributes
                0x00000464       0x22 CMakeFiles/tictactoe.dir/C_/notcdrive/jeevan/30daysofjavascript/pico-sdk/src/rp2_common/pico_int64_ops/pico_int64_ops_aeabi.S.obj
 .ARM.attributes
                0x00000486       0x22 CMakeFiles/tictactoe.dir/C_/notcdrive/jeevan/30daysofjavascript/pico-sdk/src/rp2_common/pico_float/float_aeabi.S.obj
 .ARM.attributes
                0x000004a8       0x2c CMakeFiles/tictactoe.dir/C_/notcdrive/jeevan/30daysofjavascript/pico-sdk/src/rp2_common/pico_float/float_init_rom.c.obj
 .ARM.attributes
                0x000004d4       0x22 CMakeFiles/tictactoe.dir/C_/notcdrive/jeevan/30daysofjavascript/pico-sdk/src/rp2_common/pico_float/float_v1_rom_shim.S.obj
 .ARM.attributes
                0x000004f6       0x2c CMakeFiles/tictactoe.dir/C_/notcdrive/jeevan/30daysofjavascript/pico-sdk/src/rp2_common/pico_malloc/pico_malloc.c.obj
 .ARM.attributes
                0x00000522       0x22 CMakeFiles/tictactoe.dir/C_/notcdrive/jeevan/30daysofjavascript/pico-sdk/src/rp2_common/pico_mem_ops/mem_ops_aeabi.S.obj
 .ARM.attributes
                0x00000544       0x22 CMakeFiles/tictactoe.dir/C_/notcdrive/jeevan/30daysofjavascript/pico-sdk/src/rp2_common/pico_standard_link/crt0.S.obj
 .ARM.attributes
                0x00000566       0x2c CMakeFiles/tictactoe.dir/C_/notcdrive/jeevan/30daysofjavascript/pico-sdk/src/rp2_common/pico_standard_link/binary_info.c.obj
 .ARM.attributes
                0x00000592       0x2c CMakeFiles/tictactoe.dir/C_/notcdrive/jeevan/30daysofjavascript/pico-sdk/src/rp2_common/pico_stdio/stdio.c.obj
 .ARM.attributes
                0x000005be       0x2c CMakeFiles/tictactoe.dir/C_/notcdrive/jeevan/30daysofjavascript/pico-sdk/src/rp2_common/pico_multicore/multicore.c.obj
 .ARM.attributes
                0x000005ea       0x22 C:\Users\klaus\AppData\Local\Temp\ccYjyazQ.o
 .ARM.attributes
                0x0000060c       0x1e c:/notcdr~1/allsof~1/armtoo~1/125863~1.3re/bin/../lib/gcc/arm-none-eabi/12.3.1/thumb/v6-m/nofp\libgcc.a(_dvmd_tls.o)
 .ARM.attributes
                0x0000062a       0x2c c:/notcdr~1/allsof~1/armtoo~1/125863~1.3re/bin/../lib/gcc/arm-none-eabi/12.3.1/thumb/v6-m/nofp\libc.a(libc_a-strlen-stub.o)
 .ARM.attributes
                0x00000656       0x2c c:/notcdr~1/allsof~1/armtoo~1/125863~1.3re/bin/../lib/gcc/arm-none-eabi/12.3.1/thumb/v6-m/nofp/crtend.o

.comment        0x00000000       0x45
 .comment       0x00000000       0x45 CMakeFiles/tictactoe.dir/game.cpp.obj
                                 0x46 (size before relaxing)
 .comment       0x00000045       0x46 CMakeFiles/tictactoe.dir/main.cpp.obj
 .comment       0x00000045       0x46 CMakeFiles/tictactoe.dir/C_/notcdrive/jeevan/30daysofjavascript/pico-sdk/src/rp2_common/hardware_gpio/gpio.c.obj
 .comment       0x00000045       0x46 CMakeFiles/tictactoe.dir/C_/notcdrive/jeevan/30daysofjavascript/pico-sdk/src/rp2_common/pico_platform/platform.c.obj
 .comment       0x00000045       0x46 CMakeFiles/tictactoe.dir/C_/notcdrive/jeevan/30daysofjavascript/pico-sdk/src/rp2_common/hardware_claim/claim.c.obj
 .comment       0x00000045       0x46 CMakeFiles/tictactoe.dir/C_/notcdrive/jeevan/30daysofjavascript/pico-sdk/src/rp2_common/hardware_sync/sync.c.obj
 .comment       0x00000045       0x46 CMakeFiles/tictactoe.dir/C_/notcdrive/jeevan/30daysofjavascript/pico-sdk/src/rp2_common/hardware_irq/irq.c.obj
 .comment       0x00000045       0x46 CMakeFiles/tictactoe.dir/C_/notcdrive/jeevan/30daysofjavascript/pico-sdk/src/common/pico_sync/lock_core.c.obj
 .comment       0x00000045       0x46 CMakeFiles/tictactoe.dir/C_/notcdrive/jeevan/30daysofjavascript/pico-sdk/src/common/pico_sync/mutex.c.obj
 .comment       0x00000045       0x46 CMakeFiles/tictactoe.dir/C_/notcdrive/jeevan/30daysofjavascript/pico-sdk/src/common/pico_time/time.c.obj
 .comment       0x00000045       0x46 CMakeFiles/tictactoe.dir/C_/notcdrive/jeevan/30daysofjavascript/pico-sdk/src/rp2_common/hardware_timer/timer.c.obj
 .comment       0x00000045       0x46 CMakeFiles/tictactoe.dir/C_/notcdrive/jeevan/30daysofjavascript/pico-sdk/src/common/pico_util/pheap.c.obj
 .comment       0x00000045       0x46 CMakeFiles/tictactoe.dir/C_/notcdrive/jeevan/30daysofjavascript/pico-sdk/src/rp2_common/hardware_clocks/clocks.c.obj
 .comment       0x00000045       0x46 CMakeFiles/tictactoe.dir/C_/notcdrive/jeevan/30daysofjavascript/pico-sdk/src/rp2_common/hardware_pll/pll.c.obj
 .comment       0x00000045       0x46 CMakeFiles/tictactoe.dir/C_/notcdrive/jeevan/30daysofjavascript/pico-sdk/src/rp2_common/hardware_watchdog/watchdog.c.obj
 .comment       0x00000045       0x46 CMakeFiles/tictactoe.dir/C_/notcdrive/jeevan/30daysofjavascript/pico-sdk/src/rp2_common/hardware_xosc/xosc.c.obj
 .comment       0x00000045       0x46 CMakeFiles/tictactoe.dir/C_/notcdrive/jeevan/30daysofjavascript/pico-sdk/src/rp2_common/pico_runtime/runtime.c.obj
 .comment       0x00000045       0x46 CMakeFiles/tictactoe.dir/C_/notcdrive/jeevan/30daysofjavascript/pico-sdk/src/rp2_common/pico_printf/printf.c.obj
 .comment       0x00000045       0x46 CMakeFiles/tictactoe.dir/C_/notcdrive/jeevan/30daysofjavascript/pico-sdk/src/rp2_common/pico_bootrom/bootrom.c.obj
 .comment       0x00000045       0x46 CMakeFiles/tictactoe.dir/C_/notcdrive/jeevan/30daysofjavascript/pico-sdk/src/rp2_common/pico_double/double_init_rom.c.obj
 .comment       0x00000045       0x46 CMakeFiles/tictactoe.dir/C_/notcdrive/jeevan/30daysofjavascript/pico-sdk/src/rp2_common/pico_float/float_init_rom.c.obj
 .comment       0x00000045       0x46 CMakeFiles/tictactoe.dir/C_/notcdrive/jeevan/30daysofjavascript/pico-sdk/src/rp2_common/pico_malloc/pico_malloc.c.obj
 .comment       0x00000045       0x46 CMakeFiles/tictactoe.dir/C_/notcdrive/jeevan/30daysofjavascript/pico-sdk/src/rp2_common/pico_standard_link/binary_info.c.obj
 .comment       0x00000045       0x46 CMakeFiles/tictactoe.dir/C_/notcdrive/jeevan/30daysofjavascript/pico-sdk/src/rp2_common/pico_stdio/stdio.c.obj
 .comment       0x00000045       0x46 CMakeFiles/tictactoe.dir/C_/notcdrive/jeevan/30daysofjavascript/pico-sdk/src/rp2_common/pico_multicore/multicore.c.obj

.debug_line_str
                0x00000000       0xc9
 .debug_line_str
                0x00000000       0xc9 c:/notcdr~1/allsof~1/armtoo~1/125863~1.3re/bin/../lib/gcc/arm-none-eabi/12.3.1/thumb/v6-m/nofp\libgcc.a(_dvmd_tls.o)

.debug_frame    0x00000000       0x28
 .debug_frame   0x00000000       0x28 c:/notcdr~1/allsof~1/armtoo~1/125863~1.3re/bin/../lib/gcc/arm-none-eabi/12.3.1/thumb/v6-m/nofp\libc.a(libc_a-strlen-stub.o)
